******************************************************************************
                  TI ARM Linker PC v20.2.7                     
******************************************************************************
>> Linked Mon Nov 25 13:37:34 2024

OUTPUT FILE NAME:   <EXAM.out>
ENTRY POINT SYMBOL: "_c_int00_noargs"  address: 00000849


MEMORY CONFIGURATION

         name            origin    length      used     unused   attr    fill
----------------------  --------  ---------  --------  --------  ----  --------
  FLASH                 00000000   00040000  00000c12  0003f3ee  R  X
  SRAM                  20000000   00008000  0000046c  00007b94  RW X


SEGMENT ALLOCATION MAP

run origin  load origin   length   init length attrs members
----------  ----------- ---------- ----------- ----- -------
00000000    00000000    00000c14   00000c14    r-x
  00000000    00000000    0000026c   0000026c    r-- .intvecs
  0000026c    0000026c    00000746   00000746    r-x .text
  000009b4    000009b4    0000024c   0000024c    r-- .const
  00000c00    00000c00    00000014   00000014    r-- .cinit
20000000    20000000    00000470   00000000    rw-
  20000000    20000000    0000026c   00000000    rw- .vtable
  20000270    20000270    00000200   00000000    rw- .stack


SECTION ALLOCATION MAP

 output                                  attributes/
section   page    origin      length       input sections
--------  ----  ----------  ----------   ----------------
.intvecs   0    00000000    0000026c     
                  00000000    0000026c     tm4c123gh6pm_startup_ccs.obj (.intvecs)

.text      0    0000026c    00000746     
                  0000026c    0000016c     driverlib.lib : gpio.obj (.text:GPIOPadConfigSet)
                  000003d8    00000120     main.obj (.text)
                  000004f8    000000f4     driverlib.lib : sysctl.obj (.text:SysCtlClockSet)
                  000005ec    00000068                   : interrupt.obj (.text:IntEnable)
                  00000654    00000060                   : timer.obj (.text:TimerConfigure)
                  000006b4    00000058                   : gpio.obj (.text:GPIOIntTypeSet)
                  0000070c    0000004c                   : timer.obj (.text:_TimerIntNumberGet)
                  00000758    00000044                   : gpio.obj (.text:_GPIOIntNumberGet)
                  0000079c    00000044     rtsv7M4_T_le_v4SPD16_eabi.lib : autoinit.c.obj (.text:__TI_auto_init_nobinit_nopinit:__TI_auto_init_nobinit_nopinit)
                  000007e0    00000034     driverlib.lib : interrupt.obj (.text:IntRegister)
                  00000814    00000034                   : sysctl.obj (.text:SysCtlPeripheralEnable)
                  00000848    00000034     rtsv7M4_T_le_v4SPD16_eabi.lib : boot_cortex_m.c.obj (.text:_c_int00_noargs:_c_int00_noargs)
                  0000087c    0000002c     driverlib.lib : gpio.obj (.text:GPIODirModeSet)
                  000008a8    0000001c     rtsv7M4_T_le_v4SPD16_eabi.lib : copy_zero_init.c.obj (.text:decompress:ZI:__TI_zero_init_nomemset:__TI_zero_init_nomemset)
                  000008c4    0000001a     driverlib.lib : gpio.obj (.text:GPIOPinTypeGPIOOutput)
                  000008de    00000018                   : gpio.obj (.text:GPIOIntRegister)
                  000008f6    00000018                   : timer.obj (.text:TimerIntRegister)
                  0000090e    00000016                   : gpio.obj (.text:GPIOPinTypeGPIOInput)
                  00000924    00000012                   : timer.obj (.text:TimerLoadSet)
                  00000936    00000010                   : interrupt.obj (.text:IntMasterEnable)
                  00000946    0000000e                   : gpio.obj (.text:GPIOIntStatus)
                  00000954    0000000e                   : timer.obj (.text:TimerEnable)
                  00000962    0000000c                   : cpu.obj (.text:CPUcpsie)
                  0000096e    0000000c                   : gpio.obj (.text:GPIOIntEnable)
                  0000097a    0000000c     tm4c123gh6pm_startup_ccs.obj (.text)
                  00000986    00000008     driverlib.lib : timer.obj (.text:TimerIntEnable)
                  0000098e    00000006                   : gpio.obj (.text:GPIOIntClear)
                  00000994    00000006                   : gpio.obj (.text:GPIOPinRead)
                  0000099a    00000006                   : gpio.obj (.text:GPIOPinWrite)
                  000009a0    00000006                   : sysctl.obj (.text:SysCtlDelay)
                  000009a6    00000004                   : timer.obj (.text:TimerIntClear)
                  000009aa    00000004     rtsv7M4_T_le_v4SPD16_eabi.lib : pre_init.c.obj (.text:_system_pre_init)
                  000009ae    00000004                                   : exit.c.obj (.text:abort:abort)

.const     0    000009b4    0000024c     
                  000009b4    000000d8     driverlib.lib : gpio.obj (.const:g_ppui32GPIOIntMapSnowflake)
                  00000a8c    000000c0                   : gpio.obj (.const:g_ppui32GPIOIntMapBlizzard)
                  00000b4c    00000060                   : timer.obj (.const:g_ppui32TimerIntMap)
                  00000bac    00000040                   : timer.obj (.const:g_ppui32TimerIntMapSnowflake)
                  00000bec    00000014                   : interrupt.obj (.const:g_pui32EnRegs)

.cinit     0    00000c00    00000014     
                  00000c00    00000008     (.cinit..vtable.load) [load image, compression = zero_init]
                  00000c08    00000004     (__TI_handler_table)
                  00000c0c    00000008     (__TI_cinit_table)

.init_array 
*          0    00000000    00000000     UNINITIALIZED

.vtable    0    20000000    0000026c     UNINITIALIZED
                  20000000    0000026c     driverlib.lib : interrupt.obj (.vtable)

.stack     0    20000270    00000200     UNINITIALIZED
                  20000270    00000004     rtsv7M4_T_le_v4SPD16_eabi.lib : boot_cortex_m.c.obj (.stack)
                  20000274    000001fc     --HOLE--

__llvm_prf_cnts 
*          0    20000000    00000000     UNINITIALIZED

MODULE SUMMARY

       Module                         code   ro data   rw data
       ------                         ----   -------   -------
    .\
       tm4c123gh6pm_startup_ccs.obj   12     620       0      
       main.obj                       288    0         0      
    +--+------------------------------+------+---------+---------+
       Total:                         300    620       0      
                                                              
    C:/ti/TivaWare_C_Series-2.2.0.295/driverlib/ccs/Debug/driverlib.lib
       gpio.obj                       680    408       0      
       interrupt.obj                  172    20        620    
       timer.obj                      240    160       0      
       sysctl.obj                     302    0         0      
       cpu.obj                        12     0         0      
    +--+------------------------------+------+---------+---------+
       Total:                         1406   588       620    
                                                              
    C:\ti\ccs1281\ccs\tools\compiler\ti-cgt-arm_20.2.7.LTS\lib\rtsv7M4_T_le_v4SPD16_eabi.lib
       autoinit.c.obj                 68     0         0      
       boot_cortex_m.c.obj            52     0         0      
       copy_zero_init.c.obj           28     0         0      
       exit.c.obj                     4      0         0      
       pre_init.c.obj                 4      0         0      
    +--+------------------------------+------+---------+---------+
       Total:                         156    0         0      
                                                              
       Stack:                         0      0         512    
       Linker Generated:              0      20        0      
    +--+------------------------------+------+---------+---------+
       Grand Total:                   1862   1228      1132   


LINKER GENERATED COPY TABLES

__TI_cinit_table @ 00000c0c records: 1, size/record: 8, table size: 8
	.vtable: load addr=00000c00, load size=00000008 bytes, run addr=20000000, run size=0000026c bytes, compression=zero_init


LINKER GENERATED HANDLER TABLE

__TI_handler_table @ 00000c08 records: 1, size/record: 4, table size: 4
	index: 0, handler: __TI_zero_init


GLOBAL SYMBOLS: SORTED ALPHABETICALLY BY Name 

address   name                          
-------   ----                          
000009af  C$$EXIT                       
00000963  CPUcpsie                      
0000087d  GPIODirModeSet                
0000098f  GPIOIntClear                  
0000096f  GPIOIntEnable                 
000008df  GPIOIntRegister               
00000947  GPIOIntStatus                 
000006b5  GPIOIntTypeSet                
0000026d  GPIOPadConfigSet              
00000995  GPIOPinRead                   
0000090f  GPIOPinTypeGPIOInput          
000008c5  GPIOPinTypeGPIOOutput         
0000099b  GPIOPinWrite                  
000005ed  IntEnable                     
00000937  IntMasterEnable               
000007e1  IntRegister                   
0000097b  ResetISR                      
00000431  SetInitSettings               
000004f9  SysCtlClockSet                
000009a1  SysCtlDelay                   
00000815  SysCtlPeripheralEnable        
00000655  TimerConfigure                
00000955  TimerEnable                   
000009a7  TimerIntClear                 
00000987  TimerIntEnable                
000008f7  TimerIntRegister              
00000925  TimerLoadSet                  
20000470  __STACK_END                   
00000200  __STACK_SIZE                  
20000470  __STACK_TOP                   
00000c0c  __TI_CINIT_Base               
00000c14  __TI_CINIT_Limit              
00000c08  __TI_Handler_Table_Base       
00000c0c  __TI_Handler_Table_Limit      
0000079d  __TI_auto_init_nobinit_nopinit
ffffffff  __TI_pprof_out_hndl           
ffffffff  __TI_prof_data_size           
ffffffff  __TI_prof_data_start          
00000000  __TI_static_base__            
000008a9  __TI_zero_init_nomemset       
ffffffff  __binit__                     
ffffffff  __c_args__                    
UNDEFED   __mpu_init                    
20000270  __stack                       
20000000  __start___llvm_prf_cnts       
20000000  __stop___llvm_prf_cnts        
00000849  _c_int00_noargs               
UNDEFED   _system_post_cinit            
000009ab  _system_pre_init              
000009af  abort                         
ffffffff  binit                         
20000000  g_pfnRAMVectors               
00000000  g_pfnVectors                  
000004c3  main                          
000003d9  pfkesme                       
00000411  timerkesme                    


GLOBAL SYMBOLS: SORTED BY Symbol Address 

address   name                          
-------   ----                          
00000000  __TI_static_base__            
00000000  g_pfnVectors                  
00000200  __STACK_SIZE                  
0000026d  GPIOPadConfigSet              
000003d9  pfkesme                       
00000411  timerkesme                    
00000431  SetInitSettings               
000004c3  main                          
000004f9  SysCtlClockSet                
000005ed  IntEnable                     
00000655  TimerConfigure                
000006b5  GPIOIntTypeSet                
0000079d  __TI_auto_init_nobinit_nopinit
000007e1  IntRegister                   
00000815  SysCtlPeripheralEnable        
00000849  _c_int00_noargs               
0000087d  GPIODirModeSet                
000008a9  __TI_zero_init_nomemset       
000008c5  GPIOPinTypeGPIOOutput         
000008df  GPIOIntRegister               
000008f7  TimerIntRegister              
0000090f  GPIOPinTypeGPIOInput          
00000925  TimerLoadSet                  
00000937  IntMasterEnable               
00000947  GPIOIntStatus                 
00000955  TimerEnable                   
00000963  CPUcpsie                      
0000096f  GPIOIntEnable                 
0000097b  ResetISR                      
00000987  TimerIntEnable                
0000098f  GPIOIntClear                  
00000995  GPIOPinRead                   
0000099b  GPIOPinWrite                  
000009a1  SysCtlDelay                   
000009a7  TimerIntClear                 
000009ab  _system_pre_init              
000009af  C$$EXIT                       
000009af  abort                         
00000c08  __TI_Handler_Table_Base       
00000c0c  __TI_CINIT_Base               
00000c0c  __TI_Handler_Table_Limit      
00000c14  __TI_CINIT_Limit              
20000000  __start___llvm_prf_cnts       
20000000  __stop___llvm_prf_cnts        
20000000  g_pfnRAMVectors               
20000270  __stack                       
20000470  __STACK_END                   
20000470  __STACK_TOP                   
ffffffff  __TI_pprof_out_hndl           
ffffffff  __TI_prof_data_size           
ffffffff  __TI_prof_data_start          
ffffffff  __binit__                     
ffffffff  __c_args__                    
ffffffff  binit                         
UNDEFED   __mpu_init                    
UNDEFED   _system_post_cinit            

[56 symbols]
