******************************************************************************
                  TI ARM Linker PC v20.2.7                     
******************************************************************************
>> Linked Tue Nov 12 20:31:00 2024

OUTPUT FILE NAME:   <Week7_0 - Timer.out>
ENTRY POINT SYMBOL: "_c_int00_noinit_noargs"  address: 00000795


MEMORY CONFIGURATION

         name            origin    length      used     unused   attr    fill
----------------------  --------  ---------  --------  --------  ----  --------
  FLASH                 00000000   00040000  00000896  0003f76a  R  X
  SRAM                  20000000   00008000  00000200  00007e00  RW X


SEGMENT ALLOCATION MAP

run origin  load origin   length   init length attrs members
----------  ----------- ---------- ----------- ----- -------
00000000    00000000    00000898   00000898    r-x
  00000000    00000000    0000026c   0000026c    r-- .intvecs
  0000026c    0000026c    000005be   000005be    r-x .text
  0000082c    0000082c    0000006c   0000006c    r-- .const
20000000    20000000    00000200   00000000    rw-
  20000000    20000000    00000200   00000000    rw- .stack


SECTION ALLOCATION MAP

 output                                  attributes/
section   page    origin      length       input sections
--------  ----  ----------  ----------   ----------------
.intvecs   0    00000000    0000026c     
                  00000000    0000026c     tm4c123gh6pm_startup_ccs.obj (.intvecs)

.text      0    0000026c    000005be     
                  0000026c    0000016c     driverlib.lib : gpio.obj (.text:GPIOPadConfigSet)
                  000003d8    00000118                   : sysctl.obj (.text:SysCtlClockGet)
                  000004f0    000000f4                   : sysctl.obj (.text:SysCtlClockSet)
                  000005e4    000000b8     main.obj (.text)
                  0000069c    00000060     driverlib.lib : timer.obj (.text:TimerConfigure)
                  000006fc    00000038                   : sysctl.obj (.text:SysCtlPeripheralReady)
                  00000734    00000034                   : sysctl.obj (.text:SysCtlPeripheralEnable)
                  00000768    0000002c                   : gpio.obj (.text:GPIODirModeSet)
                  00000794    0000002c     rtsv7M4_T_le_v4SPD16_eabi.lib : boot_cortex_m.c.obj (.text:_c_int00_noinit_noargs:_c_int00_noinit_noargs)
                  000007c0    0000001a     driverlib.lib : gpio.obj (.text:GPIOPinTypeGPIOOutput)
                  000007da    00000012                   : timer.obj (.text:TimerLoadSet)
                  000007ec    0000000e                   : timer.obj (.text:TimerEnable)
                  000007fa    0000000c     tm4c123gh6pm_startup_ccs.obj (.text)
                  00000806    0000000a     driverlib.lib : timer.obj (.text:TimerValueGet)
                  00000810    00000006                   : gpio.obj (.text:GPIOPinRead)
                  00000816    00000006                   : gpio.obj (.text:GPIOPinWrite)
                  0000081c    00000006                   : sysctl.obj (.text:SysCtlDelay)
                  00000822    00000004     rtsv7M4_T_le_v4SPD16_eabi.lib : pre_init.c.obj (.text:_system_pre_init)
                  00000826    00000004                                   : exit.c.obj (.text:abort:abort)

.const     0    0000082c    0000006c     
                  0000082c    0000006c     driverlib.lib : sysctl.obj (.const:g_pui32Xtals)

.cinit     0    00000000    00000000     UNINITIALIZED

.init_array 
*          0    00000000    00000000     UNINITIALIZED

.stack     0    20000000    00000200     UNINITIALIZED
                  20000000    00000004     rtsv7M4_T_le_v4SPD16_eabi.lib : boot_cortex_m.c.obj (.stack)
                  20000004    000001fc     --HOLE--

__llvm_prf_cnts 
*          0    20000000    00000000     UNINITIALIZED

MODULE SUMMARY

       Module                         code   ro data   rw data
       ------                         ----   -------   -------
    .\
       tm4c123gh6pm_startup_ccs.obj   12     620       0      
       main.obj                       184    0         0      
    +--+------------------------------+------+---------+---------+
       Total:                         196    620       0      
                                                              
    C:/ti/TivaWare_C_Series-2.2.0.295/driverlib/ccs/Debug/driverlib.lib
       sysctl.obj                     638    108       0      
       gpio.obj                       446    0         0      
       timer.obj                      138    0         0      
    +--+------------------------------+------+---------+---------+
       Total:                         1222   108       0      
                                                              
    C:\ti\ccs1281\ccs\tools\compiler\ti-cgt-arm_20.2.7.LTS\lib\rtsv7M4_T_le_v4SPD16_eabi.lib
       boot_cortex_m.c.obj            44     0         0      
       exit.c.obj                     4      0         0      
       pre_init.c.obj                 4      0         0      
    +--+------------------------------+------+---------+---------+
       Total:                         52     0         0      
                                                              
       Stack:                         0      0         512    
    +--+------------------------------+------+---------+---------+
       Grand Total:                   1470   728       512    


GLOBAL SYMBOLS: SORTED ALPHABETICALLY BY Name 

address   name                   
-------   ----                   
00000827  C$$EXIT                
00000769  GPIODirModeSet         
0000026d  GPIOPadConfigSet       
00000811  GPIOPinRead            
000007c1  GPIOPinTypeGPIOOutput  
00000817  GPIOPinWrite           
000007fb  ResetISR               
0000062f  SetInitSettings        
000003d9  SysCtlClockGet         
000004f1  SysCtlClockSet         
0000081d  SysCtlDelay            
00000735  SysCtlPeripheralEnable 
000006fd  SysCtlPeripheralReady  
0000069d  TimerConfigure         
000007ed  TimerEnable            
000007db  TimerLoadSet           
00000807  TimerValueGet          
20000200  __STACK_END            
00000200  __STACK_SIZE           
20000200  __STACK_TOP            
ffffffff  __TI_pprof_out_hndl    
ffffffff  __TI_prof_data_size    
ffffffff  __TI_prof_data_start   
00000000  __TI_static_base__     
ffffffff  __binit__              
ffffffff  __c_args__             
UNDEFED   __mpu_init             
20000000  __stack                
20000000  __start___llvm_prf_cnts
20000000  __stop___llvm_prf_cnts 
00000795  _c_int00_noinit_noargs 
00000823  _system_pre_init       
00000827  abort                  
ffffffff  binit                  
00000000  g_pfnVectors           
000005e5  main                   


GLOBAL SYMBOLS: SORTED BY Symbol Address 

address   name                   
-------   ----                   
00000000  __TI_static_base__     
00000000  g_pfnVectors           
00000200  __STACK_SIZE           
0000026d  GPIOPadConfigSet       
000003d9  SysCtlClockGet         
000004f1  SysCtlClockSet         
000005e5  main                   
0000062f  SetInitSettings        
0000069d  TimerConfigure         
000006fd  SysCtlPeripheralReady  
00000735  SysCtlPeripheralEnable 
00000769  GPIODirModeSet         
00000795  _c_int00_noinit_noargs 
000007c1  GPIOPinTypeGPIOOutput  
000007db  TimerLoadSet           
000007ed  TimerEnable            
000007fb  ResetISR               
00000807  TimerValueGet          
00000811  GPIOPinRead            
00000817  GPIOPinWrite           
0000081d  SysCtlDelay            
00000823  _system_pre_init       
00000827  C$$EXIT                
00000827  abort                  
20000000  __stack                
20000000  __start___llvm_prf_cnts
20000000  __stop___llvm_prf_cnts 
20000200  __STACK_END            
20000200  __STACK_TOP            
ffffffff  __TI_pprof_out_hndl    
ffffffff  __TI_prof_data_size    
ffffffff  __TI_prof_data_start   
ffffffff  __binit__              
ffffffff  __c_args__             
ffffffff  binit                  
UNDEFED   __mpu_init             

[36 symbols]
