******************************************************************************
                  TI ARM Linker PC v20.2.7                     
******************************************************************************
>> Linked Thu Oct 24 18:29:49 2024

OUTPUT FILE NAME:   <Week6_2 - LCD_Buttons.out>
ENTRY POINT SYMBOL: "_c_int00_noinit_noargs"  address: 00000671


MEMORY CONFIGURATION

         name            origin    length      used     unused   attr    fill
----------------------  --------  ---------  --------  --------  ----  --------
  FLASH                 00000000   00040000  000006c0  0003f940  R  X
  SRAM                  20000000   00008000  00000200  00007e00  RW X


SEGMENT ALLOCATION MAP

run origin  load origin   length   init length attrs members
----------  ----------- ---------- ----------- ----- -------
00000000    00000000    000006c0   000006c0    r-x
  00000000    00000000    0000026c   0000026c    r-- .intvecs
  0000026c    0000026c    00000444   00000444    r-x .text
  000006b0    000006b0    00000010   00000010    r-- .const
20000000    20000000    00000200   00000000    rw-
  20000000    20000000    00000200   00000000    rw- .stack


SECTION ALLOCATION MAP

 output                                  attributes/
section   page    origin      length       input sections
--------  ----  ----------  ----------   ----------------
.intvecs   0    00000000    0000026c     
                  00000000    0000026c     tm4c123gh6pm_startup_ccs.obj (.intvecs)

.text      0    0000026c    00000444     
                  0000026c    0000027c     funcs.obj (.text)
                  000004e8    0000009c     rtsv7M4_T_le_v4SPD16_eabi.lib : memcpy_t2.asm.obj (.text)
                  00000584    0000007e     main.obj (.text)
                  00000602    0000006c     utils.obj (.text)
                  0000066e    00000002     --HOLE-- [fill = 0]
                  00000670    0000002c     rtsv7M4_T_le_v4SPD16_eabi.lib : boot_cortex_m.c.obj (.text:_c_int00_noinit_noargs:_c_int00_noinit_noargs)
                  0000069c    0000000c     tm4c123gh6pm_startup_ccs.obj (.text)
                  000006a8    00000004     rtsv7M4_T_le_v4SPD16_eabi.lib : pre_init.c.obj (.text:_system_pre_init)
                  000006ac    00000004                                   : exit.c.obj (.text:abort:abort)

.const     0    000006b0    00000010     
                  000006b0    00000010     funcs.obj (.const:$P$T0$1)

.cinit     0    00000000    00000000     UNINITIALIZED

.init_array 
*          0    00000000    00000000     UNINITIALIZED

.stack     0    20000000    00000200     UNINITIALIZED
                  20000000    00000004     rtsv7M4_T_le_v4SPD16_eabi.lib : boot_cortex_m.c.obj (.stack)
                  20000004    000001fc     --HOLE--

__llvm_prf_cnts 
*          0    20000000    00000000     UNINITIALIZED

MODULE SUMMARY

       Module                         code   ro data   rw data
       ------                         ----   -------   -------
    .\
       funcs.obj                      636    16        0      
       tm4c123gh6pm_startup_ccs.obj   12     620       0      
       main.obj                       126    0         0      
       utils.obj                      108    0         0      
    +--+------------------------------+------+---------+---------+
       Total:                         882    636       0      
                                                              
    C:\ti\ccs1281\ccs\tools\compiler\ti-cgt-arm_20.2.7.LTS\lib\rtsv7M4_T_le_v4SPD16_eabi.lib
       memcpy_t2.asm.obj              156    0         0      
       boot_cortex_m.c.obj            44     0         0      
       exit.c.obj                     4      0         0      
       pre_init.c.obj                 4      0         0      
    +--+------------------------------+------+---------+---------+
       Total:                         208    0         0      
                                                              
       Stack:                         0      0         512    
    +--+------------------------------+------+---------+---------+
       Grand Total:                   1090   636       512    


GLOBAL SYMBOLS: SORTED ALPHABETICALLY BY Name 

address   name                   
-------   ----                   
000006ad  C$$EXIT                
000002ed  LCD_Cmd                
000002bb  LCD_Data               
0000026d  LCD_init               
0000069d  ResetISR               
20000200  __STACK_END            
00000200  __STACK_SIZE           
20000200  __STACK_TOP            
ffffffff  __TI_pprof_out_hndl    
ffffffff  __TI_prof_data_size    
ffffffff  __TI_prof_data_start   
00000000  __TI_static_base__     
000004e9  __aeabi_memcpy         
000004e9  __aeabi_memcpy4        
000004e9  __aeabi_memcpy8        
ffffffff  __binit__              
ffffffff  __c_args__             
UNDEFED   __mpu_init             
20000000  __stack                
20000000  __start___llvm_prf_cnts
20000000  __stop___llvm_prf_cnts 
00000671  _c_int00_noinit_noargs 
000006a9  _system_pre_init       
000006ad  abort                  
ffffffff  binit                  
00000627  delay_ms               
00000603  delay_us               
00000000  g_pfnVectors           
0000037d  getKey                 
0000032b  keypad_init            
000005a5  main                   
000004e9  memcpy                 
0000064d  strlen                 


GLOBAL SYMBOLS: SORTED BY Symbol Address 

address   name                   
-------   ----                   
00000000  __TI_static_base__     
00000000  g_pfnVectors           
00000200  __STACK_SIZE           
0000026d  LCD_init               
000002bb  LCD_Data               
000002ed  LCD_Cmd                
0000032b  keypad_init            
0000037d  getKey                 
000004e9  __aeabi_memcpy         
000004e9  __aeabi_memcpy4        
000004e9  __aeabi_memcpy8        
000004e9  memcpy                 
000005a5  main                   
00000603  delay_us               
00000627  delay_ms               
0000064d  strlen                 
00000671  _c_int00_noinit_noargs 
0000069d  ResetISR               
000006a9  _system_pre_init       
000006ad  C$$EXIT                
000006ad  abort                  
20000000  __stack                
20000000  __start___llvm_prf_cnts
20000000  __stop___llvm_prf_cnts 
20000200  __STACK_END            
20000200  __STACK_TOP            
ffffffff  __TI_pprof_out_hndl    
ffffffff  __TI_prof_data_size    
ffffffff  __TI_prof_data_start   
ffffffff  __binit__              
ffffffff  __c_args__             
ffffffff  binit                  
UNDEFED   __mpu_init             

[33 symbols]
