******************************************************************************
                  TI ARM Linker PC v20.2.7                     
******************************************************************************
>> Linked Mon Dec  9 12:44:56 2024

OUTPUT FILE NAME:   <Week9_0 - ADC.out>
ENTRY POINT SYMBOL: "_c_int00_noargs"  address: 00000c49


MEMORY CONFIGURATION

         name            origin    length      used     unused   attr    fill
----------------------  --------  ---------  --------  --------  ----  --------
  FLASH                 00000000   00040000  00000e3c  0003f1c4  R  X
  SRAM                  20000000   00008000  00000470  00007b90  RW X


SEGMENT ALLOCATION MAP

run origin  load origin   length   init length attrs members
----------  ----------- ---------- ----------- ----- -------
00000000    00000000    00000e3c   00000e3c    r-x
  00000000    00000000    0000026c   0000026c    r-- .intvecs
  0000026c    0000026c    00000b2c   00000b2c    r-x .text
  00000d98    00000d98    00000080   00000080    r-- .const
  00000e18    00000e18    00000024   00000024    r-- .cinit
20000000    20000000    00000470   00000000    rw-
  20000000    20000000    0000026c   00000000    rw- .vtable
  2000026c    2000026c    00000004   00000000    rw- .bss
  20000270    20000270    00000200   00000000    rw- .stack


SECTION ALLOCATION MAP

 output                                  attributes/
section   page    origin      length       input sections
--------  ----  ----------  ----------   ----------------
.intvecs   0    00000000    0000026c     
                  00000000    0000026c     tm4c123gh6pm_startup_ccs.obj (.intvecs)

.text      0    0000026c    00000b2c     
                  0000026c    0000016c     driverlib.lib : gpio.obj (.text:GPIOPadConfigSet)
                  000003d8    00000164     lcd_funcs.obj (.text)
                  0000053c    00000158     main.obj (.text)
                  00000694    00000118     driverlib.lib : sysctl.obj (.text:SysCtlClockGet)
                  000007ac    000000f4                   : sysctl.obj (.text:SysCtlClockSet)
                  000008a0    0000007a                   : adc.obj (.text:ADCSequenceStepConfigure)
                  0000091a    0000007a     rtsv7M4_T_le_v4SPD16_eabi.lib : memset_t2.asm.obj (.text)
                  00000994    00000068     driverlib.lib : interrupt.obj (.text:IntEnable)
                  000009fc    00000060                   : timer.obj (.text:TimerConfigure)
                  00000a5c    0000005c                   : timer.obj (.text:TimerControlTrigger)
                  00000ab8    00000050                   : adc.obj (.text:_ADCIntNumberGet)
                  00000b08    0000004e                   : adc.obj (.text:ADCSequenceConfigure)
                  00000b56    00000002     --HOLE-- [fill = 0]
                  00000b58    00000044     rtsv7M4_T_le_v4SPD16_eabi.lib : autoinit.c.obj (.text:__TI_auto_init_nobinit_nopinit:__TI_auto_init_nobinit_nopinit)
                  00000b9c    00000044     utils.obj (.text)
                  00000be0    00000034     driverlib.lib : interrupt.obj (.text:IntRegister)
                  00000c14    00000034                   : sysctl.obj (.text:SysCtlPeripheralEnable)
                  00000c48    00000034     rtsv7M4_T_le_v4SPD16_eabi.lib : boot_cortex_m.c.obj (.text:_c_int00_noargs:_c_int00_noargs)
                  00000c7c    0000002c     driverlib.lib : gpio.obj (.text:GPIODirModeSet)
                  00000ca8    0000001e                   : adc.obj (.text:ADCSequenceDataGet)
                  00000cc6    0000001c     rtsv7M4_T_le_v4SPD16_eabi.lib : copy_zero_init.c.obj (.text:decompress:ZI:__TI_zero_init_nomemset:__TI_zero_init_nomemset)
                  00000ce2    0000001a     driverlib.lib : gpio.obj (.text:GPIOPinTypeGPIOOutput)
                  00000cfc    00000018                   : adc.obj (.text:ADCIntRegister)
                  00000d14    00000012                   : timer.obj (.text:TimerLoadSet)
                  00000d26    00000010                   : adc.obj (.text:ADCIntEnable)
                  00000d36    00000010                   : interrupt.obj (.text:IntMasterEnable)
                  00000d46    0000000e                   : adc.obj (.text:ADCSequenceEnable)
                  00000d54    0000000e                   : timer.obj (.text:TimerEnable)
                  00000d62    0000000c                   : cpu.obj (.text:CPUcpsie)
                  00000d6e    0000000c     tm4c123gh6pm_startup_ccs.obj (.text)
                  00000d7a    0000000a     driverlib.lib : adc.obj (.text:ADCIntClear)
                  00000d84    00000006                   : gpio.obj (.text:GPIOPinWrite)
                  00000d8a    00000006                   : sysctl.obj (.text:SysCtlDelay)
                  00000d90    00000004     rtsv7M4_T_le_v4SPD16_eabi.lib : pre_init.c.obj (.text:_system_pre_init)
                  00000d94    00000004                                   : exit.c.obj (.text:abort:abort)

.const     0    00000d98    00000080     
                  00000d98    0000006c     driverlib.lib : sysctl.obj (.const:g_pui32Xtals)
                  00000e04    00000014                   : interrupt.obj (.const:g_pui32EnRegs)

.cinit     0    00000e18    00000024     
                  00000e18    00000008     (.cinit..bss.load) [load image, compression = zero_init]
                  00000e20    00000008     (.cinit..vtable.load) [load image, compression = zero_init]
                  00000e28    00000004     (__TI_handler_table)
                  00000e2c    00000010     (__TI_cinit_table)

.init_array 
*          0    00000000    00000000     UNINITIALIZED

.vtable    0    20000000    0000026c     UNINITIALIZED
                  20000000    0000026c     driverlib.lib : interrupt.obj (.vtable)

.bss       0    2000026c    00000004     UNINITIALIZED
                  2000026c    00000004     (.common:value)

.stack     0    20000270    00000200     UNINITIALIZED
                  20000270    00000004     rtsv7M4_T_le_v4SPD16_eabi.lib : boot_cortex_m.c.obj (.stack)
                  20000274    000001fc     --HOLE--

__llvm_prf_cnts 
*          0    20000000    00000000     UNINITIALIZED

MODULE SUMMARY

       Module                         code   ro data   rw data
       ------                         ----   -------   -------
    .\
       tm4c123gh6pm_startup_ccs.obj   12     620       0      
       lcd_funcs.obj                  356    0         0      
       main.obj                       344    0         4      
       utils.obj                      68     0         0      
    +--+------------------------------+------+---------+---------+
       Total:                         780    620       4      
                                                              
    C:/ti/TivaWare_C_Series-2.2.0.295/driverlib/ccs/Debug/driverlib.lib
       interrupt.obj                  172    20        620    
       sysctl.obj                     582    108       0      
       gpio.obj                       440    0         0      
       adc.obj                        374    0         0      
       timer.obj                      220    0         0      
       cpu.obj                        12     0         0      
    +--+------------------------------+------+---------+---------+
       Total:                         1800   128       620    
                                                              
    C:\ti\ccs1281\ccs\tools\compiler\ti-cgt-arm_20.2.7.LTS\lib\rtsv7M4_T_le_v4SPD16_eabi.lib
       memset_t2.asm.obj              122    0         0      
       autoinit.c.obj                 68     0         0      
       boot_cortex_m.c.obj            52     0         0      
       copy_zero_init.c.obj           28     0         0      
       exit.c.obj                     4      0         0      
       pre_init.c.obj                 4      0         0      
    +--+------------------------------+------+---------+---------+
       Total:                         278    0         0      
                                                              
       Stack:                         0      0         512    
       Linker Generated:              0      36        0      
    +--+------------------------------+------+---------+---------+
       Grand Total:                   2858   784       1136   


LINKER GENERATED COPY TABLES

__TI_cinit_table @ 00000e2c records: 2, size/record: 8, table size: 16
	.bss: load addr=00000e18, load size=00000008 bytes, run addr=2000026c, run size=00000004 bytes, compression=zero_init
	.vtable: load addr=00000e20, load size=00000008 bytes, run addr=20000000, run size=0000026c bytes, compression=zero_init


LINKER GENERATED HANDLER TABLE

__TI_handler_table @ 00000e28 records: 1, size/record: 4, table size: 4
	index: 0, handler: __TI_zero_init


GLOBAL SYMBOLS: SORTED ALPHABETICALLY BY Name 

address   name                          
-------   ----                          
0000053d  ADC0Handler                   
00000d7b  ADCIntClear                   
00000d27  ADCIntEnable                  
00000cfd  ADCIntRegister                
00000b09  ADCSequenceConfigure          
00000ca9  ADCSequenceDataGet            
00000d47  ADCSequenceEnable             
000008a1  ADCSequenceStepConfigure      
00000d95  C$$EXIT                       
00000d63  CPUcpsie                      
0000055b  DisplayADCValueOnLCD          
00000c7d  GPIODirModeSet                
0000026d  GPIOPadConfigSet              
00000ce3  GPIOPinTypeGPIOOutput         
00000d85  GPIOPinWrite                  
00000995  IntEnable                     
00000d37  IntMasterEnable               
00000be1  IntRegister                   
00000497  LCD_Cmd                       
00000447  LCD_Data                      
000004f7  LCD_GoTo                      
000003f5  LCD_Init                      
000003d9  LCD_Print                     
00000d6f  ResetISR                      
000005df  SetInitSettings               
00000695  SysCtlClockGet                
000007ad  SysCtlClockSet                
00000d8b  SysCtlDelay                   
00000c15  SysCtlPeripheralEnable        
000009fd  TimerConfigure                
00000a5d  TimerControlTrigger           
00000d55  TimerEnable                   
00000d15  TimerLoadSet                  
20000470  __STACK_END                   
00000200  __STACK_SIZE                  
20000470  __STACK_TOP                   
00000e2c  __TI_CINIT_Base               
00000e3c  __TI_CINIT_Limit              
00000e28  __TI_Handler_Table_Base       
00000e2c  __TI_Handler_Table_Limit      
00000b59  __TI_auto_init_nobinit_nopinit
ffffffff  __TI_pprof_out_hndl           
ffffffff  __TI_prof_data_size           
ffffffff  __TI_prof_data_start          
00000000  __TI_static_base__            
00000cc7  __TI_zero_init_nomemset       
0000091b  __aeabi_memclr                
0000091b  __aeabi_memclr4               
0000091b  __aeabi_memclr8               
0000091d  __aeabi_memset                
0000091d  __aeabi_memset4               
0000091d  __aeabi_memset8               
ffffffff  __binit__                     
ffffffff  __c_args__                    
UNDEFED   __mpu_init                    
20000270  __stack                       
20000000  __start___llvm_prf_cnts       
20000000  __stop___llvm_prf_cnts        
00000c49  _c_int00_noargs               
UNDEFED   _system_post_cinit            
00000d91  _system_pre_init              
00000d95  abort                         
ffffffff  binit                         
00000bbb  delay_ms                      
00000b9d  delay_us                      
20000000  g_pfnRAMVectors               
00000000  g_pfnVectors                  
000005d7  main                          
00000923  memset                        
2000026c  value                         


GLOBAL SYMBOLS: SORTED BY Symbol Address 

address   name                          
-------   ----                          
00000000  __TI_static_base__            
00000000  g_pfnVectors                  
00000200  __STACK_SIZE                  
0000026d  GPIOPadConfigSet              
000003d9  LCD_Print                     
000003f5  LCD_Init                      
00000447  LCD_Data                      
00000497  LCD_Cmd                       
000004f7  LCD_GoTo                      
0000053d  ADC0Handler                   
0000055b  DisplayADCValueOnLCD          
000005d7  main                          
000005df  SetInitSettings               
00000695  SysCtlClockGet                
000007ad  SysCtlClockSet                
000008a1  ADCSequenceStepConfigure      
0000091b  __aeabi_memclr                
0000091b  __aeabi_memclr4               
0000091b  __aeabi_memclr8               
0000091d  __aeabi_memset                
0000091d  __aeabi_memset4               
0000091d  __aeabi_memset8               
00000923  memset                        
00000995  IntEnable                     
000009fd  TimerConfigure                
00000a5d  TimerControlTrigger           
00000b09  ADCSequenceConfigure          
00000b59  __TI_auto_init_nobinit_nopinit
00000b9d  delay_us                      
00000bbb  delay_ms                      
00000be1  IntRegister                   
00000c15  SysCtlPeripheralEnable        
00000c49  _c_int00_noargs               
00000c7d  GPIODirModeSet                
00000ca9  ADCSequenceDataGet            
00000cc7  __TI_zero_init_nomemset       
00000ce3  GPIOPinTypeGPIOOutput         
00000cfd  ADCIntRegister                
00000d15  TimerLoadSet                  
00000d27  ADCIntEnable                  
00000d37  IntMasterEnable               
00000d47  ADCSequenceEnable             
00000d55  TimerEnable                   
00000d63  CPUcpsie                      
00000d6f  ResetISR                      
00000d7b  ADCIntClear                   
00000d85  GPIOPinWrite                  
00000d8b  SysCtlDelay                   
00000d91  _system_pre_init              
00000d95  C$$EXIT                       
00000d95  abort                         
00000e28  __TI_Handler_Table_Base       
00000e2c  __TI_CINIT_Base               
00000e2c  __TI_Handler_Table_Limit      
00000e3c  __TI_CINIT_Limit              
20000000  __start___llvm_prf_cnts       
20000000  __stop___llvm_prf_cnts        
20000000  g_pfnRAMVectors               
2000026c  value                         
20000270  __stack                       
20000470  __STACK_END                   
20000470  __STACK_TOP                   
ffffffff  __TI_pprof_out_hndl           
ffffffff  __TI_prof_data_size           
ffffffff  __TI_prof_data_start          
ffffffff  __binit__                     
ffffffff  __c_args__                    
ffffffff  binit                         
UNDEFED   __mpu_init                    
UNDEFED   _system_post_cinit            

[70 symbols]
