******************************************************************************
                  TI ARM Linker PC v20.2.7                     
******************************************************************************
>> Linked Tue Nov 12 20:39:07 2024

OUTPUT FILE NAME:   <Week7_2 - TimerInt1.out>
ENTRY POINT SYMBOL: "_c_int00_noargs"  address: 000008bd


MEMORY CONFIGURATION

         name            origin    length      used     unused   attr    fill
----------------------  --------  ---------  --------  --------  ----  --------
  FLASH                 00000000   00040000  00000aca  0003f536  R  X
  SRAM                  20000000   00008000  00000474  00007b8c  RW X


SEGMENT ALLOCATION MAP

run origin  load origin   length   init length attrs members
----------  ----------- ---------- ----------- ----- -------
00000000    00000000    00000ad0   00000ad0    r-x
  00000000    00000000    0000026c   0000026c    r-- .intvecs
  0000026c    0000026c    0000077a   0000077a    r-x .text
  000009e8    000009e8    000000b4   000000b4    r-- .const
  00000aa0    00000aa0    00000030   00000030    r-- .cinit
20000000    20000000    00000478   00000000    rw-
  20000000    20000000    0000026c   00000000    rw- .vtable
  20000270    20000270    00000200   00000000    rw- .stack
  20000470    20000470    00000008   00000000    rw- .data


SECTION ALLOCATION MAP

 output                                  attributes/
section   page    origin      length       input sections
--------  ----  ----------  ----------   ----------------
.intvecs   0    00000000    0000026c     
                  00000000    0000026c     tm4c123gh6pm_startup_ccs.obj (.intvecs)

.text      0    0000026c    0000077a     
                  0000026c    0000016c     driverlib.lib : gpio.obj (.text:GPIOPadConfigSet)
                  000003d8    0000012c     main.obj (.text)
                  00000504    000000f4     driverlib.lib : sysctl.obj (.text:SysCtlClockSet)
                  000005f8    0000009c     rtsv7M4_T_le_v4SPD16_eabi.lib : memcpy_t2.asm.obj (.text)
                  00000694    00000068     driverlib.lib : interrupt.obj (.text:IntEnable)
                  000006fc    00000068     rtsv7M4_T_le_v4SPD16_eabi.lib : copy_decompress_lzss.c.obj (.text:decompress:lzss:__TI_decompress_lzss)
                  00000764    00000060     driverlib.lib : timer.obj (.text:TimerConfigure)
                  000007c4    0000004c                   : timer.obj (.text:_TimerIntNumberGet)
                  00000810    00000044     rtsv7M4_T_le_v4SPD16_eabi.lib : autoinit.c.obj (.text:__TI_auto_init_nobinit_nopinit:__TI_auto_init_nobinit_nopinit)
                  00000854    00000034     driverlib.lib : interrupt.obj (.text:IntRegister)
                  00000888    00000034                   : sysctl.obj (.text:SysCtlPeripheralEnable)
                  000008bc    00000034     rtsv7M4_T_le_v4SPD16_eabi.lib : boot_cortex_m.c.obj (.text:_c_int00_noargs:_c_int00_noargs)
                  000008f0    0000002c     driverlib.lib : gpio.obj (.text:GPIODirModeSet)
                  0000091c    0000001c     rtsv7M4_T_le_v4SPD16_eabi.lib : copy_zero_init.c.obj (.text:decompress:ZI:__TI_zero_init_nomemset:__TI_zero_init_nomemset)
                  00000938    0000001a     driverlib.lib : gpio.obj (.text:GPIOPinTypeGPIOOutput)
                  00000952    00000018                   : timer.obj (.text:TimerIntRegister)
                  0000096a    00000012                   : timer.obj (.text:TimerLoadSet)
                  0000097c    00000010                   : interrupt.obj (.text:IntMasterEnable)
                  0000098c    0000000e                   : timer.obj (.text:TimerEnable)
                  0000099a    0000000e     rtsv7M4_T_le_v4SPD16_eabi.lib : copy_decompress_none.c.obj (.text:decompress:none:__TI_decompress_none)
                  000009a8    0000000c     driverlib.lib : cpu.obj (.text:CPUcpsie)
                  000009b4    0000000c     tm4c123gh6pm_startup_ccs.obj (.text)
                  000009c0    00000008     driverlib.lib : timer.obj (.text:TimerIntEnable)
                  000009c8    00000006                   : gpio.obj (.text:GPIOPinRead)
                  000009ce    00000006                   : gpio.obj (.text:GPIOPinWrite)
                  000009d4    00000006                   : sysctl.obj (.text:SysCtlDelay)
                  000009da    00000004                   : timer.obj (.text:TimerIntClear)
                  000009de    00000004     rtsv7M4_T_le_v4SPD16_eabi.lib : pre_init.c.obj (.text:_system_pre_init)
                  000009e2    00000004                                   : exit.c.obj (.text:abort:abort)

.const     0    000009e8    000000b4     
                  000009e8    00000060     driverlib.lib : timer.obj (.const:g_ppui32TimerIntMap)
                  00000a48    00000040                   : timer.obj (.const:g_ppui32TimerIntMapSnowflake)
                  00000a88    00000014                   : interrupt.obj (.const:g_pui32EnRegs)

.cinit     0    00000aa0    00000030     
                  00000aa0    0000000c     (__TI_handler_table)
                  00000aac    00000004     --HOLE-- [fill = 0]
                  00000ab0    00000008     (.cinit..vtable.load) [load image, compression = zero_init]
                  00000ab8    00000007     (.cinit..data.load) [load image, compression = lzss]
                  00000abf    00000001     --HOLE-- [fill = 0]
                  00000ac0    00000010     (__TI_cinit_table)

.init_array 
*          0    00000000    00000000     UNINITIALIZED

.vtable    0    20000000    0000026c     UNINITIALIZED
                  20000000    0000026c     driverlib.lib : interrupt.obj (.vtable)

.data      0    20000470    00000008     UNINITIALIZED
                  20000470    00000008     main.obj (.data)

.stack     0    20000270    00000200     UNINITIALIZED
                  20000270    00000004     rtsv7M4_T_le_v4SPD16_eabi.lib : boot_cortex_m.c.obj (.stack)
                  20000274    000001fc     --HOLE--

__llvm_prf_cnts 
*          0    20000000    00000000     UNINITIALIZED

MODULE SUMMARY

       Module                         code   ro data   rw data
       ------                         ----   -------   -------
    .\
       tm4c123gh6pm_startup_ccs.obj   12     620       0      
       main.obj                       300    0         8      
    +--+------------------------------+------+---------+---------+
       Total:                         312    620       8      
                                                              
    C:/ti/TivaWare_C_Series-2.2.0.295/driverlib/ccs/Debug/driverlib.lib
       interrupt.obj                  172    20        620    
       gpio.obj                       446    0         0      
       timer.obj                      240    160       0      
       sysctl.obj                     302    0         0      
       cpu.obj                        12     0         0      
    +--+------------------------------+------+---------+---------+
       Total:                         1172   180       620    
                                                              
    C:\ti\ccs1281\ccs\tools\compiler\ti-cgt-arm_20.2.7.LTS\lib\rtsv7M4_T_le_v4SPD16_eabi.lib
       memcpy_t2.asm.obj              156    0         0      
       copy_decompress_lzss.c.obj     104    0         0      
       autoinit.c.obj                 68     0         0      
       boot_cortex_m.c.obj            52     0         0      
       copy_zero_init.c.obj           28     0         0      
       copy_decompress_none.c.obj     14     0         0      
       exit.c.obj                     4      0         0      
       pre_init.c.obj                 4      0         0      
    +--+------------------------------+------+---------+---------+
       Total:                         430    0         0      
                                                              
       Stack:                         0      0         512    
       Linker Generated:              0      43        0      
    +--+------------------------------+------+---------+---------+
       Grand Total:                   1914   843       1140   


LINKER GENERATED COPY TABLES

__TI_cinit_table @ 00000ac0 records: 2, size/record: 8, table size: 16
	.vtable: load addr=00000ab0, load size=00000008 bytes, run addr=20000000, run size=0000026c bytes, compression=zero_init
	.data: load addr=00000ab8, load size=00000007 bytes, run addr=20000470, run size=00000008 bytes, compression=lzss


LINKER GENERATED HANDLER TABLE

__TI_handler_table @ 00000aa0 records: 3, size/record: 4, table size: 12
	index: 0, handler: __TI_zero_init
	index: 1, handler: __TI_decompress_lzss
	index: 2, handler: __TI_decompress_none


GLOBAL SYMBOLS: SORTED ALPHABETICALLY BY Name 

address   name                          
-------   ----                          
000009e3  C$$EXIT                       
000009a9  CPUcpsie                      
000008f1  GPIODirModeSet                
0000026d  GPIOPadConfigSet              
000009c9  GPIOPinRead                   
00000939  GPIOPinTypeGPIOOutput         
000009cf  GPIOPinWrite                  
00000695  IntEnable                     
0000097d  IntMasterEnable               
00000855  IntRegister                   
000009b5  ResetISR                      
000003e1  SetInitSettings               
00000505  SysCtlClockSet                
000009d5  SysCtlDelay                   
00000889  SysCtlPeripheralEnable        
00000765  TimerConfigure                
0000098d  TimerEnable                   
000009db  TimerIntClear                 
000009c1  TimerIntEnable                
00000953  TimerIntRegister              
0000096b  TimerLoadSet                  
20000470  __STACK_END                   
00000200  __STACK_SIZE                  
20000470  __STACK_TOP                   
00000ac0  __TI_CINIT_Base               
00000ad0  __TI_CINIT_Limit              
00000aa0  __TI_Handler_Table_Base       
00000aac  __TI_Handler_Table_Limit      
00000811  __TI_auto_init_nobinit_nopinit
000006fd  __TI_decompress_lzss          
0000099b  __TI_decompress_none          
ffffffff  __TI_pprof_out_hndl           
ffffffff  __TI_prof_data_size           
ffffffff  __TI_prof_data_start          
00000000  __TI_static_base__            
0000091d  __TI_zero_init_nomemset       
000005f9  __aeabi_memcpy                
000005f9  __aeabi_memcpy4               
000005f9  __aeabi_memcpy8               
ffffffff  __binit__                     
ffffffff  __c_args__                    
UNDEFED   __mpu_init                    
20000270  __stack                       
20000000  __start___llvm_prf_cnts       
20000000  __stop___llvm_prf_cnts        
000008bd  _c_int00_noargs               
UNDEFED   _system_post_cinit            
000009df  _system_pre_init              
000009e3  abort                         
ffffffff  binit                         
20000000  g_pfnRAMVectors               
00000000  g_pfnVectors                  
000003d9  main                          
000005f9  memcpy                        
20000470  timerACounter                 
0000046b  timerAInterruptHandler        
20000474  timerBCounter                 
000004a3  timerBInterruptHandler        


GLOBAL SYMBOLS: SORTED BY Symbol Address 

address   name                          
-------   ----                          
00000000  __TI_static_base__            
00000000  g_pfnVectors                  
00000200  __STACK_SIZE                  
0000026d  GPIOPadConfigSet              
000003d9  main                          
000003e1  SetInitSettings               
0000046b  timerAInterruptHandler        
000004a3  timerBInterruptHandler        
00000505  SysCtlClockSet                
000005f9  __aeabi_memcpy                
000005f9  __aeabi_memcpy4               
000005f9  __aeabi_memcpy8               
000005f9  memcpy                        
00000695  IntEnable                     
000006fd  __TI_decompress_lzss          
00000765  TimerConfigure                
00000811  __TI_auto_init_nobinit_nopinit
00000855  IntRegister                   
00000889  SysCtlPeripheralEnable        
000008bd  _c_int00_noargs               
000008f1  GPIODirModeSet                
0000091d  __TI_zero_init_nomemset       
00000939  GPIOPinTypeGPIOOutput         
00000953  TimerIntRegister              
0000096b  TimerLoadSet                  
0000097d  IntMasterEnable               
0000098d  TimerEnable                   
0000099b  __TI_decompress_none          
000009a9  CPUcpsie                      
000009b5  ResetISR                      
000009c1  TimerIntEnable                
000009c9  GPIOPinRead                   
000009cf  GPIOPinWrite                  
000009d5  SysCtlDelay                   
000009db  TimerIntClear                 
000009df  _system_pre_init              
000009e3  C$$EXIT                       
000009e3  abort                         
00000aa0  __TI_Handler_Table_Base       
00000aac  __TI_Handler_Table_Limit      
00000ac0  __TI_CINIT_Base               
00000ad0  __TI_CINIT_Limit              
20000000  __start___llvm_prf_cnts       
20000000  __stop___llvm_prf_cnts        
20000000  g_pfnRAMVectors               
20000270  __stack                       
20000470  __STACK_END                   
20000470  __STACK_TOP                   
20000470  timerACounter                 
20000474  timerBCounter                 
ffffffff  __TI_pprof_out_hndl           
ffffffff  __TI_prof_data_size           
ffffffff  __TI_prof_data_start          
ffffffff  __binit__                     
ffffffff  __c_args__                    
ffffffff  binit                         
UNDEFED   __mpu_init                    
UNDEFED   _system_post_cinit            

[58 symbols]
