******************************************************************************
                  TI ARM Linker PC v20.2.7                     
******************************************************************************
>> Linked Mon Oct 14 19:17:12 2024

OUTPUT FILE NAME:   <button_blue_led.out>
ENTRY POINT SYMBOL: "_c_int00_noinit_noargs"  address: 000005c9


MEMORY CONFIGURATION

         name            origin    length      used     unused   attr    fill
----------------------  --------  ---------  --------  --------  ----  --------
  FLASH                 00000000   00040000  0000064a  0003f9b6  R  X
  SRAM                  20000000   00008000  00000200  00007e00  RW X


SEGMENT ALLOCATION MAP

run origin  load origin   length   init length attrs members
----------  ----------- ---------- ----------- ----- -------
00000000    00000000    0000064a   0000064a    r-x
  00000000    00000000    0000026c   0000026c    r-- .intvecs
  0000026c    0000026c    000003de   000003de    r-x .text
20000000    20000000    00000200   00000000    rw-
  20000000    20000000    00000200   00000000    rw- .stack


SECTION ALLOCATION MAP

 output                                  attributes/
section   page    origin      length       input sections
--------  ----  ----------  ----------   ----------------
.intvecs   0    00000000    0000026c     
                  00000000    0000026c     tm4c123gh6pm_startup_ccs.obj (.intvecs)

.text      0    0000026c    000003de     
                  0000026c    0000016c     driverlib.lib : gpio.obj (.text:GPIOPadConfigSet)
                  000003d8    000000f4                   : sysctl.obj (.text:SysCtlClockSet)
                  000004cc    0000009c     main.obj (.text)
                  00000568    00000034     driverlib.lib : sysctl.obj (.text:SysCtlPeripheralEnable)
                  0000059c    0000002c                   : gpio.obj (.text:GPIODirModeSet)
                  000005c8    0000002c     rtsv7M4_T_le_v4SPD16_eabi.lib : boot_cortex_m.c.obj (.text:_c_int00_noinit_noargs:_c_int00_noinit_noargs)
                  000005f4    0000001a     driverlib.lib : gpio.obj (.text:GPIOPinTypeGPIOOutput)
                  0000060e    00000016                   : gpio.obj (.text:GPIOPinTypeGPIOInput)
                  00000624    0000000c     tm4c123gh6pm_startup_ccs.obj (.text)
                  00000630    00000006     driverlib.lib : gpio.obj (.text:GPIOPinRead)
                  00000636    00000006                   : gpio.obj (.text:GPIOPinWrite)
                  0000063c    00000006                   : sysctl.obj (.text:SysCtlDelay)
                  00000642    00000004     rtsv7M4_T_le_v4SPD16_eabi.lib : pre_init.c.obj (.text:_system_pre_init)
                  00000646    00000004                                   : exit.c.obj (.text:abort:abort)

.cinit     0    00000000    00000000     UNINITIALIZED

.init_array 
*          0    00000000    00000000     UNINITIALIZED

.stack     0    20000000    00000200     UNINITIALIZED
                  20000000    00000004     rtsv7M4_T_le_v4SPD16_eabi.lib : boot_cortex_m.c.obj (.stack)
                  20000004    000001fc     --HOLE--

__llvm_prf_cnts 
*          0    20000000    00000000     UNINITIALIZED

MODULE SUMMARY

       Module                         code   ro data   rw data
       ------                         ----   -------   -------
    .\
       tm4c123gh6pm_startup_ccs.obj   12     620       0      
       main.obj                       156    0         0      
    +--+------------------------------+------+---------+---------+
       Total:                         168    620       0      
                                                              
    C:/ti/TivaWare_C_Series-2.2.0.295/driverlib/ccs/Debug/driverlib.lib
       gpio.obj                       468    0         0      
       sysctl.obj                     302    0         0      
    +--+------------------------------+------+---------+---------+
       Total:                         770    0         0      
                                                              
    C:\ti\ccs1281\ccs\tools\compiler\ti-cgt-arm_20.2.7.LTS\lib\rtsv7M4_T_le_v4SPD16_eabi.lib
       boot_cortex_m.c.obj            44     0         0      
       exit.c.obj                     4      0         0      
       pre_init.c.obj                 4      0         0      
    +--+------------------------------+------+---------+---------+
       Total:                         52     0         0      
                                                              
       Stack:                         0      0         512    
    +--+------------------------------+------+---------+---------+
       Grand Total:                   990    620       512    


GLOBAL SYMBOLS: SORTED ALPHABETICALLY BY Name 

address   name                   
-------   ----                   
00000647  C$$EXIT                
0000059d  GPIODirModeSet         
0000026d  GPIOPadConfigSet       
00000631  GPIOPinRead            
0000060f  GPIOPinTypeGPIOInput   
000005f5  GPIOPinTypeGPIOOutput  
00000637  GPIOPinWrite           
00000625  ResetISR               
000003d9  SysCtlClockSet         
0000063d  SysCtlDelay            
00000569  SysCtlPeripheralEnable 
20000200  __STACK_END            
00000200  __STACK_SIZE           
20000200  __STACK_TOP            
ffffffff  __TI_pprof_out_hndl    
ffffffff  __TI_prof_data_size    
ffffffff  __TI_prof_data_start   
00000000  __TI_static_base__     
ffffffff  __binit__              
ffffffff  __c_args__             
UNDEFED   __mpu_init             
20000000  __stack                
20000000  __start___llvm_prf_cnts
20000000  __stop___llvm_prf_cnts 
000005c9  _c_int00_noinit_noargs 
00000643  _system_pre_init       
00000647  abort                  
ffffffff  binit                  
00000000  g_pfnVectors           
000004cd  init                   
000004cf  main                   


GLOBAL SYMBOLS: SORTED BY Symbol Address 

address   name                   
-------   ----                   
00000000  __TI_static_base__     
00000000  g_pfnVectors           
00000200  __STACK_SIZE           
0000026d  GPIOPadConfigSet       
000003d9  SysCtlClockSet         
000004cd  init                   
000004cf  main                   
00000569  SysCtlPeripheralEnable 
0000059d  GPIODirModeSet         
000005c9  _c_int00_noinit_noargs 
000005f5  GPIOPinTypeGPIOOutput  
0000060f  GPIOPinTypeGPIOInput   
00000625  ResetISR               
00000631  GPIOPinRead            
00000637  GPIOPinWrite           
0000063d  SysCtlDelay            
00000643  _system_pre_init       
00000647  C$$EXIT                
00000647  abort                  
20000000  __stack                
20000000  __start___llvm_prf_cnts
20000000  __stop___llvm_prf_cnts 
20000200  __STACK_END            
20000200  __STACK_TOP            
ffffffff  __TI_pprof_out_hndl    
ffffffff  __TI_prof_data_size    
ffffffff  __TI_prof_data_start   
ffffffff  __binit__              
ffffffff  __c_args__             
ffffffff  binit                  
UNDEFED   __mpu_init             

[31 symbols]
