<?xml version="1.0" encoding="ISO-8859-1" ?>
<link_info>
   <banner>TI ARM Linker PC v20.2.7.LTS</banner>
   <copyright>Copyright (c) 1996-2018 Texas Instruments Incorporated</copyright>
   <link_time>0x675319f9</link_time>
   <link_errors>0x0</link_errors>
   <output_file>Week8_1 - SeriPort.out</output_file>
   <entry_point>
      <name>_c_int00_noargs</name>
      <address>0x3f79</address>
   </entry_point>
   <input_file_list>
      <input_file id="fl-2">
         <path>.\</path>
         <kind>object</kind>
         <file>Stopwatch.obj</file>
         <name>Stopwatch.obj</name>
      </input_file>
      <input_file id="fl-3">
         <path>.\</path>
         <kind>object</kind>
         <file>lcd_funcs.obj</file>
         <name>lcd_funcs.obj</name>
      </input_file>
      <input_file id="fl-4">
         <path>.\</path>
         <kind>object</kind>
         <file>main.obj</file>
         <name>main.obj</name>
      </input_file>
      <input_file id="fl-5">
         <path>.\</path>
         <kind>object</kind>
         <file>tm4c123gh6pm_startup_ccs.obj</file>
         <name>tm4c123gh6pm_startup_ccs.obj</name>
      </input_file>
      <input_file id="fl-6">
         <path>.\</path>
         <kind>object</kind>
         <file>utils.obj</file>
         <name>utils.obj</name>
      </input_file>
      <input_file id="fl-b">
         <kind>object</kind>
         <file>&lt;internal&gt;</file>
         <name>&lt;internal&gt;</name>
      </input_file>
      <input_file id="fl-c1">
         <path>C:\ti\ccs1281\ccs\tools\compiler\ti-cgt-arm_20.2.7.LTS\lib\</path>
         <kind>archive</kind>
         <file>rtsv7M4_T_le_v4SPD16_eabi.lib</file>
         <name>snprintf.c.obj</name>
      </input_file>
      <input_file id="fl-c2">
         <path>C:\ti\ccs1281\ccs\tools\compiler\ti-cgt-arm_20.2.7.LTS\lib\</path>
         <kind>archive</kind>
         <file>rtsv7M4_T_le_v4SPD16_eabi.lib</file>
         <name>sscanf.c.obj</name>
      </input_file>
      <input_file id="fl-c3">
         <path>C:\ti\ccs1281\ccs\tools\compiler\ti-cgt-arm_20.2.7.LTS\lib\</path>
         <kind>archive</kind>
         <file>rtsv7M4_T_le_v4SPD16_eabi.lib</file>
         <name>memcpy_t2.asm.obj</name>
      </input_file>
      <input_file id="fl-c4">
         <path>C:\ti\ccs1281\ccs\tools\compiler\ti-cgt-arm_20.2.7.LTS\lib\</path>
         <kind>archive</kind>
         <file>rtsv7M4_T_le_v4SPD16_eabi.lib</file>
         <name>memset_t2.asm.obj</name>
      </input_file>
      <input_file id="fl-c5">
         <path>C:\ti\ccs1281\ccs\tools\compiler\ti-cgt-arm_20.2.7.LTS\lib\</path>
         <kind>archive</kind>
         <file>rtsv7M4_T_le_v4SPD16_eabi.lib</file>
         <name>copy_zero_init.c.obj</name>
      </input_file>
      <input_file id="fl-c6">
         <path>C:\ti\ccs1281\ccs\tools\compiler\ti-cgt-arm_20.2.7.LTS\lib\</path>
         <kind>archive</kind>
         <file>rtsv7M4_T_le_v4SPD16_eabi.lib</file>
         <name>copy_decompress_none.c.obj</name>
      </input_file>
      <input_file id="fl-c7">
         <path>C:\ti\ccs1281\ccs\tools\compiler\ti-cgt-arm_20.2.7.LTS\lib\</path>
         <kind>archive</kind>
         <file>rtsv7M4_T_le_v4SPD16_eabi.lib</file>
         <name>copy_decompress_lzss.c.obj</name>
      </input_file>
      <input_file id="fl-c8">
         <path>C:\ti\ccs1281\ccs\tools\compiler\ti-cgt-arm_20.2.7.LTS\lib\</path>
         <kind>archive</kind>
         <file>rtsv7M4_T_le_v4SPD16_eabi.lib</file>
         <name>ctype.c.obj</name>
      </input_file>
      <input_file id="fl-c9">
         <path>C:\ti\ccs1281\ccs\tools\compiler\ti-cgt-arm_20.2.7.LTS\lib\</path>
         <kind>archive</kind>
         <file>rtsv7M4_T_le_v4SPD16_eabi.lib</file>
         <name>boot_cortex_m.c.obj</name>
      </input_file>
      <input_file id="fl-ca">
         <path>C:\ti\ccs1281\ccs\tools\compiler\ti-cgt-arm_20.2.7.LTS\lib\</path>
         <kind>archive</kind>
         <file>rtsv7M4_T_le_v4SPD16_eabi.lib</file>
         <name>_printfi.c.obj</name>
      </input_file>
      <input_file id="fl-cb">
         <path>C:\ti\ccs1281\ccs\tools\compiler\ti-cgt-arm_20.2.7.LTS\lib\</path>
         <kind>archive</kind>
         <file>rtsv7M4_T_le_v4SPD16_eabi.lib</file>
         <name>_scanfi.c.obj</name>
      </input_file>
      <input_file id="fl-cc">
         <path>C:\ti\ccs1281\ccs\tools\compiler\ti-cgt-arm_20.2.7.LTS\lib\</path>
         <kind>archive</kind>
         <file>rtsv7M4_T_le_v4SPD16_eabi.lib</file>
         <name>fd_add_t2.asm.obj</name>
      </input_file>
      <input_file id="fl-cd">
         <path>C:\ti\ccs1281\ccs\tools\compiler\ti-cgt-arm_20.2.7.LTS\lib\</path>
         <kind>archive</kind>
         <file>rtsv7M4_T_le_v4SPD16_eabi.lib</file>
         <name>fd_cmp_t2.asm.obj</name>
      </input_file>
      <input_file id="fl-ce">
         <path>C:\ti\ccs1281\ccs\tools\compiler\ti-cgt-arm_20.2.7.LTS\lib\</path>
         <kind>archive</kind>
         <file>rtsv7M4_T_le_v4SPD16_eabi.lib</file>
         <name>fd_div_t2.asm.obj</name>
      </input_file>
      <input_file id="fl-cf">
         <path>C:\ti\ccs1281\ccs\tools\compiler\ti-cgt-arm_20.2.7.LTS\lib\</path>
         <kind>archive</kind>
         <file>rtsv7M4_T_le_v4SPD16_eabi.lib</file>
         <name>fd_mul_t2.asm.obj</name>
      </input_file>
      <input_file id="fl-d0">
         <path>C:\ti\ccs1281\ccs\tools\compiler\ti-cgt-arm_20.2.7.LTS\lib\</path>
         <kind>archive</kind>
         <file>rtsv7M4_T_le_v4SPD16_eabi.lib</file>
         <name>fd_toi_t2.asm.obj</name>
      </input_file>
      <input_file id="fl-d1">
         <path>C:\ti\ccs1281\ccs\tools\compiler\ti-cgt-arm_20.2.7.LTS\lib\</path>
         <kind>archive</kind>
         <file>rtsv7M4_T_le_v4SPD16_eabi.lib</file>
         <name>fd_tos_t2.asm.obj</name>
      </input_file>
      <input_file id="fl-d2">
         <path>C:\ti\ccs1281\ccs\tools\compiler\ti-cgt-arm_20.2.7.LTS\lib\</path>
         <kind>archive</kind>
         <file>rtsv7M4_T_le_v4SPD16_eabi.lib</file>
         <name>i_tofd_t2.asm.obj</name>
      </input_file>
      <input_file id="fl-d3">
         <path>C:\ti\ccs1281\ccs\tools\compiler\ti-cgt-arm_20.2.7.LTS\lib\</path>
         <kind>archive</kind>
         <file>rtsv7M4_T_le_v4SPD16_eabi.lib</file>
         <name>ull_div_t2.asm.obj</name>
      </input_file>
      <input_file id="fl-d4">
         <path>C:\ti\ccs1281\ccs\tools\compiler\ti-cgt-arm_20.2.7.LTS\lib\</path>
         <kind>archive</kind>
         <file>rtsv7M4_T_le_v4SPD16_eabi.lib</file>
         <name>autoinit.c.obj</name>
      </input_file>
      <input_file id="fl-d5">
         <path>C:\ti\ccs1281\ccs\tools\compiler\ti-cgt-arm_20.2.7.LTS\lib\</path>
         <kind>archive</kind>
         <file>rtsv7M4_T_le_v4SPD16_eabi.lib</file>
         <name>pre_init.c.obj</name>
      </input_file>
      <input_file id="fl-d6">
         <path>C:\ti\ccs1281\ccs\tools\compiler\ti-cgt-arm_20.2.7.LTS\lib\</path>
         <kind>archive</kind>
         <file>rtsv7M4_T_le_v4SPD16_eabi.lib</file>
         <name>cpy_tbl.c.obj</name>
      </input_file>
      <input_file id="fl-d7">
         <path>C:\ti\ccs1281\ccs\tools\compiler\ti-cgt-arm_20.2.7.LTS\lib\</path>
         <kind>archive</kind>
         <file>rtsv7M4_T_le_v4SPD16_eabi.lib</file>
         <name>exit.c.obj</name>
      </input_file>
      <input_file id="fl-d8">
         <path>C:\ti\ccs1281\ccs\tools\compiler\ti-cgt-arm_20.2.7.LTS\lib\</path>
         <kind>archive</kind>
         <file>rtsv7M4_T_le_v4SPD16_eabi.lib</file>
         <name>_lock.c.obj</name>
      </input_file>
      <input_file id="fl-d9">
         <path>C:\ti\ccs1281\ccs\tools\compiler\ti-cgt-arm_20.2.7.LTS\lib\</path>
         <kind>archive</kind>
         <file>rtsv7M4_T_le_v4SPD16_eabi.lib</file>
         <name>_ltoa.c.obj</name>
      </input_file>
      <input_file id="fl-da">
         <path>C:\ti\ccs1281\ccs\tools\compiler\ti-cgt-arm_20.2.7.LTS\lib\</path>
         <kind>archive</kind>
         <file>rtsv7M4_T_le_v4SPD16_eabi.lib</file>
         <name>args_main.c.obj</name>
      </input_file>
      <input_file id="fl-db">
         <path>C:\ti\ccs1281\ccs\tools\compiler\ti-cgt-arm_20.2.7.LTS\lib\</path>
         <kind>archive</kind>
         <file>rtsv7M4_T_le_v4SPD16_eabi.lib</file>
         <name>atoi.c.obj</name>
      </input_file>
      <input_file id="fl-dc">
         <path>C:\ti\ccs1281\ccs\tools\compiler\ti-cgt-arm_20.2.7.LTS\lib\</path>
         <kind>archive</kind>
         <file>rtsv7M4_T_le_v4SPD16_eabi.lib</file>
         <name>memccpy.c.obj</name>
      </input_file>
      <input_file id="fl-dd">
         <path>C:\ti\ccs1281\ccs\tools\compiler\ti-cgt-arm_20.2.7.LTS\lib\</path>
         <kind>archive</kind>
         <file>rtsv7M4_T_le_v4SPD16_eabi.lib</file>
         <name>strchr.c.obj</name>
      </input_file>
      <input_file id="fl-de">
         <path>C:\ti\ccs1281\ccs\tools\compiler\ti-cgt-arm_20.2.7.LTS\lib\</path>
         <kind>archive</kind>
         <file>rtsv7M4_T_le_v4SPD16_eabi.lib</file>
         <name>strcpy.c.obj</name>
      </input_file>
      <input_file id="fl-df">
         <path>C:\ti\ccs1281\ccs\tools\compiler\ti-cgt-arm_20.2.7.LTS\lib\</path>
         <kind>archive</kind>
         <file>rtsv7M4_T_le_v4SPD16_eabi.lib</file>
         <name>strlen.c.obj</name>
      </input_file>
      <input_file id="fl-e0">
         <path>C:\ti\ccs1281\ccs\tools\compiler\ti-cgt-arm_20.2.7.LTS\lib\</path>
         <kind>archive</kind>
         <file>rtsv7M4_T_le_v4SPD16_eabi.lib</file>
         <name>strrchr.c.obj</name>
      </input_file>
      <input_file id="fl-e1">
         <path>C:\ti\ccs1281\ccs\tools\compiler\ti-cgt-arm_20.2.7.LTS\lib\</path>
         <kind>archive</kind>
         <file>rtsv7M4_T_le_v4SPD16_eabi.lib</file>
         <name>strtod.c.obj</name>
      </input_file>
      <input_file id="fl-e2">
         <path>C:\ti\ccs1281\ccs\tools\compiler\ti-cgt-arm_20.2.7.LTS\lib\</path>
         <kind>archive</kind>
         <file>rtsv7M4_T_le_v4SPD16_eabi.lib</file>
         <name>strtol.c.obj</name>
      </input_file>
      <input_file id="fl-e3">
         <path>C:\ti\ccs1281\ccs\tools\compiler\ti-cgt-arm_20.2.7.LTS\lib\</path>
         <kind>archive</kind>
         <file>rtsv7M4_T_le_v4SPD16_eabi.lib</file>
         <name>strtoll.c.obj</name>
      </input_file>
      <input_file id="fl-e4">
         <path>C:\ti\ccs1281\ccs\tools\compiler\ti-cgt-arm_20.2.7.LTS\lib\</path>
         <kind>archive</kind>
         <file>rtsv7M4_T_le_v4SPD16_eabi.lib</file>
         <name>strtoul.c.obj</name>
      </input_file>
      <input_file id="fl-e5">
         <path>C:\ti\ccs1281\ccs\tools\compiler\ti-cgt-arm_20.2.7.LTS\lib\</path>
         <kind>archive</kind>
         <file>rtsv7M4_T_le_v4SPD16_eabi.lib</file>
         <name>strtoull.c.obj</name>
      </input_file>
      <input_file id="fl-e6">
         <path>C:\ti\ccs1281\ccs\tools\compiler\ti-cgt-arm_20.2.7.LTS\lib\</path>
         <kind>archive</kind>
         <file>rtsv7M4_T_le_v4SPD16_eabi.lib</file>
         <name>errno.c.obj</name>
      </input_file>
      <input_file id="fl-e7">
         <path>C:\ti\ccs1281\ccs\tools\compiler\ti-cgt-arm_20.2.7.LTS\lib\</path>
         <kind>archive</kind>
         <file>rtsv7M4_T_le_v4SPD16_eabi.lib</file>
         <name>wcslen.c.obj</name>
      </input_file>
      <input_file id="fl-e8">
         <path>C:\ti\ccs1281\ccs\tools\compiler\ti-cgt-arm_20.2.7.LTS\lib\</path>
         <kind>archive</kind>
         <file>rtsv7M4_T_le_v4SPD16_eabi.lib</file>
         <name>s_frexp.c.obj</name>
      </input_file>
      <input_file id="fl-e9">
         <path>C:\ti\ccs1281\ccs\tools\compiler\ti-cgt-arm_20.2.7.LTS\lib\</path>
         <kind>archive</kind>
         <file>rtsv7M4_T_le_v4SPD16_eabi.lib</file>
         <name>s_scalbn.c.obj</name>
      </input_file>
      <input_file id="fl-ea">
         <path>C:\ti\ccs1281\ccs\tools\compiler\ti-cgt-arm_20.2.7.LTS\lib\</path>
         <kind>archive</kind>
         <file>rtsv7M4_T_le_v4SPD16_eabi.lib</file>
         <name>div0.asm.obj</name>
      </input_file>
      <input_file id="fl-eb">
         <path>C:\ti\ccs1281\ccs\tools\compiler\ti-cgt-arm_20.2.7.LTS\lib\</path>
         <kind>archive</kind>
         <file>rtsv7M4_T_le_v4SPD16_eabi.lib</file>
         <name>ll_mul_t2.asm.obj</name>
      </input_file>
      <input_file id="fl-ec">
         <path>C:\ti\ccs1281\ccs\tools\compiler\ti-cgt-arm_20.2.7.LTS\lib\</path>
         <kind>archive</kind>
         <file>rtsv7M4_T_le_v4SPD16_eabi.lib</file>
         <name>s_copysign.c.obj</name>
      </input_file>
      <input_file id="fl-ed">
         <path>C:\ti\TivaWare_C_Series-2.2.0.295\driverlib\ccs\Debug\</path>
         <kind>archive</kind>
         <file>driverlib.lib</file>
         <name>gpio.obj</name>
      </input_file>
      <input_file id="fl-ee">
         <path>C:\ti\TivaWare_C_Series-2.2.0.295\driverlib\ccs\Debug\</path>
         <kind>archive</kind>
         <file>driverlib.lib</file>
         <name>interrupt.obj</name>
      </input_file>
      <input_file id="fl-ef">
         <path>C:\ti\TivaWare_C_Series-2.2.0.295\driverlib\ccs\Debug\</path>
         <kind>archive</kind>
         <file>driverlib.lib</file>
         <name>sysctl.obj</name>
      </input_file>
      <input_file id="fl-f0">
         <path>C:\ti\TivaWare_C_Series-2.2.0.295\driverlib\ccs\Debug\</path>
         <kind>archive</kind>
         <file>driverlib.lib</file>
         <name>timer.obj</name>
      </input_file>
      <input_file id="fl-f1">
         <path>C:\ti\TivaWare_C_Series-2.2.0.295\driverlib\ccs\Debug\</path>
         <kind>archive</kind>
         <file>driverlib.lib</file>
         <name>uart.obj</name>
      </input_file>
      <input_file id="fl-f2">
         <path>C:\ti\TivaWare_C_Series-2.2.0.295\driverlib\ccs\Debug\</path>
         <kind>archive</kind>
         <file>driverlib.lib</file>
         <name>cpu.obj</name>
      </input_file>
   </input_file_list>
   <object_component_list>
      <object_component id="oc-12">
         <name>.intvecs</name>
         <load_address>0x0</load_address>
         <run_address>0x0</run_address>
         <size>0x26c</size>
         <input_file_ref idref="fl-5"/>
      </object_component>
      <object_component id="oc-1f8">
         <name>.text:__TI_scanfi</name>
         <load_address>0x26c</load_address>
         <run_address>0x26c</run_address>
         <size>0xb14</size>
         <input_file_ref idref="fl-cb"/>
      </object_component>
      <object_component id="oc-1d5">
         <name>.text:__TI_printfi</name>
         <load_address>0xd80</load_address>
         <run_address>0xd80</run_address>
         <size>0xa4e</size>
         <input_file_ref idref="fl-ca"/>
      </object_component>
      <object_component id="oc-421">
         <name>.text</name>
         <load_address>0x17ce</load_address>
         <run_address>0x17ce</run_address>
         <size>0x2</size>
         <input_file_ref idref="fl-ea"/>
      </object_component>
      <object_component id="oc-2f4">
         <name>.text:strtod</name>
         <load_address>0x17d0</load_address>
         <run_address>0x17d0</run_address>
         <size>0x460</size>
         <input_file_ref idref="fl-e1"/>
      </object_component>
      <object_component id="oc-9b">
         <name>.text</name>
         <load_address>0x1c30</load_address>
         <run_address>0x1c30</run_address>
         <size>0x2b0</size>
         <input_file_ref idref="fl-4"/>
      </object_component>
      <object_component id="oc-2ba">
         <name>.text:_pconv_a</name>
         <load_address>0x1ee0</load_address>
         <run_address>0x1ee0</run_address>
         <size>0x270</size>
         <input_file_ref idref="fl-ca"/>
      </object_component>
      <object_component id="oc-305">
         <name>.text:strtoll</name>
         <load_address>0x2150</load_address>
         <run_address>0x2150</run_address>
         <size>0x1dc</size>
         <input_file_ref idref="fl-e3"/>
      </object_component>
      <object_component id="oc-2a8">
         <name>.text:_pconv_g</name>
         <load_address>0x232c</load_address>
         <run_address>0x232c</run_address>
         <size>0x1d0</size>
         <input_file_ref idref="fl-ca"/>
      </object_component>
      <object_component id="oc-39e">
         <name>.text</name>
         <load_address>0x24fc</load_address>
         <run_address>0x24fc</run_address>
         <size>0x1b6</size>
         <input_file_ref idref="fl-cc"/>
      </object_component>
      <object_component id="oc-222">
         <name>.text:GPIOPadConfigSet</name>
         <load_address>0x26b4</load_address>
         <run_address>0x26b4</run_address>
         <size>0x16c</size>
         <input_file_ref idref="fl-ed"/>
      </object_component>
      <object_component id="oc-d5">
         <name>.text</name>
         <load_address>0x2820</load_address>
         <run_address>0x2820</run_address>
         <size>0x164</size>
         <input_file_ref idref="fl-3"/>
      </object_component>
      <object_component id="oc-2e8">
         <name>.text:strtoull</name>
         <load_address>0x2984</load_address>
         <run_address>0x2984</run_address>
         <size>0x15c</size>
         <input_file_ref idref="fl-e5"/>
      </object_component>
      <object_component id="oc-2b4">
         <name>.text:_pconv_e</name>
         <load_address>0x2ae0</load_address>
         <run_address>0x2ae0</run_address>
         <size>0x13c</size>
         <input_file_ref idref="fl-ca"/>
      </object_component>
      <object_component id="oc-384">
         <name>.text</name>
         <load_address>0x2c1c</load_address>
         <run_address>0x2c1c</run_address>
         <size>0x136</size>
         <input_file_ref idref="fl-ce"/>
      </object_component>
      <object_component id="oc-2ff">
         <name>.text:strtol</name>
         <load_address>0x2d54</load_address>
         <run_address>0x2d54</run_address>
         <size>0x130</size>
         <input_file_ref idref="fl-e2"/>
      </object_component>
      <object_component id="oc-3b0">
         <name>.text:fcvt</name>
         <load_address>0x2e84</load_address>
         <run_address>0x2e84</run_address>
         <size>0x124</size>
         <input_file_ref idref="fl-ca"/>
      </object_component>
      <object_component id="oc-117">
         <name>.text:SysCtlClockGet</name>
         <load_address>0x2fa8</load_address>
         <run_address>0x2fa8</run_address>
         <size>0x118</size>
         <input_file_ref idref="fl-ef"/>
      </object_component>
      <object_component id="oc-3c4">
         <name>.text:scalbn</name>
         <load_address>0x30c0</load_address>
         <run_address>0x30c0</run_address>
         <size>0x110</size>
         <input_file_ref idref="fl-e9"/>
      </object_component>
      <object_component id="oc-2ee">
         <name>.text:strtoul</name>
         <load_address>0x31d0</load_address>
         <run_address>0x31d0</run_address>
         <size>0x110</size>
         <input_file_ref idref="fl-e4"/>
      </object_component>
      <object_component id="oc-37f">
         <name>.text</name>
         <load_address>0x32e0</load_address>
         <run_address>0x32e0</run_address>
         <size>0xfc</size>
         <input_file_ref idref="fl-cf"/>
      </object_component>
      <object_component id="oc-f9">
         <name>.text:SysCtlClockSet</name>
         <load_address>0x33dc</load_address>
         <run_address>0x33dc</run_address>
         <size>0xf4</size>
         <input_file_ref idref="fl-ef"/>
      </object_component>
      <object_component id="oc-29d">
         <name>.text:_ltostr</name>
         <load_address>0x34d0</load_address>
         <run_address>0x34d0</run_address>
         <size>0xb1</size>
         <input_file_ref idref="fl-ca"/>
      </object_component>
      <object_component id="oc-3b">
         <name>.text</name>
         <load_address>0x3582</load_address>
         <run_address>0x3582</run_address>
         <size>0x9c</size>
         <input_file_ref idref="fl-c3"/>
      </object_component>
      <object_component id="oc-378">
         <name>.text</name>
         <load_address>0x361e</load_address>
         <run_address>0x361e</run_address>
         <size>0x96</size>
         <input_file_ref idref="fl-d3"/>
      </object_component>
      <object_component id="oc-2a3">
         <name>.text:__aeabi_cdcmple</name>
         <load_address>0x36b4</load_address>
         <run_address>0x36b4</run_address>
         <size>0x86</size>
         <input_file_ref idref="fl-cd"/>
      </object_component>
      <object_component id="oc-389">
         <name>.text:__aeabi_cdrcmple</name>
         <load_address>0x373a</load_address>
         <run_address>0x373a</run_address>
         <size>0x86</size>
         <input_file_ref idref="fl-cd"/>
      </object_component>
      <object_component id="oc-8f">
         <name>.text</name>
         <load_address>0x37c0</load_address>
         <run_address>0x37c0</run_address>
         <size>0x7a</size>
         <input_file_ref idref="fl-c4"/>
      </object_component>
      <object_component id="oc-3a9">
         <name>.text:_mcpy</name>
         <load_address>0x383a</load_address>
         <run_address>0x383a</run_address>
         <size>0x6e</size>
         <input_file_ref idref="fl-ca"/>
      </object_component>
      <object_component id="oc-2fa">
         <name>.text</name>
         <load_address>0x38a8</load_address>
         <run_address>0x38a8</run_address>
         <size>0x6e</size>
         <input_file_ref idref="fl-d1"/>
      </object_component>
      <object_component id="oc-135">
         <name>.text:IntEnable</name>
         <load_address>0x3918</load_address>
         <run_address>0x3918</run_address>
         <size>0x68</size>
         <input_file_ref idref="fl-ee"/>
      </object_component>
      <object_component id="oc-20a">
         <name>.text:_chkmbc</name>
         <load_address>0x3980</load_address>
         <run_address>0x3980</run_address>
         <size>0x68</size>
         <input_file_ref idref="fl-c2"/>
      </object_component>
      <object_component id="oc-15">
         <name>.text:decompress:lzss:__TI_decompress_lzss</name>
         <load_address>0x39e8</load_address>
         <run_address>0x39e8</run_address>
         <size>0x68</size>
         <input_file_ref idref="fl-c7"/>
      </object_component>
      <object_component id="oc-3be">
         <name>.text:frexp</name>
         <load_address>0x3a50</load_address>
         <run_address>0x3a50</run_address>
         <size>0x64</size>
         <input_file_ref idref="fl-e8"/>
      </object_component>
      <object_component id="oc-141">
         <name>.text:TimerConfigure</name>
         <load_address>0x3ab4</load_address>
         <run_address>0x3ab4</run_address>
         <size>0x60</size>
         <input_file_ref idref="fl-f0"/>
      </object_component>
      <object_component id="oc-2ae">
         <name>.text:_pconv_f</name>
         <load_address>0x3b14</load_address>
         <run_address>0x3b14</run_address>
         <size>0x56</size>
         <input_file_ref idref="fl-ca"/>
      </object_component>
      <object_component id="oc-393">
         <name>.text:__TI_ltoa</name>
         <load_address>0x3b6a</load_address>
         <run_address>0x3b6a</run_address>
         <size>0x54</size>
         <input_file_ref idref="fl-d9"/>
      </object_component>
      <object_component id="oc-3a3">
         <name>.text:_ecpy</name>
         <load_address>0x3bbe</load_address>
         <run_address>0x3bbe</run_address>
         <size>0x52</size>
         <input_file_ref idref="fl-ca"/>
      </object_component>
      <object_component id="oc-10b">
         <name>.text:GPIOPinConfigure</name>
         <load_address>0x3c10</load_address>
         <run_address>0x3c10</run_address>
         <size>0x4c</size>
         <input_file_ref idref="fl-ed"/>
      </object_component>
      <object_component id="oc-253">
         <name>.text:_TimerIntNumberGet</name>
         <load_address>0x3c5c</load_address>
         <run_address>0x3c5c</run_address>
         <size>0x4c</size>
         <input_file_ref idref="fl-f0"/>
      </object_component>
      <object_component id="oc-297">
         <name>.text:atoi</name>
         <load_address>0x3ca8</load_address>
         <run_address>0x3ca8</run_address>
         <size>0x4c</size>
         <input_file_ref idref="fl-db"/>
      </object_component>
      <object_component id="oc-ed">
         <name>.text:snprintf</name>
         <load_address>0x3cf4</load_address>
         <run_address>0x3cf4</run_address>
         <size>0x4c</size>
         <input_file_ref idref="fl-c1"/>
      </object_component>
      <object_component id="oc-38e">
         <name>.text</name>
         <load_address>0x3d40</load_address>
         <run_address>0x3d40</run_address>
         <size>0x48</size>
         <input_file_ref idref="fl-d0"/>
      </object_component>
      <object_component id="oc-11d">
         <name>.text:UARTConfigSetExpClk</name>
         <load_address>0x3d88</load_address>
         <run_address>0x3d88</run_address>
         <size>0x46</size>
         <input_file_ref idref="fl-f1"/>
      </object_component>
      <object_component id="oc-17c">
         <name>.text:__TI_auto_init_nobinit_nopinit:__TI_auto_init_nobinit_nopinit</name>
         <load_address>0x3dd0</load_address>
         <run_address>0x3dd0</run_address>
         <size>0x44</size>
         <input_file_ref idref="fl-d4"/>
      </object_component>
      <object_component id="oc-ff">
         <name>.text</name>
         <load_address>0x3e14</load_address>
         <run_address>0x3e14</run_address>
         <size>0x44</size>
         <input_file_ref idref="fl-6"/>
      </object_component>
      <object_component id="oc-236">
         <name>.text:_UARTIntNumberGet</name>
         <load_address>0x3e58</load_address>
         <run_address>0x3e58</run_address>
         <size>0x40</size>
         <input_file_ref idref="fl-f1"/>
      </object_component>
      <object_component id="oc-3b6">
         <name>.text:_fcpy</name>
         <load_address>0x3e98</load_address>
         <run_address>0x3e98</run_address>
         <size>0x3e</size>
         <input_file_ref idref="fl-ca"/>
      </object_component>
      <object_component id="oc-f3">
         <name>.text:sscanf</name>
         <load_address>0x3ed8</load_address>
         <run_address>0x3ed8</run_address>
         <size>0x38</size>
         <input_file_ref idref="fl-c2"/>
      </object_component>
      <object_component id="oc-23c">
         <name>.text:IntRegister</name>
         <load_address>0x3f10</load_address>
         <run_address>0x3f10</run_address>
         <size>0x34</size>
         <input_file_ref idref="fl-ee"/>
      </object_component>
      <object_component id="oc-105">
         <name>.text:SysCtlPeripheralEnable</name>
         <load_address>0x3f44</load_address>
         <run_address>0x3f44</run_address>
         <size>0x34</size>
         <input_file_ref idref="fl-ef"/>
      </object_component>
      <object_component id="oc-59">
         <name>.text:_c_int00_noargs:_c_int00_noargs</name>
         <load_address>0x3f78</load_address>
         <run_address>0x3f78</run_address>
         <size>0x34</size>
         <input_file_ref idref="fl-c9"/>
      </object_component>
      <object_component id="oc-1db">
         <name>.text:_outs</name>
         <load_address>0x3fac</load_address>
         <run_address>0x3fac</run_address>
         <size>0x30</size>
         <input_file_ref idref="fl-c1"/>
      </object_component>
      <object_component id="oc-399">
         <name>.text</name>
         <load_address>0x3fdc</load_address>
         <run_address>0x3fdc</run_address>
         <size>0x2e</size>
         <input_file_ref idref="fl-d2"/>
      </object_component>
      <object_component id="oc-21c">
         <name>.text:GPIODirModeSet</name>
         <load_address>0x400a</load_address>
         <run_address>0x400a</run_address>
         <size>0x2c</size>
         <input_file_ref idref="fl-ed"/>
      </object_component>
      <object_component id="oc-22d">
         <name>.text:UARTDisable</name>
         <load_address>0x4038</load_address>
         <run_address>0x4038</run_address>
         <size>0x20</size>
         <input_file_ref idref="fl-f1"/>
      </object_component>
      <object_component id="oc-47">
         <name>.text:decompress:ZI:__TI_zero_init_nomemset:__TI_zero_init_nomemset</name>
         <load_address>0x4058</load_address>
         <run_address>0x4058</run_address>
         <size>0x1c</size>
         <input_file_ref idref="fl-c5"/>
      </object_component>
      <object_component id="oc-2c0">
         <name>.text:memccpy</name>
         <load_address>0x4074</load_address>
         <run_address>0x4074</run_address>
         <size>0x1c</size>
         <input_file_ref idref="fl-dc"/>
      </object_component>
      <object_component id="oc-1c3">
         <name>.text:GPIOPinTypeGPIOOutput</name>
         <load_address>0x4090</load_address>
         <run_address>0x4090</run_address>
         <size>0x1a</size>
         <input_file_ref idref="fl-ed"/>
      </object_component>
      <object_component id="oc-43a">
         <name>.text:copysign</name>
         <load_address>0x40aa</load_address>
         <run_address>0x40aa</run_address>
         <size>0x1a</size>
         <input_file_ref idref="fl-ec"/>
      </object_component>
      <object_component id="oc-159">
         <name>.text:TimerIntRegister</name>
         <load_address>0x40c4</load_address>
         <run_address>0x40c4</run_address>
         <size>0x18</size>
         <input_file_ref idref="fl-f0"/>
      </object_component>
      <object_component id="oc-12f">
         <name>.text:UARTIntRegister</name>
         <load_address>0x40dc</load_address>
         <run_address>0x40dc</run_address>
         <size>0x18</size>
         <input_file_ref idref="fl-f1"/>
      </object_component>
      <object_component id="oc-1e1">
         <name>.text:_outc</name>
         <load_address>0x40f4</load_address>
         <run_address>0x40f4</run_address>
         <size>0x18</size>
         <input_file_ref idref="fl-c1"/>
      </object_component>
      <object_component id="oc-3e7">
         <name>.text</name>
         <load_address>0x410c</load_address>
         <run_address>0x410c</run_address>
         <size>0x18</size>
         <input_file_ref idref="fl-eb"/>
      </object_component>
      <object_component id="oc-30e">
         <name>.text:strrchr</name>
         <load_address>0x4124</load_address>
         <run_address>0x4124</run_address>
         <size>0x18</size>
         <input_file_ref idref="fl-e0"/>
      </object_component>
      <object_component id="oc-111">
         <name>.text:GPIOPinTypeUART</name>
         <load_address>0x413c</load_address>
         <run_address>0x413c</run_address>
         <size>0x16</size>
         <input_file_ref idref="fl-ed"/>
      </object_component>
      <object_component id="oc-314">
         <name>.text:strchr</name>
         <load_address>0x4152</load_address>
         <run_address>0x4152</run_address>
         <size>0x16</size>
         <input_file_ref idref="fl-dd"/>
      </object_component>
      <object_component id="oc-123">
         <name>.text:UARTEnable</name>
         <load_address>0x4168</load_address>
         <run_address>0x4168</run_address>
         <size>0x14</size>
         <input_file_ref idref="fl-f1"/>
      </object_component>
      <object_component id="oc-2e2">
         <name>.text:strcpy</name>
         <load_address>0x417c</load_address>
         <run_address>0x417c</run_address>
         <size>0x14</size>
         <input_file_ref idref="fl-de"/>
      </object_component>
      <object_component id="oc-291">
         <name>.text:strlen</name>
         <load_address>0x4190</load_address>
         <run_address>0x4190</run_address>
         <size>0x14</size>
         <input_file_ref idref="fl-df"/>
      </object_component>
      <object_component id="oc-147">
         <name>.text:TimerLoadSet</name>
         <load_address>0x41a4</load_address>
         <run_address>0x41a4</run_address>
         <size>0x12</size>
         <input_file_ref idref="fl-f0"/>
      </object_component>
      <object_component id="oc-1fe">
         <name>.text:_inpchar</name>
         <load_address>0x41b6</load_address>
         <run_address>0x41b6</run_address>
         <size>0x12</size>
         <input_file_ref idref="fl-c2"/>
      </object_component>
      <object_component id="oc-2c6">
         <name>.text:wcslen</name>
         <load_address>0x41c8</load_address>
         <run_address>0x41c8</run_address>
         <size>0x12</size>
         <input_file_ref idref="fl-e7"/>
      </object_component>
      <object_component id="oc-14d">
         <name>.text:IntMasterEnable</name>
         <load_address>0x41da</load_address>
         <run_address>0x41da</run_address>
         <size>0x10</size>
         <input_file_ref idref="fl-ee"/>
      </object_component>
      <object_component id="oc-15f">
         <name>.text:TimerEnable</name>
         <load_address>0x41ea</load_address>
         <run_address>0x41ea</run_address>
         <size>0xe</size>
         <input_file_ref idref="fl-f0"/>
      </object_component>
      <object_component id="oc-e1">
         <name>.text:UARTCharsAvail</name>
         <load_address>0x41f8</load_address>
         <run_address>0x41f8</run_address>
         <size>0xe</size>
         <input_file_ref idref="fl-f1"/>
      </object_component>
      <object_component id="oc-1b">
         <name>.text:decompress:none:__TI_decompress_none</name>
         <load_address>0x4206</load_address>
         <run_address>0x4206</run_address>
         <size>0xe</size>
         <input_file_ref idref="fl-c6"/>
      </object_component>
      <object_component id="oc-24b">
         <name>.text:CPUcpsie</name>
         <load_address>0x4214</load_address>
         <run_address>0x4214</run_address>
         <size>0xc</size>
         <input_file_ref idref="fl-f2"/>
      </object_component>
      <object_component id="oc-27">
         <name>.text</name>
         <load_address>0x4220</load_address>
         <run_address>0x4220</run_address>
         <size>0xc</size>
         <input_file_ref idref="fl-5"/>
      </object_component>
      <object_component id="oc-db">
         <name>.text:UARTCharGet</name>
         <load_address>0x422c</load_address>
         <run_address>0x422c</run_address>
         <size>0xa</size>
         <input_file_ref idref="fl-f1"/>
      </object_component>
      <object_component id="oc-cf">
         <name>.text:UARTCharPut</name>
         <load_address>0x4236</load_address>
         <run_address>0x4236</run_address>
         <size>0xa</size>
         <input_file_ref idref="fl-f1"/>
      </object_component>
      <object_component id="oc-129">
         <name>.text:UARTFIFOEnable</name>
         <load_address>0x4240</load_address>
         <run_address>0x4240</run_address>
         <size>0xa</size>
         <input_file_ref idref="fl-f1"/>
      </object_component>
      <object_component id="oc-c3">
         <name>.text:UARTIntStatus</name>
         <load_address>0x424a</load_address>
         <run_address>0x424a</run_address>
         <size>0xa</size>
         <input_file_ref idref="fl-f1"/>
      </object_component>
      <object_component id="oc-153">
         <name>.text:TimerIntEnable</name>
         <load_address>0x4254</load_address>
         <run_address>0x4254</run_address>
         <size>0x8</size>
         <input_file_ref idref="fl-f0"/>
      </object_component>
      <object_component id="oc-13b">
         <name>.text:UARTIntEnable</name>
         <load_address>0x425c</load_address>
         <run_address>0x425c</run_address>
         <size>0x8</size>
         <input_file_ref idref="fl-f1"/>
      </object_component>
      <object_component id="oc-2cc">
         <name>.text:__aeabi_errno_addr</name>
         <load_address>0x4264</load_address>
         <run_address>0x4264</run_address>
         <size>0x8</size>
         <input_file_ref idref="fl-e6"/>
      </object_component>
      <object_component id="oc-204">
         <name>.text:_uninpchar</name>
         <load_address>0x426c</load_address>
         <run_address>0x426c</run_address>
         <size>0x8</size>
         <input_file_ref idref="fl-c2"/>
      </object_component>
      <object_component id="oc-1c9">
         <name>.text:GPIOPinWrite</name>
         <load_address>0x4274</load_address>
         <run_address>0x4274</run_address>
         <size>0x6</size>
         <input_file_ref idref="fl-ed"/>
      </object_component>
      <object_component id="oc-212">
         <name>.text:SysCtlDelay</name>
         <load_address>0x427a</load_address>
         <run_address>0x427a</run_address>
         <size>0x6</size>
         <input_file_ref idref="fl-ef"/>
      </object_component>
      <object_component id="oc-e7">
         <name>.text:TimerIntClear</name>
         <load_address>0x4280</load_address>
         <run_address>0x4280</run_address>
         <size>0x4</size>
         <input_file_ref idref="fl-f0"/>
      </object_component>
      <object_component id="oc-c9">
         <name>.text:UARTIntClear</name>
         <load_address>0x4284</load_address>
         <run_address>0x4284</run_address>
         <size>0x4</size>
         <input_file_ref idref="fl-f1"/>
      </object_component>
      <object_component id="oc-95">
         <name>.text:_system_pre_init</name>
         <load_address>0x4288</load_address>
         <run_address>0x4288</run_address>
         <size>0x4</size>
         <input_file_ref idref="fl-d5"/>
      </object_component>
      <object_component id="oc-170">
         <name>.text:abort:abort</name>
         <load_address>0x428c</load_address>
         <run_address>0x428c</run_address>
         <size>0x4</size>
         <input_file_ref idref="fl-d7"/>
      </object_component>
      <object_component id="oc-30b">
         <name>.const:.string:_ctypes_</name>
         <load_address>0x4290</load_address>
         <run_address>0x4290</run_address>
         <size>0x101</size>
         <input_file_ref idref="fl-c8"/>
      </object_component>
      <object_component id="oc-3f0">
         <name>.const:$O1$$</name>
         <load_address>0x4398</load_address>
         <run_address>0x4398</run_address>
         <size>0xc8</size>
         <input_file_ref idref="fl-e1"/>
      </object_component>
      <object_component id="oc-217">
         <name>.const:g_pui32GPIOBaseAddrs</name>
         <load_address>0x4460</load_address>
         <run_address>0x4460</run_address>
         <size>0x90</size>
         <input_file_ref idref="fl-ed"/>
      </object_component>
      <object_component id="oc-229">
         <name>.const:g_pui32Xtals</name>
         <load_address>0x44f0</load_address>
         <run_address>0x44f0</run_address>
         <size>0x6c</size>
         <input_file_ref idref="fl-ef"/>
      </object_component>
      <object_component id="oc-34c">
         <name>.const:g_ppui32TimerIntMap</name>
         <load_address>0x455c</load_address>
         <run_address>0x455c</run_address>
         <size>0x60</size>
         <input_file_ref idref="fl-f0"/>
      </object_component>
      <object_component id="oc-34f">
         <name>.const:g_ppui32TimerIntMapSnowflake</name>
         <load_address>0x45bc</load_address>
         <run_address>0x45bc</run_address>
         <size>0x40</size>
         <input_file_ref idref="fl-f0"/>
      </object_component>
      <object_component id="oc-33c">
         <name>.const:g_ppui32UARTIntMap</name>
         <load_address>0x45fc</load_address>
         <run_address>0x45fc</run_address>
         <size>0x40</size>
         <input_file_ref idref="fl-f1"/>
      </object_component>
      <object_component id="oc-33f">
         <name>.const:g_ppui32UARTIntMapSnowflake</name>
         <load_address>0x463c</load_address>
         <run_address>0x463c</run_address>
         <size>0x40</size>
         <input_file_ref idref="fl-f1"/>
      </object_component>
      <object_component id="oc-243">
         <name>.const:g_pui32EnRegs</name>
         <load_address>0x467c</load_address>
         <run_address>0x467c</run_address>
         <size>0x14</size>
         <input_file_ref idref="fl-ee"/>
      </object_component>
      <object_component id="oc-31a">
         <name>.const:$O1$$</name>
         <load_address>0x4690</load_address>
         <run_address>0x4690</run_address>
         <size>0x10</size>
         <input_file_ref idref="fl-cb"/>
      </object_component>
      <object_component id="oc-49f">
         <name>__TI_handler_table</name>
         <load_address>0x46a0</load_address>
         <run_address>0x46a0</run_address>
         <size>0xc</size>
      </object_component>
      <object_component id="oc-4a3">
         <name>.cinit..bss.load</name>
         <load_address>0x46b0</load_address>
         <run_address>0x46b0</run_address>
         <size>0x8</size>
      </object_component>
      <object_component id="oc-4a2">
         <name>.cinit..data.load</name>
         <load_address>0x46b8</load_address>
         <run_address>0x46b8</run_address>
         <size>0x8</size>
      </object_component>
      <object_component id="oc-4a1">
         <name>.cinit..vtable.load</name>
         <load_address>0x46c0</load_address>
         <run_address>0x46c0</run_address>
         <size>0x8</size>
      </object_component>
      <object_component id="oc-4a0">
         <name>__TI_cinit_table</name>
         <load_address>0x46c8</load_address>
         <run_address>0x46c8</run_address>
         <size>0x18</size>
      </object_component>
      <object_component id="oc-343">
         <name>.vtable</name>
         <uninitialized>true</uninitialized>
         <run_address>0x20000000</run_address>
         <size>0x26c</size>
         <input_file_ref idref="fl-ee"/>
      </object_component>
      <object_component id="oc-165">
         <name>.data</name>
         <load_address>0x200004b0</load_address>
         <run_address>0x200004b0</run_address>
         <size>0x10</size>
         <input_file_ref idref="fl-4"/>
      </object_component>
      <object_component id="oc-3d4">
         <name>.data</name>
         <load_address>0x200004c0</load_address>
         <run_address>0x200004c0</run_address>
         <size>0x4</size>
         <input_file_ref idref="fl-e6"/>
      </object_component>
      <object_component id="oc-168">
         <name>.bss:messageBuffer$1</name>
         <uninitialized>true</uninitialized>
         <run_address>0x20000470</run_address>
         <size>0x40</size>
         <input_file_ref idref="fl-4"/>
      </object_component>
      <object_component id="oc-24">
         <name>.stack</name>
         <uninitialized>true</uninitialized>
         <run_address>0x20000270</run_address>
         <size>0x4</size>
         <input_file_ref idref="fl-c9"/>
      </object_component>
      <object_component id="oc-4a5">
         <name>.stack</name>
         <uninitialized>true</uninitialized>
         <run_address>0x20000270</run_address>
         <size>0x0</size>
      </object_component>
      <object_component id="oc-b2">
         <name>.debug_info</name>
         <load_address>0x0</load_address>
         <run_address>0x0</run_address>
         <size>0x33e</size>
         <input_file_ref idref="fl-2"/>
      </object_component>
      <object_component id="oc-70">
         <name>.debug_info</name>
         <load_address>0x33e</load_address>
         <run_address>0x33e</run_address>
         <size>0x26b</size>
         <input_file_ref idref="fl-2"/>
      </object_component>
      <object_component id="oc-36">
         <name>.debug_info</name>
         <load_address>0x5a9</load_address>
         <run_address>0x5a9</run_address>
         <size>0x84</size>
         <input_file_ref idref="fl-2"/>
      </object_component>
      <object_component id="oc-ad">
         <name>.debug_info</name>
         <load_address>0x62d</load_address>
         <run_address>0x62d</run_address>
         <size>0x2a4</size>
         <input_file_ref idref="fl-2"/>
      </object_component>
      <object_component id="oc-75">
         <name>.debug_info</name>
         <load_address>0x8d1</load_address>
         <run_address>0x8d1</run_address>
         <size>0xbb</size>
         <input_file_ref idref="fl-2"/>
      </object_component>
      <object_component id="oc-1b5">
         <name>.debug_info</name>
         <load_address>0x98c</load_address>
         <run_address>0x98c</run_address>
         <size>0xcc</size>
         <input_file_ref idref="fl-2"/>
      </object_component>
      <object_component id="oc-1f3">
         <name>.debug_info</name>
         <load_address>0xa58</load_address>
         <run_address>0xa58</run_address>
         <size>0x2c</size>
         <input_file_ref idref="fl-2"/>
      </object_component>
      <object_component id="oc-1b0">
         <name>.debug_info</name>
         <load_address>0xa84</load_address>
         <run_address>0xa84</run_address>
         <size>0x35</size>
         <input_file_ref idref="fl-2"/>
      </object_component>
      <object_component id="oc-1d0">
         <name>.debug_info</name>
         <load_address>0xab9</load_address>
         <run_address>0xab9</run_address>
         <size>0x365</size>
         <input_file_ref idref="fl-3"/>
      </object_component>
      <object_component id="oc-d6">
         <name>.debug_info</name>
         <load_address>0xe1e</load_address>
         <run_address>0xe1e</run_address>
         <size>0x504</size>
         <input_file_ref idref="fl-3"/>
      </object_component>
      <object_component id="oc-16a">
         <name>.debug_info</name>
         <load_address>0x1322</load_address>
         <run_address>0x1322</run_address>
         <size>0x83b</size>
         <input_file_ref idref="fl-4"/>
      </object_component>
      <object_component id="oc-166">
         <name>.debug_info</name>
         <load_address>0x1b5d</load_address>
         <run_address>0x1b5d</run_address>
         <size>0xfb</size>
         <input_file_ref idref="fl-4"/>
      </object_component>
      <object_component id="oc-9d">
         <name>.debug_info</name>
         <load_address>0x1c58</load_address>
         <run_address>0x1c58</run_address>
         <size>0x6b1</size>
         <input_file_ref idref="fl-4"/>
      </object_component>
      <object_component id="oc-16b">
         <name>.debug_info</name>
         <load_address>0x2309</load_address>
         <run_address>0x2309</run_address>
         <size>0x8b</size>
         <input_file_ref idref="fl-4"/>
      </object_component>
      <object_component id="oc-2f">
         <name>.debug_info</name>
         <load_address>0x2394</load_address>
         <run_address>0x2394</run_address>
         <size>0x2a3</size>
         <input_file_ref idref="fl-5"/>
      </object_component>
      <object_component id="oc-13">
         <name>.debug_info</name>
         <load_address>0x2637</load_address>
         <run_address>0x2637</run_address>
         <size>0xe2</size>
         <input_file_ref idref="fl-5"/>
      </object_component>
      <object_component id="oc-29">
         <name>.debug_info</name>
         <load_address>0x2719</load_address>
         <run_address>0x2719</run_address>
         <size>0x25e</size>
         <input_file_ref idref="fl-5"/>
      </object_component>
      <object_component id="oc-100">
         <name>.debug_info</name>
         <load_address>0x2977</load_address>
         <run_address>0x2977</run_address>
         <size>0x1cc</size>
         <input_file_ref idref="fl-6"/>
      </object_component>
      <object_component id="oc-1e8">
         <name>.debug_info</name>
         <load_address>0x2b43</load_address>
         <run_address>0x2b43</run_address>
         <size>0x33a</size>
         <input_file_ref idref="fl-c1"/>
      </object_component>
      <object_component id="oc-f0">
         <name>.debug_info</name>
         <load_address>0x2e7d</load_address>
         <run_address>0x2e7d</run_address>
         <size>0x1ee</size>
         <input_file_ref idref="fl-c1"/>
      </object_component>
      <object_component id="oc-1de">
         <name>.debug_info</name>
         <load_address>0x306b</load_address>
         <run_address>0x306b</run_address>
         <size>0x1c3</size>
         <input_file_ref idref="fl-c1"/>
      </object_component>
      <object_component id="oc-1e3">
         <name>.debug_info</name>
         <load_address>0x322e</load_address>
         <run_address>0x322e</run_address>
         <size>0x176</size>
         <input_file_ref idref="fl-c1"/>
      </object_component>
      <object_component id="oc-1e9">
         <name>.debug_info</name>
         <load_address>0x33a4</load_address>
         <run_address>0x33a4</run_address>
         <size>0x2c</size>
         <input_file_ref idref="fl-c1"/>
      </object_component>
      <object_component id="oc-1ee">
         <name>.debug_info</name>
         <load_address>0x33d0</load_address>
         <run_address>0x33d0</run_address>
         <size>0x69</size>
         <input_file_ref idref="fl-c1"/>
      </object_component>
      <object_component id="oc-211">
         <name>.debug_info</name>
         <load_address>0x3439</load_address>
         <run_address>0x3439</run_address>
         <size>0x37a</size>
         <input_file_ref idref="fl-c2"/>
      </object_component>
      <object_component id="oc-f7">
         <name>.debug_info</name>
         <load_address>0x37b3</load_address>
         <run_address>0x37b3</run_address>
         <size>0x17e</size>
         <input_file_ref idref="fl-c2"/>
      </object_component>
      <object_component id="oc-206">
         <name>.debug_info</name>
         <load_address>0x3931</load_address>
         <run_address>0x3931</run_address>
         <size>0x171</size>
         <input_file_ref idref="fl-c2"/>
      </object_component>
      <object_component id="oc-202">
         <name>.debug_info</name>
         <load_address>0x3aa2</load_address>
         <run_address>0x3aa2</run_address>
         <size>0x17e</size>
         <input_file_ref idref="fl-c2"/>
      </object_component>
      <object_component id="oc-20c">
         <name>.debug_info</name>
         <load_address>0x3c20</load_address>
         <run_address>0x3c20</run_address>
         <size>0x1de</size>
         <input_file_ref idref="fl-c2"/>
      </object_component>
      <object_component id="oc-3d">
         <name>.debug_info</name>
         <load_address>0x3dfe</load_address>
         <run_address>0x3dfe</run_address>
         <size>0x119</size>
         <input_file_ref idref="fl-c3"/>
      </object_component>
      <object_component id="oc-92">
         <name>.debug_info</name>
         <load_address>0x3f17</load_address>
         <run_address>0x3f17</run_address>
         <size>0x147</size>
         <input_file_ref idref="fl-c4"/>
      </object_component>
      <object_component id="oc-8e">
         <name>.debug_info</name>
         <load_address>0x405e</load_address>
         <run_address>0x405e</run_address>
         <size>0x2d4</size>
         <input_file_ref idref="fl-c5"/>
      </object_component>
      <object_component id="oc-49">
         <name>.debug_info</name>
         <load_address>0x4332</load_address>
         <run_address>0x4332</run_address>
         <size>0x1d2</size>
         <input_file_ref idref="fl-c5"/>
      </object_component>
      <object_component id="oc-89">
         <name>.debug_info</name>
         <load_address>0x4504</load_address>
         <run_address>0x4504</run_address>
         <size>0x46</size>
         <input_file_ref idref="fl-c5"/>
      </object_component>
      <object_component id="oc-ba">
         <name>.debug_info</name>
         <load_address>0x454a</load_address>
         <run_address>0x454a</run_address>
         <size>0x2c</size>
         <input_file_ref idref="fl-c5"/>
      </object_component>
      <object_component id="oc-46">
         <name>.debug_info</name>
         <load_address>0x4576</load_address>
         <run_address>0x4576</run_address>
         <size>0x2a8</size>
         <input_file_ref idref="fl-c6"/>
      </object_component>
      <object_component id="oc-1c">
         <name>.debug_info</name>
         <load_address>0x481e</load_address>
         <run_address>0x481e</run_address>
         <size>0x1ea</size>
         <input_file_ref idref="fl-c6"/>
      </object_component>
      <object_component id="oc-41">
         <name>.debug_info</name>
         <load_address>0x4a08</load_address>
         <run_address>0x4a08</run_address>
         <size>0x46</size>
         <input_file_ref idref="fl-c6"/>
      </object_component>
      <object_component id="oc-81">
         <name>.debug_info</name>
         <load_address>0x4a4e</load_address>
         <run_address>0x4a4e</run_address>
         <size>0x2c</size>
         <input_file_ref idref="fl-c6"/>
      </object_component>
      <object_component id="oc-7f">
         <name>.debug_info</name>
         <load_address>0x4a7a</load_address>
         <run_address>0x4a7a</run_address>
         <size>0x29e</size>
         <input_file_ref idref="fl-c7"/>
      </object_component>
      <object_component id="oc-18">
         <name>.debug_info</name>
         <load_address>0x4d18</load_address>
         <run_address>0x4d18</run_address>
         <size>0x250</size>
         <input_file_ref idref="fl-c7"/>
      </object_component>
      <object_component id="oc-31">
         <name>.debug_info</name>
         <load_address>0x4f68</load_address>
         <run_address>0x4f68</run_address>
         <size>0x60</size>
         <input_file_ref idref="fl-c7"/>
      </object_component>
      <object_component id="oc-b3">
         <name>.debug_info</name>
         <load_address>0x4fc8</load_address>
         <run_address>0x4fc8</run_address>
         <size>0x46</size>
         <input_file_ref idref="fl-c7"/>
      </object_component>
      <object_component id="oc-7a">
         <name>.debug_info</name>
         <load_address>0x500e</load_address>
         <run_address>0x500e</run_address>
         <size>0x39</size>
         <input_file_ref idref="fl-c7"/>
      </object_component>
      <object_component id="oc-3fd">
         <name>.debug_info</name>
         <load_address>0x5047</load_address>
         <run_address>0x5047</run_address>
         <size>0xf9</size>
         <input_file_ref idref="fl-c8"/>
      </object_component>
      <object_component id="oc-30c">
         <name>.debug_info</name>
         <load_address>0x5140</load_address>
         <run_address>0x5140</run_address>
         <size>0x105</size>
         <input_file_ref idref="fl-c8"/>
      </object_component>
      <object_component id="oc-25">
         <name>.debug_info</name>
         <load_address>0x5245</load_address>
         <run_address>0x5245</run_address>
         <size>0x10b</size>
         <input_file_ref idref="fl-c9"/>
      </object_component>
      <object_component id="oc-5b">
         <name>.debug_info</name>
         <load_address>0x5350</load_address>
         <run_address>0x5350</run_address>
         <size>0x1a9</size>
         <input_file_ref idref="fl-c9"/>
      </object_component>
      <object_component id="oc-2d3">
         <name>.debug_info</name>
         <load_address>0x54f9</load_address>
         <run_address>0x54f9</run_address>
         <size>0x590</size>
         <input_file_ref idref="fl-ca"/>
      </object_component>
      <object_component id="oc-29f">
         <name>.debug_info</name>
         <load_address>0x5a89</load_address>
         <run_address>0x5a89</run_address>
         <size>0x21e</size>
         <input_file_ref idref="fl-ca"/>
      </object_component>
      <object_component id="oc-3a4">
         <name>.debug_info</name>
         <load_address>0x5ca7</load_address>
         <run_address>0x5ca7</run_address>
         <size>0x1b3</size>
         <input_file_ref idref="fl-ca"/>
      </object_component>
      <object_component id="oc-3ab">
         <name>.debug_info</name>
         <load_address>0x5e5a</load_address>
         <run_address>0x5e5a</run_address>
         <size>0x21b</size>
         <input_file_ref idref="fl-ca"/>
      </object_component>
      <object_component id="oc-2a9">
         <name>.debug_info</name>
         <load_address>0x6075</load_address>
         <run_address>0x6075</run_address>
         <size>0x3c0</size>
         <input_file_ref idref="fl-ca"/>
      </object_component>
      <object_component id="oc-3b2">
         <name>.debug_info</name>
         <load_address>0x6435</load_address>
         <run_address>0x6435</run_address>
         <size>0x30a</size>
         <input_file_ref idref="fl-ca"/>
      </object_component>
      <object_component id="oc-3b7">
         <name>.debug_info</name>
         <load_address>0x673f</load_address>
         <run_address>0x673f</run_address>
         <size>0x215</size>
         <input_file_ref idref="fl-ca"/>
      </object_component>
      <object_component id="oc-2b0">
         <name>.debug_info</name>
         <load_address>0x6954</load_address>
         <run_address>0x6954</run_address>
         <size>0x215</size>
         <input_file_ref idref="fl-ca"/>
      </object_component>
      <object_component id="oc-2b5">
         <name>.debug_info</name>
         <load_address>0x6b69</load_address>
         <run_address>0x6b69</run_address>
         <size>0x304</size>
         <input_file_ref idref="fl-ca"/>
      </object_component>
      <object_component id="oc-2bb">
         <name>.debug_info</name>
         <load_address>0x6e6d</load_address>
         <run_address>0x6e6d</run_address>
         <size>0x4b5</size>
         <input_file_ref idref="fl-ca"/>
      </object_component>
      <object_component id="oc-1d7">
         <name>.debug_info</name>
         <load_address>0x7322</load_address>
         <run_address>0x7322</run_address>
         <size>0x5f4</size>
         <input_file_ref idref="fl-ca"/>
      </object_component>
      <object_component id="oc-2d4">
         <name>.debug_info</name>
         <load_address>0x7916</load_address>
         <run_address>0x7916</run_address>
         <size>0x86</size>
         <input_file_ref idref="fl-ca"/>
      </object_component>
      <object_component id="oc-3db">
         <name>.debug_info</name>
         <load_address>0x799c</load_address>
         <run_address>0x799c</run_address>
         <size>0x39</size>
         <input_file_ref idref="fl-ca"/>
      </object_component>
      <object_component id="oc-44f">
         <name>.debug_info</name>
         <load_address>0x79d5</load_address>
         <run_address>0x79d5</run_address>
         <size>0xb6</size>
         <input_file_ref idref="fl-ca"/>
      </object_component>
      <object_component id="oc-3e0">
         <name>.debug_info</name>
         <load_address>0x7a8b</load_address>
         <run_address>0x7a8b</run_address>
         <size>0x46</size>
         <input_file_ref idref="fl-ca"/>
      </object_component>
      <object_component id="oc-2d9">
         <name>.debug_info</name>
         <load_address>0x7ad1</load_address>
         <run_address>0x7ad1</run_address>
         <size>0x46</size>
         <input_file_ref idref="fl-ca"/>
      </object_component>
      <object_component id="oc-31c">
         <name>.debug_info</name>
         <load_address>0x7b17</load_address>
         <run_address>0x7b17</run_address>
         <size>0x5ce</size>
         <input_file_ref idref="fl-cb"/>
      </object_component>
      <object_component id="oc-1fa">
         <name>.debug_info</name>
         <load_address>0x80e5</load_address>
         <run_address>0x80e5</run_address>
         <size>0xa45</size>
         <input_file_ref idref="fl-cb"/>
      </object_component>
      <object_component id="oc-31e">
         <name>.debug_info</name>
         <load_address>0x8b2a</load_address>
         <run_address>0x8b2a</run_address>
         <size>0x9a</size>
         <input_file_ref idref="fl-cb"/>
      </object_component>
      <object_component id="oc-3a0">
         <name>.debug_info</name>
         <load_address>0x8bc4</load_address>
         <run_address>0x8bc4</run_address>
         <size>0x14c</size>
         <input_file_ref idref="fl-cc"/>
      </object_component>
      <object_component id="oc-2a5">
         <name>.debug_info</name>
         <load_address>0x8d10</load_address>
         <run_address>0x8d10</run_address>
         <size>0x128</size>
         <input_file_ref idref="fl-cd"/>
      </object_component>
      <object_component id="oc-38b">
         <name>.debug_info</name>
         <load_address>0x8e38</load_address>
         <run_address>0x8e38</run_address>
         <size>0x12a</size>
         <input_file_ref idref="fl-cd"/>
      </object_component>
      <object_component id="oc-387">
         <name>.debug_info</name>
         <load_address>0x8f62</load_address>
         <run_address>0x8f62</run_address>
         <size>0x13a</size>
         <input_file_ref idref="fl-ce"/>
      </object_component>
      <object_component id="oc-380">
         <name>.debug_info</name>
         <load_address>0x909c</load_address>
         <run_address>0x909c</run_address>
         <size>0x13a</size>
         <input_file_ref idref="fl-cf"/>
      </object_component>
      <object_component id="oc-38f">
         <name>.debug_info</name>
         <load_address>0x91d6</load_address>
         <run_address>0x91d6</run_address>
         <size>0x12e</size>
         <input_file_ref idref="fl-d0"/>
      </object_component>
      <object_component id="oc-2fb">
         <name>.debug_info</name>
         <load_address>0x9304</load_address>
         <run_address>0x9304</run_address>
         <size>0x13e</size>
         <input_file_ref idref="fl-d1"/>
      </object_component>
      <object_component id="oc-39b">
         <name>.debug_info</name>
         <load_address>0x9442</load_address>
         <run_address>0x9442</run_address>
         <size>0x12c</size>
         <input_file_ref idref="fl-d2"/>
      </object_component>
      <object_component id="oc-37a">
         <name>.debug_info</name>
         <load_address>0x956e</load_address>
         <run_address>0x956e</run_address>
         <size>0x134</size>
         <input_file_ref idref="fl-d3"/>
      </object_component>
      <object_component id="oc-26a">
         <name>.debug_info</name>
         <load_address>0x96a2</load_address>
         <run_address>0x96a2</run_address>
         <size>0x4b3</size>
         <input_file_ref idref="fl-d4"/>
      </object_component>
      <object_component id="oc-17d">
         <name>.debug_info</name>
         <load_address>0x9b55</load_address>
         <run_address>0x9b55</run_address>
         <size>0x1a6</size>
         <input_file_ref idref="fl-d4"/>
      </object_component>
      <object_component id="oc-363">
         <name>.debug_info</name>
         <load_address>0x9cfb</load_address>
         <run_address>0x9cfb</run_address>
         <size>0x39</size>
         <input_file_ref idref="fl-d4"/>
      </object_component>
      <object_component id="oc-411">
         <name>.debug_info</name>
         <load_address>0x9d34</load_address>
         <run_address>0x9d34</run_address>
         <size>0x39</size>
         <input_file_ref idref="fl-d4"/>
      </object_component>
      <object_component id="oc-368">
         <name>.debug_info</name>
         <load_address>0x9d6d</load_address>
         <run_address>0x9d6d</run_address>
         <size>0x39</size>
         <input_file_ref idref="fl-d4"/>
      </object_component>
      <object_component id="oc-36d">
         <name>.debug_info</name>
         <load_address>0x9da6</load_address>
         <run_address>0x9da6</run_address>
         <size>0xcd</size>
         <input_file_ref idref="fl-d4"/>
      </object_component>
      <object_component id="oc-98">
         <name>.debug_info</name>
         <load_address>0x9e73</load_address>
         <run_address>0x9e73</run_address>
         <size>0x153</size>
         <input_file_ref idref="fl-d5"/>
      </object_component>
      <object_component id="oc-174">
         <name>.debug_info</name>
         <load_address>0x9fc6</load_address>
         <run_address>0x9fc6</run_address>
         <size>0x122</size>
         <input_file_ref idref="fl-d7"/>
      </object_component>
      <object_component id="oc-42c">
         <name>.debug_info</name>
         <load_address>0xa0e8</load_address>
         <run_address>0xa0e8</run_address>
         <size>0x29c</size>
         <input_file_ref idref="fl-d9"/>
      </object_component>
      <object_component id="oc-394">
         <name>.debug_info</name>
         <load_address>0xa384</load_address>
         <run_address>0xa384</run_address>
         <size>0x1da</size>
         <input_file_ref idref="fl-d9"/>
      </object_component>
      <object_component id="oc-377">
         <name>.debug_info</name>
         <load_address>0xa55e</load_address>
         <run_address>0xa55e</run_address>
         <size>0x2b9</size>
         <input_file_ref idref="fl-db"/>
      </object_component>
      <object_component id="oc-298">
         <name>.debug_info</name>
         <load_address>0xa817</load_address>
         <run_address>0xa817</run_address>
         <size>0x17c</size>
         <input_file_ref idref="fl-db"/>
      </object_component>
      <object_component id="oc-3cc">
         <name>.debug_info</name>
         <load_address>0xa993</load_address>
         <run_address>0xa993</run_address>
         <size>0x2a7</size>
         <input_file_ref idref="fl-dc"/>
      </object_component>
      <object_component id="oc-2c1">
         <name>.debug_info</name>
         <load_address>0xac3a</load_address>
         <run_address>0xac3a</run_address>
         <size>0x1b8</size>
         <input_file_ref idref="fl-dc"/>
      </object_component>
      <object_component id="oc-401">
         <name>.debug_info</name>
         <load_address>0xadf2</load_address>
         <run_address>0xadf2</run_address>
         <size>0x29a</size>
         <input_file_ref idref="fl-dd"/>
      </object_component>
      <object_component id="oc-317">
         <name>.debug_info</name>
         <load_address>0xb08c</load_address>
         <run_address>0xb08c</run_address>
         <size>0x262</size>
         <input_file_ref idref="fl-dd"/>
      </object_component>
      <object_component id="oc-3e6">
         <name>.debug_info</name>
         <load_address>0xb2ee</load_address>
         <run_address>0xb2ee</run_address>
         <size>0x2a4</size>
         <input_file_ref idref="fl-de"/>
      </object_component>
      <object_component id="oc-2e6">
         <name>.debug_info</name>
         <load_address>0xb592</load_address>
         <run_address>0xb592</run_address>
         <size>0x24d</size>
         <input_file_ref idref="fl-de"/>
      </object_component>
      <object_component id="oc-375">
         <name>.debug_info</name>
         <load_address>0xb7df</load_address>
         <run_address>0xb7df</run_address>
         <size>0x28f</size>
         <input_file_ref idref="fl-df"/>
      </object_component>
      <object_component id="oc-294">
         <name>.debug_info</name>
         <load_address>0xba6e</load_address>
         <run_address>0xba6e</run_address>
         <size>0x245</size>
         <input_file_ref idref="fl-df"/>
      </object_component>
      <object_component id="oc-3ff">
         <name>.debug_info</name>
         <load_address>0xbcb3</load_address>
         <run_address>0xbcb3</run_address>
         <size>0x296</size>
         <input_file_ref idref="fl-e0"/>
      </object_component>
      <object_component id="oc-312">
         <name>.debug_info</name>
         <load_address>0xbf49</load_address>
         <run_address>0xbf49</run_address>
         <size>0x265</size>
         <input_file_ref idref="fl-e0"/>
      </object_component>
      <object_component id="oc-3f4">
         <name>.debug_info</name>
         <load_address>0xc1ae</load_address>
         <run_address>0xc1ae</run_address>
         <size>0x3b1</size>
         <input_file_ref idref="fl-e1"/>
      </object_component>
      <object_component id="oc-3f1">
         <name>.debug_info</name>
         <load_address>0xc55f</load_address>
         <run_address>0xc55f</run_address>
         <size>0x123</size>
         <input_file_ref idref="fl-e1"/>
      </object_component>
      <object_component id="oc-2f7">
         <name>.debug_info</name>
         <load_address>0xc682</load_address>
         <run_address>0xc682</run_address>
         <size>0x4e0</size>
         <input_file_ref idref="fl-e1"/>
      </object_component>
      <object_component id="oc-3f8">
         <name>.debug_info</name>
         <load_address>0xcb62</load_address>
         <run_address>0xcb62</run_address>
         <size>0x321</size>
         <input_file_ref idref="fl-e2"/>
      </object_component>
      <object_component id="oc-300">
         <name>.debug_info</name>
         <load_address>0xce83</load_address>
         <run_address>0xce83</run_address>
         <size>0x28b</size>
         <input_file_ref idref="fl-e2"/>
      </object_component>
      <object_component id="oc-3fa">
         <name>.debug_info</name>
         <load_address>0xd10e</load_address>
         <run_address>0xd10e</run_address>
         <size>0x322</size>
         <input_file_ref idref="fl-e3"/>
      </object_component>
      <object_component id="oc-309">
         <name>.debug_info</name>
         <load_address>0xd430</load_address>
         <run_address>0xd430</run_address>
         <size>0x2cf</size>
         <input_file_ref idref="fl-e3"/>
      </object_component>
      <object_component id="oc-3ef">
         <name>.debug_info</name>
         <load_address>0xd6ff</load_address>
         <run_address>0xd6ff</run_address>
         <size>0x322</size>
         <input_file_ref idref="fl-e4"/>
      </object_component>
      <object_component id="oc-2f1">
         <name>.debug_info</name>
         <load_address>0xda21</load_address>
         <run_address>0xda21</run_address>
         <size>0x231</size>
         <input_file_ref idref="fl-e4"/>
      </object_component>
      <object_component id="oc-3ed">
         <name>.debug_info</name>
         <load_address>0xdc52</load_address>
         <run_address>0xdc52</run_address>
         <size>0x323</size>
         <input_file_ref idref="fl-e5"/>
      </object_component>
      <object_component id="oc-2e9">
         <name>.debug_info</name>
         <load_address>0xdf75</load_address>
         <run_address>0xdf75</run_address>
         <size>0x254</size>
         <input_file_ref idref="fl-e5"/>
      </object_component>
      <object_component id="oc-3d8">
         <name>.debug_info</name>
         <load_address>0xe1c9</load_address>
         <run_address>0xe1c9</run_address>
         <size>0x289</size>
         <input_file_ref idref="fl-e6"/>
      </object_component>
      <object_component id="oc-3d5">
         <name>.debug_info</name>
         <load_address>0xe452</load_address>
         <run_address>0xe452</run_address>
         <size>0x10e</size>
         <input_file_ref idref="fl-e6"/>
      </object_component>
      <object_component id="oc-2cd">
         <name>.debug_info</name>
         <load_address>0xe560</load_address>
         <run_address>0xe560</run_address>
         <size>0x14e</size>
         <input_file_ref idref="fl-e6"/>
      </object_component>
      <object_component id="oc-3d3">
         <name>.debug_info</name>
         <load_address>0xe6ae</load_address>
         <run_address>0xe6ae</run_address>
         <size>0x28f</size>
         <input_file_ref idref="fl-e7"/>
      </object_component>
      <object_component id="oc-2c7">
         <name>.debug_info</name>
         <load_address>0xe93d</load_address>
         <run_address>0xe93d</run_address>
         <size>0x15a</size>
         <input_file_ref idref="fl-e7"/>
      </object_component>
      <object_component id="oc-444">
         <name>.debug_info</name>
         <load_address>0xea97</load_address>
         <run_address>0xea97</run_address>
         <size>0x46</size>
         <input_file_ref idref="fl-e7"/>
      </object_component>
      <object_component id="oc-3ce">
         <name>.debug_info</name>
         <load_address>0xeadd</load_address>
         <run_address>0xeadd</run_address>
         <size>0x39</size>
         <input_file_ref idref="fl-e7"/>
      </object_component>
      <object_component id="oc-434">
         <name>.debug_info</name>
         <load_address>0xeb16</load_address>
         <run_address>0xeb16</run_address>
         <size>0x295</size>
         <input_file_ref idref="fl-e8"/>
      </object_component>
      <object_component id="oc-3bf">
         <name>.debug_info</name>
         <load_address>0xedab</load_address>
         <run_address>0xedab</run_address>
         <size>0x195</size>
         <input_file_ref idref="fl-e8"/>
      </object_component>
      <object_component id="oc-46e">
         <name>.debug_info</name>
         <load_address>0xef40</load_address>
         <run_address>0xef40</run_address>
         <size>0x39</size>
         <input_file_ref idref="fl-e8"/>
      </object_component>
      <object_component id="oc-435">
         <name>.debug_info</name>
         <load_address>0xef79</load_address>
         <run_address>0xef79</run_address>
         <size>0x2c</size>
         <input_file_ref idref="fl-e8"/>
      </object_component>
      <object_component id="oc-441">
         <name>.debug_info</name>
         <load_address>0xefa5</load_address>
         <run_address>0xefa5</run_address>
         <size>0x2f8</size>
         <input_file_ref idref="fl-e9"/>
      </object_component>
      <object_component id="oc-3c7">
         <name>.debug_info</name>
         <load_address>0xf29d</load_address>
         <run_address>0xf29d</run_address>
         <size>0x225</size>
         <input_file_ref idref="fl-e9"/>
      </object_component>
      <object_component id="oc-424">
         <name>.debug_info</name>
         <load_address>0xf4c2</load_address>
         <run_address>0xf4c2</run_address>
         <size>0x115</size>
         <input_file_ref idref="fl-ea"/>
      </object_component>
      <object_component id="oc-3e9">
         <name>.debug_info</name>
         <load_address>0xf5d7</load_address>
         <run_address>0xf5d7</run_address>
         <size>0x122</size>
         <input_file_ref idref="fl-eb"/>
      </object_component>
      <object_component id="oc-43d">
         <name>.debug_info</name>
         <load_address>0xf6f9</load_address>
         <run_address>0xf6f9</run_address>
         <size>0x161</size>
         <input_file_ref idref="fl-ec"/>
      </object_component>
      <object_component id="oc-21b">
         <name>.debug_info</name>
         <load_address>0xf85a</load_address>
         <run_address>0xf85a</run_address>
         <size>0x3e4</size>
         <input_file_ref idref="fl-ed"/>
      </object_component>
      <object_component id="oc-218">
         <name>.debug_info</name>
         <load_address>0xfc3e</load_address>
         <run_address>0xfc3e</run_address>
         <size>0x164</size>
         <input_file_ref idref="fl-ed"/>
      </object_component>
      <object_component id="oc-1cd">
         <name>.debug_info</name>
         <load_address>0xfda2</load_address>
         <run_address>0xfda2</run_address>
         <size>0x2ac</size>
         <input_file_ref idref="fl-ed"/>
      </object_component>
      <object_component id="oc-220">
         <name>.debug_info</name>
         <load_address>0x1004e</load_address>
         <run_address>0x1004e</run_address>
         <size>0x2bc</size>
         <input_file_ref idref="fl-ed"/>
      </object_component>
      <object_component id="oc-226">
         <name>.debug_info</name>
         <load_address>0x1030a</load_address>
         <run_address>0x1030a</run_address>
         <size>0x31f</size>
         <input_file_ref idref="fl-ed"/>
      </object_component>
      <object_component id="oc-115">
         <name>.debug_info</name>
         <load_address>0x10629</load_address>
         <run_address>0x10629</run_address>
         <size>0x29b</size>
         <input_file_ref idref="fl-ed"/>
      </object_component>
      <object_component id="oc-1c7">
         <name>.debug_info</name>
         <load_address>0x108c4</load_address>
         <run_address>0x108c4</run_address>
         <size>0x2c0</size>
         <input_file_ref idref="fl-ed"/>
      </object_component>
      <object_component id="oc-10e">
         <name>.debug_info</name>
         <load_address>0x10b84</load_address>
         <run_address>0x10b84</run_address>
         <size>0x289</size>
         <input_file_ref idref="fl-ed"/>
      </object_component>
      <object_component id="oc-286">
         <name>.debug_info</name>
         <load_address>0x10e0d</load_address>
         <run_address>0x10e0d</run_address>
         <size>0x26b</size>
         <input_file_ref idref="fl-ed"/>
      </object_component>
      <object_component id="oc-27f">
         <name>.debug_info</name>
         <load_address>0x11078</load_address>
         <run_address>0x11078</run_address>
         <size>0x297</size>
         <input_file_ref idref="fl-ed"/>
      </object_component>
      <object_component id="oc-32e">
         <name>.debug_info</name>
         <load_address>0x1130f</load_address>
         <run_address>0x1130f</run_address>
         <size>0xef</size>
         <input_file_ref idref="fl-ed"/>
      </object_component>
      <object_component id="oc-1bb">
         <name>.debug_info</name>
         <load_address>0x113fe</load_address>
         <run_address>0x113fe</run_address>
         <size>0xbb</size>
         <input_file_ref idref="fl-ed"/>
      </object_component>
      <object_component id="oc-247">
         <name>.debug_info</name>
         <load_address>0x114b9</load_address>
         <run_address>0x114b9</run_address>
         <size>0x3b7</size>
         <input_file_ref idref="fl-ee"/>
      </object_component>
      <object_component id="oc-244">
         <name>.debug_info</name>
         <load_address>0x11870</load_address>
         <run_address>0x11870</run_address>
         <size>0x15b</size>
         <input_file_ref idref="fl-ee"/>
      </object_component>
      <object_component id="oc-344">
         <name>.debug_info</name>
         <load_address>0x119cb</load_address>
         <run_address>0x119cb</run_address>
         <size>0x160</size>
         <input_file_ref idref="fl-ee"/>
      </object_component>
      <object_component id="oc-23d">
         <name>.debug_info</name>
         <load_address>0x11b2b</load_address>
         <run_address>0x11b2b</run_address>
         <size>0x2ca</size>
         <input_file_ref idref="fl-ee"/>
      </object_component>
      <object_component id="oc-14e">
         <name>.debug_info</name>
         <load_address>0x11df5</load_address>
         <run_address>0x11df5</run_address>
         <size>0x247</size>
         <input_file_ref idref="fl-ee"/>
      </object_component>
      <object_component id="oc-136">
         <name>.debug_info</name>
         <load_address>0x1203c</load_address>
         <run_address>0x1203c</run_address>
         <size>0x271</size>
         <input_file_ref idref="fl-ee"/>
      </object_component>
      <object_component id="oc-214">
         <name>.debug_info</name>
         <load_address>0x122ad</load_address>
         <run_address>0x122ad</run_address>
         <size>0x441</size>
         <input_file_ref idref="fl-ef"/>
      </object_component>
      <object_component id="oc-22a">
         <name>.debug_info</name>
         <load_address>0x126ee</load_address>
         <run_address>0x126ee</run_address>
         <size>0x156</size>
         <input_file_ref idref="fl-ef"/>
      </object_component>
      <object_component id="oc-106">
[...]
         <cprec>
            <name>.data</name>
            <load_address>0x46b8</load_address>
            <load_size>0x8</load_size>
            <run_address>0x200004b0</run_address>
            <run_size>0x14</run_size>
            <compression>lzss</compression>
         </cprec>
         <cprec>
            <name>.vtable</name>
            <load_address>0x46c0</load_address>
            <load_size>0x8</load_size>
            <run_address>0x20000000</run_address>
            <run_size>0x26c</run_size>
            <compression>zero_init</compression>
         </cprec>
      </cptbl>
   </cptbl_list>
   <handler_table>
      <handler_table_name>__TI_handler_table</handler_table_name>
      <handler>
         <index>0x0</index>
         <name>__TI_zero_init</name>
      </handler>
      <handler>
         <index>0x1</index>
         <name>__TI_decompress_lzss</name>
      </handler>
      <handler>
         <index>0x2</index>
         <name>__TI_decompress_none</name>
      </handler>
   </handler_table>
   <symbol_table>
      <symbol id="sm-1">
         <name>__STACK_TOP</name>
         <value>0x20000470</value>
      </symbol>
      <symbol id="sm-2">
         <name>__start___llvm_prf_cnts</name>
         <value>0x20000000</value>
      </symbol>
      <symbol id="sm-3">
         <name>__stop___llvm_prf_cnts</name>
         <value>0x20000000</value>
      </symbol>
      <symbol id="sm-4">
         <name>__TI_CINIT_Base</name>
         <value>0x46c8</value>
      </symbol>
      <symbol id="sm-5">
         <name>__TI_CINIT_Limit</name>
         <value>0x46e0</value>
      </symbol>
      <symbol id="sm-6">
         <name>__TI_Handler_Table_Base</name>
         <value>0x46a0</value>
      </symbol>
      <symbol id="sm-7">
         <name>__TI_Handler_Table_Limit</name>
         <value>0x46ac</value>
      </symbol>
      <symbol id="sm-8">
         <name>binit</name>
         <value>0xffffffff</value>
      </symbol>
      <symbol id="sm-9">
         <name>__binit__</name>
         <value>0xffffffff</value>
      </symbol>
      <symbol id="sm-a">
         <name>__STACK_SIZE</name>
         <value>0x200</value>
      </symbol>
      <symbol id="sm-b">
         <name>__STACK_END</name>
         <value>0x20000470</value>
      </symbol>
      <symbol id="sm-c">
         <name>__c_args__</name>
         <value>0xffffffff</value>
      </symbol>
      <symbol id="sm-d">
         <name>__TI_pprof_out_hndl</name>
         <value>0xffffffff</value>
      </symbol>
      <symbol id="sm-e">
         <name>__TI_prof_data_start</name>
         <value>0xffffffff</value>
      </symbol>
      <symbol id="sm-f">
         <name>__TI_prof_data_size</name>
         <value>0xffffffff</value>
      </symbol>
      <symbol id="sm-68">
         <name>LCD_Cmd</name>
         <value>0x28df</value>
         <object_component_ref idref="oc-d5"/>
      </symbol>
      <symbol id="sm-69">
         <name>LCD_GoTo</name>
         <value>0x293f</value>
         <object_component_ref idref="oc-d5"/>
      </symbol>
      <symbol id="sm-6a">
         <name>LCD_Init</name>
         <value>0x283d</value>
         <object_component_ref idref="oc-d5"/>
      </symbol>
      <symbol id="sm-6b">
         <name>LCD_Data</name>
         <value>0x288f</value>
         <object_component_ref idref="oc-d5"/>
      </symbol>
      <symbol id="sm-6c">
         <name>LCD_Print</name>
         <value>0x2821</value>
         <object_component_ref idref="oc-d5"/>
      </symbol>
      <symbol id="sm-ae">
         <name>ReadInitialTime</name>
         <value>0x1d7f</value>
         <object_component_ref idref="oc-9b"/>
      </symbol>
      <symbol id="sm-af">
         <name>UARTIntHandler</name>
         <value>0x1c31</value>
         <object_component_ref idref="oc-9b"/>
      </symbol>
      <symbol id="sm-b0">
         <name>main</name>
         <value>0x1e97</value>
         <object_component_ref idref="oc-9b"/>
      </symbol>
      <symbol id="sm-b1">
         <name>TimerIntHandler</name>
         <value>0x1cd1</value>
         <object_component_ref idref="oc-9b"/>
      </symbol>
      <symbol id="sm-cd">
         <name>ResetISR</name>
         <value>0x4221</value>
         <object_component_ref idref="oc-27"/>
      </symbol>
      <symbol id="sm-ce">
         <name>g_pfnVectors</name>
         <value>0x0</value>
         <object_component_ref idref="oc-12"/>
      </symbol>
      <symbol id="sm-db">
         <name>delay_us</name>
         <value>0x3e15</value>
         <object_component_ref idref="oc-ff"/>
      </symbol>
      <symbol id="sm-dc">
         <name>delay_ms</name>
         <value>0x3e33</value>
         <object_component_ref idref="oc-ff"/>
      </symbol>
      <symbol id="sm-10b">
         <name>snprintf</name>
         <value>0x3cf5</value>
         <object_component_ref idref="oc-ed"/>
      </symbol>
      <symbol id="sm-142">
         <name>sscanf</name>
         <value>0x3ed9</value>
         <object_component_ref idref="oc-f3"/>
      </symbol>
      <symbol id="sm-15d">
         <name>memcpy</name>
         <value>0x3583</value>
         <object_component_ref idref="oc-3b"/>
      </symbol>
      <symbol id="sm-15e">
         <name>__aeabi_memcpy</name>
         <value>0x3583</value>
         <object_component_ref idref="oc-3b"/>
      </symbol>
      <symbol id="sm-15f">
         <name>__aeabi_memcpy8</name>
         <value>0x3583</value>
         <object_component_ref idref="oc-3b"/>
      </symbol>
      <symbol id="sm-160">
         <name>__aeabi_memcpy4</name>
         <value>0x3583</value>
         <object_component_ref idref="oc-3b"/>
      </symbol>
      <symbol id="sm-16f">
         <name>__aeabi_memset</name>
         <value>0x37c3</value>
         <object_component_ref idref="oc-8f"/>
      </symbol>
      <symbol id="sm-170">
         <name>memset</name>
         <value>0x37c9</value>
         <object_component_ref idref="oc-8f"/>
      </symbol>
      <symbol id="sm-171">
         <name>__aeabi_memset8</name>
         <value>0x37c3</value>
         <object_component_ref idref="oc-8f"/>
      </symbol>
      <symbol id="sm-172">
         <name>__aeabi_memset4</name>
         <value>0x37c3</value>
         <object_component_ref idref="oc-8f"/>
      </symbol>
      <symbol id="sm-173">
         <name>__aeabi_memclr8</name>
         <value>0x37c1</value>
         <object_component_ref idref="oc-8f"/>
      </symbol>
      <symbol id="sm-174">
         <name>__aeabi_memclr4</name>
         <value>0x37c1</value>
         <object_component_ref idref="oc-8f"/>
      </symbol>
      <symbol id="sm-175">
         <name>__aeabi_memclr</name>
         <value>0x37c1</value>
         <object_component_ref idref="oc-8f"/>
      </symbol>
      <symbol id="sm-18e">
         <name>__TI_zero_init_nomemset</name>
         <value>0x4059</value>
         <object_component_ref idref="oc-47"/>
      </symbol>
      <symbol id="sm-1a5">
         <name>__TI_decompress_none</name>
         <value>0x4207</value>
         <object_component_ref idref="oc-1b"/>
      </symbol>
      <symbol id="sm-1c8">
         <name>__TI_decompress_lzss</name>
         <value>0x39e9</value>
         <object_component_ref idref="oc-15"/>
      </symbol>
      <symbol id="sm-1d3">
         <name>_ctypes_</name>
         <value>0x4290</value>
         <object_component_ref idref="oc-30b"/>
      </symbol>
      <symbol id="sm-1e6">
         <name>__stack</name>
         <value>0x20000270</value>
         <object_component_ref idref="oc-24"/>
      </symbol>
      <symbol id="sm-1e7">
         <name>_c_int00_noargs</name>
         <value>0x3f79</value>
         <object_component_ref idref="oc-59"/>
      </symbol>
      <symbol id="sm-34c">
         <name>__TI_printfi</name>
         <value>0xd81</value>
         <object_component_ref idref="oc-1d5"/>
      </symbol>
      <symbol id="sm-402">
         <name>__TI_scanfi</name>
         <value>0x26d</value>
         <object_component_ref idref="oc-1f8"/>
      </symbol>
      <symbol id="sm-419">
         <name>__aeabi_dsub</name>
         <value>0x24fd</value>
         <object_component_ref idref="oc-39e"/>
      </symbol>
      <symbol id="sm-41a">
         <name>__aeabi_dadd</name>
         <value>0x2507</value>
         <object_component_ref idref="oc-39e"/>
      </symbol>
      <symbol id="sm-43c">
         <name>__aeabi_cdcmpeq</name>
         <value>0x36b5</value>
         <object_component_ref idref="oc-2a3"/>
      </symbol>
      <symbol id="sm-43d">
         <name>__aeabi_cdcmple</name>
         <value>0x36b5</value>
         <object_component_ref idref="oc-2a3"/>
      </symbol>
      <symbol id="sm-43e">
         <name>__aeabi_cdrcmple</name>
         <value>0x373b</value>
         <object_component_ref idref="oc-389"/>
      </symbol>
      <symbol id="sm-452">
         <name>__aeabi_ddiv</name>
         <value>0x2c1d</value>
         <object_component_ref idref="oc-384"/>
      </symbol>
      <symbol id="sm-45d">
         <name>__aeabi_dmul</name>
         <value>0x32e1</value>
         <object_component_ref idref="oc-37f"/>
      </symbol>
      <symbol id="sm-467">
         <name>__aeabi_d2iz</name>
         <value>0x3d41</value>
         <object_component_ref idref="oc-38e"/>
      </symbol>
      <symbol id="sm-473">
         <name>__aeabi_d2f</name>
         <value>0x38a9</value>
         <object_component_ref idref="oc-2fa"/>
      </symbol>
      <symbol id="sm-47d">
         <name>__aeabi_i2d</name>
         <value>0x3fdd</value>
         <object_component_ref idref="oc-399"/>
      </symbol>
      <symbol id="sm-48a">
         <name>__aeabi_uldivmod</name>
         <value>0x361f</value>
         <object_component_ref idref="oc-378"/>
      </symbol>
      <symbol id="sm-4b2">
         <name>__TI_auto_init_nobinit_nopinit</name>
         <value>0x3dd1</value>
         <object_component_ref idref="oc-17c"/>
      </symbol>
      <symbol id="sm-4bc">
         <name>_system_pre_init</name>
         <value>0x4289</value>
         <object_component_ref idref="oc-95"/>
      </symbol>
      <symbol id="sm-4c8">
         <name>C$$EXIT</name>
         <value>0x428d</value>
         <object_component_ref idref="oc-170"/>
      </symbol>
      <symbol id="sm-4c9">
         <name>abort</name>
         <value>0x428d</value>
         <object_component_ref idref="oc-170"/>
      </symbol>
      <symbol id="sm-4d9">
         <name>__TI_ltoa</name>
         <value>0x3b6b</value>
         <object_component_ref idref="oc-393"/>
      </symbol>
      <symbol id="sm-4f0">
         <name>atoi</name>
         <value>0x3ca9</value>
         <object_component_ref idref="oc-297"/>
      </symbol>
      <symbol id="sm-500">
         <name>memccpy</name>
         <value>0x4075</value>
         <object_component_ref idref="oc-2c0"/>
      </symbol>
      <symbol id="sm-510">
         <name>strchr</name>
         <value>0x4153</value>
         <object_component_ref idref="oc-314"/>
      </symbol>
      <symbol id="sm-51e">
         <name>strcpy</name>
         <value>0x417d</value>
         <object_component_ref idref="oc-2e2"/>
      </symbol>
      <symbol id="sm-52c">
         <name>strlen</name>
         <value>0x4191</value>
         <object_component_ref idref="oc-291"/>
      </symbol>
      <symbol id="sm-53b">
         <name>strrchr</name>
         <value>0x4125</value>
         <object_component_ref idref="oc-30e"/>
      </symbol>
      <symbol id="sm-59b">
         <name>strtold</name>
         <value>0x17d1</value>
         <object_component_ref idref="oc-2f4"/>
      </symbol>
      <symbol id="sm-59c">
         <name>strtod</name>
         <value>0x17d1</value>
         <object_component_ref idref="oc-2f4"/>
      </symbol>
      <symbol id="sm-5c0">
         <name>strtol</name>
         <value>0x2d55</value>
         <object_component_ref idref="oc-2ff"/>
      </symbol>
      <symbol id="sm-5e6">
         <name>strtoll</name>
         <value>0x2151</value>
         <object_component_ref idref="oc-305"/>
      </symbol>
      <symbol id="sm-606">
         <name>strtoul</name>
         <value>0x31d1</value>
         <object_component_ref idref="oc-2ee"/>
      </symbol>
      <symbol id="sm-629">
         <name>strtoull</name>
         <value>0x2985</value>
         <object_component_ref idref="oc-2e8"/>
      </symbol>
      <symbol id="sm-63f">
         <name>__aeabi_errno_addr</name>
         <value>0x4265</value>
         <object_component_ref idref="oc-2cc"/>
      </symbol>
      <symbol id="sm-640">
         <name>errno</name>
         <value>0x200004c0</value>
         <object_component_ref idref="oc-3d4"/>
      </symbol>
      <symbol id="sm-659">
         <name>wcslen</name>
         <value>0x41c9</value>
         <object_component_ref idref="oc-2c6"/>
      </symbol>
      <symbol id="sm-679">
         <name>frexpl</name>
         <value>0x3a51</value>
         <object_component_ref idref="oc-3be"/>
      </symbol>
      <symbol id="sm-67a">
         <name>frexp</name>
         <value>0x3a51</value>
         <object_component_ref idref="oc-3be"/>
      </symbol>
      <symbol id="sm-697">
         <name>scalbn</name>
         <value>0x30c1</value>
         <object_component_ref idref="oc-3c4"/>
      </symbol>
      <symbol id="sm-698">
         <name>scalbnl</name>
         <value>0x30c1</value>
         <object_component_ref idref="oc-3c4"/>
      </symbol>
      <symbol id="sm-699">
         <name>ldexpl</name>
         <value>0x30c1</value>
         <object_component_ref idref="oc-3c4"/>
      </symbol>
      <symbol id="sm-69a">
         <name>ldexp</name>
         <value>0x30c1</value>
         <object_component_ref idref="oc-3c4"/>
      </symbol>
      <symbol id="sm-6a4">
         <name>__aeabi_idiv0</name>
         <value>0x17cf</value>
         <object_component_ref idref="oc-421"/>
      </symbol>
      <symbol id="sm-6a5">
         <name>__aeabi_ldiv0</name>
         <value>0x17cf</value>
         <object_component_ref idref="oc-421"/>
      </symbol>
      <symbol id="sm-6ae">
         <name>__aeabi_lmul</name>
         <value>0x410d</value>
         <object_component_ref idref="oc-3e7"/>
      </symbol>
      <symbol id="sm-6b8">
         <name>copysign</name>
         <value>0x40ab</value>
         <object_component_ref idref="oc-43a"/>
      </symbol>
      <symbol id="sm-6b9">
         <name>copysignl</name>
         <value>0x40ab</value>
         <object_component_ref idref="oc-43a"/>
      </symbol>
      <symbol id="sm-717">
         <name>GPIOPinConfigure</name>
         <value>0x3c11</value>
         <object_component_ref idref="oc-10b"/>
      </symbol>
      <symbol id="sm-718">
         <name>GPIOPinTypeUART</name>
         <value>0x413d</value>
         <object_component_ref idref="oc-111"/>
      </symbol>
      <symbol id="sm-719">
         <name>GPIOPinTypeGPIOOutput</name>
         <value>0x4091</value>
         <object_component_ref idref="oc-1c3"/>
      </symbol>
      <symbol id="sm-71a">
         <name>GPIODirModeSet</name>
         <value>0x400b</value>
         <object_component_ref idref="oc-21c"/>
      </symbol>
      <symbol id="sm-71b">
         <name>GPIOPinWrite</name>
         <value>0x4275</value>
         <object_component_ref idref="oc-1c9"/>
      </symbol>
      <symbol id="sm-71c">
         <name>GPIOPadConfigSet</name>
         <value>0x26b5</value>
         <object_component_ref idref="oc-222"/>
      </symbol>
      <symbol id="sm-756">
         <name>IntEnable</name>
         <value>0x3919</value>
         <object_component_ref idref="oc-135"/>
      </symbol>
      <symbol id="sm-757">
         <name>IntRegister</name>
         <value>0x3f11</value>
         <object_component_ref idref="oc-23c"/>
      </symbol>
      <symbol id="sm-758">
         <name>g_pfnRAMVectors</name>
         <value>0x20000000</value>
         <object_component_ref idref="oc-343"/>
      </symbol>
      <symbol id="sm-759">
         <name>IntMasterEnable</name>
         <value>0x41db</value>
         <object_component_ref idref="oc-14d"/>
      </symbol>
      <symbol id="sm-7ac">
         <name>SysCtlClockSet</name>
         <value>0x33dd</value>
         <object_component_ref idref="oc-f9"/>
      </symbol>
      <symbol id="sm-7ad">
         <name>SysCtlDelay</name>
         <value>0x427b</value>
         <object_component_ref idref="oc-212"/>
      </symbol>
      <symbol id="sm-7ae">
         <name>SysCtlPeripheralEnable</name>
         <value>0x3f45</value>
         <object_component_ref idref="oc-105"/>
      </symbol>
      <symbol id="sm-7af">
         <name>SysCtlClockGet</name>
         <value>0x2fa9</value>
         <object_component_ref idref="oc-117"/>
      </symbol>
      <symbol id="sm-80a">
         <name>TimerLoadSet</name>
         <value>0x41a5</value>
         <object_component_ref idref="oc-147"/>
      </symbol>
      <symbol id="sm-80b">
         <name>TimerIntRegister</name>
         <value>0x40c5</value>
         <object_component_ref idref="oc-159"/>
      </symbol>
      <symbol id="sm-80c">
         <name>TimerEnable</name>
         <value>0x41eb</value>
         <object_component_ref idref="oc-15f"/>
      </symbol>
      <symbol id="sm-80d">
         <name>TimerIntEnable</name>
         <value>0x4255</value>
         <object_component_ref idref="oc-153"/>
      </symbol>
      <symbol id="sm-80e">
         <name>TimerConfigure</name>
         <value>0x3ab5</value>
         <object_component_ref idref="oc-141"/>
      </symbol>
      <symbol id="sm-80f">
         <name>TimerIntClear</name>
         <value>0x4281</value>
         <object_component_ref idref="oc-e7"/>
      </symbol>
      <symbol id="sm-891">
         <name>UARTConfigSetExpClk</name>
         <value>0x3d89</value>
         <object_component_ref idref="oc-11d"/>
      </symbol>
      <symbol id="sm-892">
         <name>UARTDisable</name>
         <value>0x4039</value>
         <object_component_ref idref="oc-22d"/>
      </symbol>
      <symbol id="sm-893">
         <name>UARTIntEnable</name>
         <value>0x425d</value>
         <object_component_ref idref="oc-13b"/>
      </symbol>
      <symbol id="sm-894">
         <name>UARTCharsAvail</name>
         <value>0x41f9</value>
         <object_component_ref idref="oc-e1"/>
      </symbol>
      <symbol id="sm-895">
         <name>UARTCharPut</name>
         <value>0x4237</value>
         <object_component_ref idref="oc-cf"/>
      </symbol>
      <symbol id="sm-896">
         <name>UARTEnable</name>
         <value>0x4169</value>
         <object_component_ref idref="oc-123"/>
      </symbol>
      <symbol id="sm-897">
         <name>UARTFIFOEnable</name>
         <value>0x4241</value>
         <object_component_ref idref="oc-129"/>
      </symbol>
      <symbol id="sm-898">
         <name>UARTIntClear</name>
         <value>0x4285</value>
         <object_component_ref idref="oc-c9"/>
      </symbol>
      <symbol id="sm-899">
         <name>UARTIntStatus</name>
         <value>0x424b</value>
         <object_component_ref idref="oc-c3"/>
      </symbol>
      <symbol id="sm-89a">
         <name>UARTCharGet</name>
         <value>0x422d</value>
         <object_component_ref idref="oc-db"/>
      </symbol>
      <symbol id="sm-89b">
         <name>UARTIntRegister</name>
         <value>0x40dd</value>
         <object_component_ref idref="oc-12f"/>
      </symbol>
      <symbol id="sm-8a5">
         <name>CPUcpsie</name>
         <value>0x4215</value>
         <object_component_ref idref="oc-24b"/>
      </symbol>
      <symbol id="sm-8a6">
         <name>__TI_static_base__</name>
         <value>0x0</value>
      </symbol>
      <symbol id="sm-8a9">
         <name>__mpu_init</name>
         <value>0x0</value>
      </symbol>
      <symbol id="sm-8aa">
         <name>_system_post_cinit</name>
         <value>0x0</value>
      </symbol>
   </symbol_table>
   <title>Link successful</title>
</link_info>
