******************************************************************************
                  TI ARM Linker PC v20.2.7                     
******************************************************************************
>> Linked Mon Dec  2 13:08:47 2024

OUTPUT FILE NAME:   <Week8_1 - SeriPort.out>
ENTRY POINT SYMBOL: "_c_int00_noargs"  address: 00000c6d


MEMORY CONFIGURATION

         name            origin    length      used     unused   attr    fill
----------------------  --------  ---------  --------  --------  ----  --------
  FLASH                 00000000   00040000  00000ff6  0003f00a  R  X
  SRAM                  20000000   00008000  00000480  00007b80  RW X


SEGMENT ALLOCATION MAP

run origin  load origin   length   init length attrs members
----------  ----------- ---------- ----------- ----- -------
00000000    00000000    00000ff8   00000ff8    r-x
  00000000    00000000    0000026c   0000026c    r-- .intvecs
  0000026c    0000026c    00000b9a   00000b9a    r-x .text
  00000e08    00000e08    000001b0   000001b0    r-- .const
  00000fb8    00000fb8    00000040   00000040    r-- .cinit
20000000    20000000    00000480   00000000    rw-
  20000000    20000000    0000026c   00000000    rw- .vtable
  2000026c    2000026c    00000004   00000000    rw- .data
  20000270    20000270    00000200   00000000    rw- .stack
  20000470    20000470    00000010   00000000    rw- .bss


SECTION ALLOCATION MAP

 output                                  attributes/
section   page    origin      length       input sections
--------  ----  ----------  ----------   ----------------
.intvecs   0    00000000    0000026c     
                  00000000    0000026c     tm4c123gh6pm_startup_ccs.obj (.intvecs)

.text      0    0000026c    00000b9a     
                  0000026c    0000016c     driverlib.lib : gpio.obj (.text:GPIOPadConfigSet)
                  000003d8    00000168     main.obj (.text)
                  00000540    00000164     lcd_funcs.obj (.text)
                  000006a4    00000118     driverlib.lib : sysctl.obj (.text:SysCtlClockGet)
                  000007bc    000000f4                   : sysctl.obj (.text:SysCtlClockSet)
                  000008b0    0000009c     rtsv7M4_T_le_v4SPD16_eabi.lib : memcpy_t2.asm.obj (.text)
                  0000094c    00000068     driverlib.lib : interrupt.obj (.text:IntEnable)
                  000009b4    00000068     rtsv7M4_T_le_v4SPD16_eabi.lib : copy_decompress_lzss.c.obj (.text:decompress:lzss:__TI_decompress_lzss)
                  00000a1c    00000064     utils.obj (.text)
                  00000a80    00000060     driverlib.lib : timer.obj (.text:TimerConfigure)
                  00000ae0    0000004c                   : gpio.obj (.text:GPIOPinConfigure)
                  00000b2c    0000004c                   : timer.obj (.text:_TimerIntNumberGet)
                  00000b78    00000046                   : uart.obj (.text:UARTConfigSetExpClk)
                  00000bbe    00000002     --HOLE-- [fill = 0]
                  00000bc0    00000044     rtsv7M4_T_le_v4SPD16_eabi.lib : autoinit.c.obj (.text:__TI_auto_init_nobinit_nopinit:__TI_auto_init_nobinit_nopinit)
                  00000c04    00000034     driverlib.lib : interrupt.obj (.text:IntRegister)
                  00000c38    00000034                   : sysctl.obj (.text:SysCtlPeripheralEnable)
                  00000c6c    00000034     rtsv7M4_T_le_v4SPD16_eabi.lib : boot_cortex_m.c.obj (.text:_c_int00_noargs:_c_int00_noargs)
                  00000ca0    0000002c     driverlib.lib : gpio.obj (.text:GPIODirModeSet)
                  00000ccc    00000020                   : uart.obj (.text:UARTDisable)
                  00000cec    0000001c     rtsv7M4_T_le_v4SPD16_eabi.lib : copy_zero_init.c.obj (.text:decompress:ZI:__TI_zero_init_nomemset:__TI_zero_init_nomemset)
                  00000d08    0000001a     driverlib.lib : gpio.obj (.text:GPIOPinTypeGPIOOutput)
                  00000d22    00000018                   : timer.obj (.text:TimerIntRegister)
                  00000d3a    00000016                   : gpio.obj (.text:GPIOPinTypeUART)
                  00000d50    00000014                   : uart.obj (.text:UARTEnable)
                  00000d64    00000012                   : timer.obj (.text:TimerLoadSet)
                  00000d76    00000010                   : interrupt.obj (.text:IntMasterEnable)
                  00000d86    0000000e                   : timer.obj (.text:TimerEnable)
                  00000d94    0000000e                   : uart.obj (.text:UARTCharsAvail)
                  00000da2    0000000e     rtsv7M4_T_le_v4SPD16_eabi.lib : copy_decompress_none.c.obj (.text:decompress:none:__TI_decompress_none)
                  00000db0    0000000c     driverlib.lib : cpu.obj (.text:CPUcpsie)
                  00000dbc    0000000c     tm4c123gh6pm_startup_ccs.obj (.text)
                  00000dc8    0000000a     driverlib.lib : uart.obj (.text:UARTCharGet)
                  00000dd2    0000000a                   : uart.obj (.text:UARTCharPut)
                  00000ddc    0000000a                   : uart.obj (.text:UARTFIFOEnable)
                  00000de6    00000008                   : timer.obj (.text:TimerIntEnable)
                  00000dee    00000006                   : gpio.obj (.text:GPIOPinWrite)
                  00000df4    00000006                   : sysctl.obj (.text:SysCtlDelay)
                  00000dfa    00000004                   : timer.obj (.text:TimerIntClear)
                  00000dfe    00000004     rtsv7M4_T_le_v4SPD16_eabi.lib : pre_init.c.obj (.text:_system_pre_init)
                  00000e02    00000004                                   : exit.c.obj (.text:abort:abort)

.const     0    00000e08    000001b0     
                  00000e08    00000090     driverlib.lib : gpio.obj (.const:g_pui32GPIOBaseAddrs)
                  00000e98    0000006c                   : sysctl.obj (.const:g_pui32Xtals)
                  00000f04    00000060                   : timer.obj (.const:g_ppui32TimerIntMap)
                  00000f64    00000040                   : timer.obj (.const:g_ppui32TimerIntMapSnowflake)
                  00000fa4    00000014                   : interrupt.obj (.const:g_pui32EnRegs)

.cinit     0    00000fb8    00000040     
                  00000fb8    0000000c     (__TI_handler_table)
                  00000fc4    00000004     --HOLE-- [fill = 0]
                  00000fc8    00000008     (.cinit..bss.load) [load image, compression = zero_init]
                  00000fd0    00000008     (.cinit..vtable.load) [load image, compression = zero_init]
                  00000fd8    00000007     (.cinit..data.load) [load image, compression = lzss]
                  00000fdf    00000001     --HOLE-- [fill = 0]
                  00000fe0    00000018     (__TI_cinit_table)

.init_array 
*          0    00000000    00000000     UNINITIALIZED

.vtable    0    20000000    0000026c     UNINITIALIZED
                  20000000    0000026c     driverlib.lib : interrupt.obj (.vtable)

.data      0    2000026c    00000004     UNINITIALIZED
                  2000026c    00000004     main.obj (.data)

.bss       0    20000470    00000010     UNINITIALIZED
                  20000470    00000010     main.obj (.bss:timeBuffer$1)

.stack     0    20000270    00000200     UNINITIALIZED
                  20000270    00000004     rtsv7M4_T_le_v4SPD16_eabi.lib : boot_cortex_m.c.obj (.stack)
                  20000274    000001fc     --HOLE--

__llvm_prf_cnts 
*          0    20000000    00000000     UNINITIALIZED

MODULE SUMMARY

       Module                         code   ro data   rw data
       ------                         ----   -------   -------
    .\
       tm4c123gh6pm_startup_ccs.obj   12     620       0      
       main.obj                       360    0         20     
       lcd_funcs.obj                  356    0         0      
       utils.obj                      100    0         0      
    +--+------------------------------+------+---------+---------+
       Total:                         828    620       20     
                                                              
    C:/ti/TivaWare_C_Series-2.2.0.295/driverlib/ccs/Debug/driverlib.lib
       interrupt.obj                  172    20        620    
       sysctl.obj                     582    108       0      
       gpio.obj                       538    144       0      
       timer.obj                      240    160       0      
       uart.obj                       166    0         0      
       cpu.obj                        12     0         0      
    +--+------------------------------+------+---------+---------+
       Total:                         1710   432       620    
                                                              
    C:\ti\ccs1281\ccs\tools\compiler\ti-cgt-arm_20.2.7.LTS\lib\rtsv7M4_T_le_v4SPD16_eabi.lib
       memcpy_t2.asm.obj              156    0         0      
       copy_decompress_lzss.c.obj     104    0         0      
       autoinit.c.obj                 68     0         0      
       boot_cortex_m.c.obj            52     0         0      
       copy_zero_init.c.obj           28     0         0      
       copy_decompress_none.c.obj     14     0         0      
       exit.c.obj                     4      0         0      
       pre_init.c.obj                 4      0         0      
    +--+------------------------------+------+---------+---------+
       Total:                         430    0         0      
                                                              
       Stack:                         0      0         512    
       Linker Generated:              0      59        0      
    +--+------------------------------+------+---------+---------+
       Grand Total:                   2968   1111      1152   


LINKER GENERATED COPY TABLES

__TI_cinit_table @ 00000fe0 records: 3, size/record: 8, table size: 24
	.bss: load addr=00000fc8, load size=00000008 bytes, run addr=20000470, run size=00000010 bytes, compression=zero_init
	.vtable: load addr=00000fd0, load size=00000008 bytes, run addr=20000000, run size=0000026c bytes, compression=zero_init
	.data: load addr=00000fd8, load size=00000007 bytes, run addr=2000026c, run size=00000004 bytes, compression=lzss


LINKER GENERATED HANDLER TABLE

__TI_handler_table @ 00000fb8 records: 3, size/record: 4, table size: 12
	index: 0, handler: __TI_zero_init
	index: 1, handler: __TI_decompress_lzss
	index: 2, handler: __TI_decompress_none


GLOBAL SYMBOLS: SORTED ALPHABETICALLY BY Name 

address   name                          
-------   ----                          
00000e03  C$$EXIT                       
00000db1  CPUcpsie                      
00000ca1  GPIODirModeSet                
0000026d  GPIOPadConfigSet              
00000ae1  GPIOPinConfigure              
00000d09  GPIOPinTypeGPIOOutput         
00000d3b  GPIOPinTypeUART               
00000def  GPIOPinWrite                  
0000094d  IntEnable                     
00000d77  IntMasterEnable               
00000c05  IntRegister                   
000005ff  LCD_Cmd                       
000005af  LCD_Data                      
0000065f  LCD_GoTo                      
0000055d  LCD_Init                      
00000541  LCD_Print                     
00000dbd  ResetISR                      
000006a5  SysCtlClockGet                
000007bd  SysCtlClockSet                
00000df5  SysCtlDelay                   
00000c39  SysCtlPeripheralEnable        
00000a81  TimerConfigure                
00000d87  TimerEnable                   
00000dfb  TimerIntClear                 
00000de7  TimerIntEnable                
000003d9  TimerIntHandler               
00000d23  TimerIntRegister              
00000d65  TimerLoadSet                  
00000dc9  UARTCharGet                   
00000dd3  UARTCharPut                   
00000d95  UARTCharsAvail                
00000b79  UARTConfigSetExpClk           
00000ccd  UARTDisable                   
00000d51  UARTEnable                    
00000ddd  UARTFIFOEnable                
20000470  __STACK_END                   
00000200  __STACK_SIZE                  
20000470  __STACK_TOP                   
00000fe0  __TI_CINIT_Base               
00000ff8  __TI_CINIT_Limit              
00000fb8  __TI_Handler_Table_Base       
00000fc4  __TI_Handler_Table_Limit      
00000bc1  __TI_auto_init_nobinit_nopinit
000009b5  __TI_decompress_lzss          
00000da3  __TI_decompress_none          
ffffffff  __TI_pprof_out_hndl           
ffffffff  __TI_prof_data_size           
ffffffff  __TI_prof_data_start          
00000000  __TI_static_base__            
00000ced  __TI_zero_init_nomemset       
000008b1  __aeabi_memcpy                
000008b1  __aeabi_memcpy4               
000008b1  __aeabi_memcpy8               
ffffffff  __binit__                     
ffffffff  __c_args__                    
UNDEFED   __mpu_init                    
20000270  __stack                       
20000000  __start___llvm_prf_cnts       
20000000  __stop___llvm_prf_cnts        
00000c6d  _c_int00_noargs               
UNDEFED   _system_post_cinit            
00000dff  _system_pre_init              
00000e03  abort                         
ffffffff  binit                         
00000a3b  delay_ms                      
00000a1d  delay_us                      
20000000  g_pfnRAMVectors               
00000000  g_pfnVectors                  
0000050f  main                          
000008b1  memcpy                        
00000a5b  strlen                        


GLOBAL SYMBOLS: SORTED BY Symbol Address 

address   name                          
-------   ----                          
00000000  __TI_static_base__            
00000000  g_pfnVectors                  
00000200  __STACK_SIZE                  
0000026d  GPIOPadConfigSet              
000003d9  TimerIntHandler               
0000050f  main                          
00000541  LCD_Print                     
0000055d  LCD_Init                      
000005af  LCD_Data                      
000005ff  LCD_Cmd                       
0000065f  LCD_GoTo                      
000006a5  SysCtlClockGet                
000007bd  SysCtlClockSet                
000008b1  __aeabi_memcpy                
000008b1  __aeabi_memcpy4               
000008b1  __aeabi_memcpy8               
000008b1  memcpy                        
0000094d  IntEnable                     
000009b5  __TI_decompress_lzss          
00000a1d  delay_us                      
00000a3b  delay_ms                      
00000a5b  strlen                        
00000a81  TimerConfigure                
00000ae1  GPIOPinConfigure              
00000b79  UARTConfigSetExpClk           
00000bc1  __TI_auto_init_nobinit_nopinit
00000c05  IntRegister                   
00000c39  SysCtlPeripheralEnable        
00000c6d  _c_int00_noargs               
00000ca1  GPIODirModeSet                
00000ccd  UARTDisable                   
00000ced  __TI_zero_init_nomemset       
00000d09  GPIOPinTypeGPIOOutput         
00000d23  TimerIntRegister              
00000d3b  GPIOPinTypeUART               
00000d51  UARTEnable                    
00000d65  TimerLoadSet                  
00000d77  IntMasterEnable               
00000d87  TimerEnable                   
00000d95  UARTCharsAvail                
00000da3  __TI_decompress_none          
00000db1  CPUcpsie                      
00000dbd  ResetISR                      
00000dc9  UARTCharGet                   
00000dd3  UARTCharPut                   
00000ddd  UARTFIFOEnable                
00000de7  TimerIntEnable                
00000def  GPIOPinWrite                  
00000df5  SysCtlDelay                   
00000dfb  TimerIntClear                 
00000dff  _system_pre_init              
00000e03  C$$EXIT                       
00000e03  abort                         
00000fb8  __TI_Handler_Table_Base       
00000fc4  __TI_Handler_Table_Limit      
00000fe0  __TI_CINIT_Base               
00000ff8  __TI_CINIT_Limit              
20000000  __start___llvm_prf_cnts       
20000000  __stop___llvm_prf_cnts        
20000000  g_pfnRAMVectors               
20000270  __stack                       
20000470  __STACK_END                   
20000470  __STACK_TOP                   
ffffffff  __TI_pprof_out_hndl           
ffffffff  __TI_prof_data_size           
ffffffff  __TI_prof_data_start          
ffffffff  __binit__                     
ffffffff  __c_args__                    
ffffffff  binit                         
UNDEFED   __mpu_init                    
UNDEFED   _system_post_cinit            

[71 symbols]
