******************************************************************************
                  TI ARM Linker PC v20.2.7                     
******************************************************************************
>> Linked Tue Nov 12 20:26:21 2024

OUTPUT FILE NAME:   <Week6_1 - LCD_WithAPI.out>
ENTRY POINT SYMBOL: "_c_int00_noinit_noargs"  address: 00000899


MEMORY CONFIGURATION

         name            origin    length      used     unused   attr    fill
----------------------  --------  ---------  --------  --------  ----  --------
  FLASH                 00000000   00040000  0000096a  0003f696  R  X
  SRAM                  20000000   00008000  00000200  00007e00  RW X


SEGMENT ALLOCATION MAP

run origin  load origin   length   init length attrs members
----------  ----------- ---------- ----------- ----- -------
00000000    00000000    0000096c   0000096c    r-x
  00000000    00000000    0000026c   0000026c    r-- .intvecs
  0000026c    0000026c    00000692   00000692    r-x .text
  00000900    00000900    0000006c   0000006c    r-- .const
20000000    20000000    00000200   00000000    rw-
  20000000    20000000    00000200   00000000    rw- .stack


SECTION ALLOCATION MAP

 output                                  attributes/
section   page    origin      length       input sections
--------  ----  ----------  ----------   ----------------
.intvecs   0    00000000    0000026c     
                  00000000    0000026c     tm4c123gh6pm_startup_ccs.obj (.intvecs)

.text      0    0000026c    00000692     
                  0000026c    0000016c     driverlib.lib : gpio.obj (.text:GPIOPadConfigSet)
                  000003d8    00000118                   : sysctl.obj (.text:SysCtlClockGet)
                  000004f0    00000110     main.obj (.text)
                  00000600    000000f4     driverlib.lib : sysctl.obj (.text:SysCtlClockSet)
                  000006f4    000000e0     lcd_funcs.obj (.text)
                  000007d4    00000064     utils.obj (.text)
                  00000838    00000034     driverlib.lib : sysctl.obj (.text:SysCtlPeripheralEnable)
                  0000086c    0000002c                   : gpio.obj (.text:GPIODirModeSet)
                  00000898    0000002c     rtsv7M4_T_le_v4SPD16_eabi.lib : boot_cortex_m.c.obj (.text:_c_int00_noinit_noargs:_c_int00_noinit_noargs)
                  000008c4    0000001a     driverlib.lib : gpio.obj (.text:GPIOPinTypeGPIOOutput)
                  000008de    0000000c     tm4c123gh6pm_startup_ccs.obj (.text)
                  000008ea    00000006     driverlib.lib : gpio.obj (.text:GPIOPinWrite)
                  000008f0    00000006                   : sysctl.obj (.text:SysCtlDelay)
                  000008f6    00000004     rtsv7M4_T_le_v4SPD16_eabi.lib : pre_init.c.obj (.text:_system_pre_init)
                  000008fa    00000004                                   : exit.c.obj (.text:abort:abort)

.const     0    00000900    0000006c     
                  00000900    0000006c     driverlib.lib : sysctl.obj (.const:g_pui32Xtals)

.cinit     0    00000000    00000000     UNINITIALIZED

.init_array 
*          0    00000000    00000000     UNINITIALIZED

.stack     0    20000000    00000200     UNINITIALIZED
                  20000000    00000004     rtsv7M4_T_le_v4SPD16_eabi.lib : boot_cortex_m.c.obj (.stack)
                  20000004    000001fc     --HOLE--

__llvm_prf_cnts 
*          0    20000000    00000000     UNINITIALIZED

MODULE SUMMARY

       Module                         code   ro data   rw data
       ------                         ----   -------   -------
    .\
       tm4c123gh6pm_startup_ccs.obj   12     620       0      
       main.obj                       272    0         0      
       lcd_funcs.obj                  224    0         0      
       utils.obj                      100    0         0      
    +--+------------------------------+------+---------+---------+
       Total:                         608    620       0      
                                                              
    C:/ti/TivaWare_C_Series-2.2.0.295/driverlib/ccs/Debug/driverlib.lib
       sysctl.obj                     582    108       0      
       gpio.obj                       440    0         0      
    +--+------------------------------+------+---------+---------+
       Total:                         1022   108       0      
                                                              
    C:\ti\ccs1281\ccs\tools\compiler\ti-cgt-arm_20.2.7.LTS\lib\rtsv7M4_T_le_v4SPD16_eabi.lib
       boot_cortex_m.c.obj            44     0         0      
       exit.c.obj                     4      0         0      
       pre_init.c.obj                 4      0         0      
    +--+------------------------------+------+---------+---------+
       Total:                         52     0         0      
                                                              
       Stack:                         0      0         512    
    +--+------------------------------+------+---------+---------+
       Grand Total:                   1682   728       512    


GLOBAL SYMBOLS: SORTED ALPHABETICALLY BY Name 

address   name                   
-------   ----                   
000008fb  C$$EXIT                
0000086d  GPIODirModeSet         
0000026d  GPIOPadConfigSet       
000008c5  GPIOPinTypeGPIOOutput  
000008eb  GPIOPinWrite           
00000773  LCD_Cmd                
0000072f  LCD_Data               
000006f5  LCD_init               
000008df  ResetISR               
000003d9  SysCtlClockGet         
00000601  SysCtlClockSet         
000008f1  SysCtlDelay            
00000839  SysCtlPeripheralEnable 
20000200  __STACK_END            
00000200  __STACK_SIZE           
20000200  __STACK_TOP            
ffffffff  __TI_pprof_out_hndl    
ffffffff  __TI_prof_data_size    
ffffffff  __TI_prof_data_start   
00000000  __TI_static_base__     
ffffffff  __binit__              
ffffffff  __c_args__             
UNDEFED   __mpu_init             
20000000  __stack                
20000000  __start___llvm_prf_cnts
20000000  __stop___llvm_prf_cnts 
00000899  _c_int00_noinit_noargs 
000008f7  _system_pre_init       
000008fb  abort                  
ffffffff  binit                  
000007f3  delay_ms               
000007d5  delay_us               
00000000  g_pfnVectors           
0000054b  main                   
00000813  strlen                 


GLOBAL SYMBOLS: SORTED BY Symbol Address 

address   name                   
-------   ----                   
00000000  __TI_static_base__     
00000000  g_pfnVectors           
00000200  __STACK_SIZE           
0000026d  GPIOPadConfigSet       
000003d9  SysCtlClockGet         
0000054b  main                   
00000601  SysCtlClockSet         
000006f5  LCD_init               
0000072f  LCD_Data               
00000773  LCD_Cmd                
000007d5  delay_us               
000007f3  delay_ms               
00000813  strlen                 
00000839  SysCtlPeripheralEnable 
0000086d  GPIODirModeSet         
00000899  _c_int00_noinit_noargs 
000008c5  GPIOPinTypeGPIOOutput  
000008df  ResetISR               
000008eb  GPIOPinWrite           
000008f1  SysCtlDelay            
000008f7  _system_pre_init       
000008fb  C$$EXIT                
000008fb  abort                  
20000000  __stack                
20000000  __start___llvm_prf_cnts
20000000  __stop___llvm_prf_cnts 
20000200  __STACK_END            
20000200  __STACK_TOP            
ffffffff  __TI_pprof_out_hndl    
ffffffff  __TI_prof_data_size    
ffffffff  __TI_prof_data_start   
ffffffff  __binit__              
ffffffff  __c_args__             
ffffffff  binit                  
UNDEFED   __mpu_init             

[35 symbols]
