******************************************************************************
                  TI ARM Linker PC v20.2.7                     
******************************************************************************
>> Linked Mon Nov 11 14:19:15 2024

OUTPUT FILE NAME:   <Week7_0 - Timer.out>
ENTRY POINT SYMBOL: "_c_int00_noinit_noargs"  address: 00000781


MEMORY CONFIGURATION

         name            origin    length      used     unused   attr    fill
----------------------  --------  ---------  --------  --------  ----  --------
  FLASH                 00000000   00040000  00000886  0003f77a  R  X
  SRAM                  20000000   00008000  00000200  00007e00  RW X


SEGMENT ALLOCATION MAP

run origin  load origin   length   init length attrs members
----------  ----------- ---------- ----------- ----- -------
00000000    00000000    00000888   00000888    r-x
  00000000    00000000    0000026c   0000026c    r-- .intvecs
  0000026c    0000026c    000005ae   000005ae    r-x .text
  0000081c    0000081c    0000006c   0000006c    r-- .const
20000000    20000000    00000200   00000000    rw-
  20000000    20000000    00000200   00000000    rw- .stack


SECTION ALLOCATION MAP

 output                                  attributes/
section   page    origin      length       input sections
--------  ----  ----------  ----------   ----------------
.intvecs   0    00000000    0000026c     
                  00000000    0000026c     tm4c123gh6pm_startup_ccs.obj (.intvecs)

.text      0    0000026c    000005ae     
                  0000026c    0000016c     driverlib.lib : gpio.obj (.text:GPIOPadConfigSet)
                  000003d8    00000118                   : sysctl.obj (.text:SysCtlClockGet)
                  000004f0    000000f4                   : sysctl.obj (.text:SysCtlClockSet)
                  000005e4    000000a4     main.obj (.text)
                  00000688    00000060     driverlib.lib : timer.obj (.text:TimerConfigure)
                  000006e8    00000038                   : sysctl.obj (.text:SysCtlPeripheralReady)
                  00000720    00000034                   : sysctl.obj (.text:SysCtlPeripheralEnable)
                  00000754    0000002c                   : gpio.obj (.text:GPIODirModeSet)
                  00000780    0000002c     rtsv7M4_T_le_v4SPD16_eabi.lib : boot_cortex_m.c.obj (.text:_c_int00_noinit_noargs:_c_int00_noinit_noargs)
                  000007ac    0000001a     driverlib.lib : gpio.obj (.text:GPIOPinTypeGPIOOutput)
                  000007c6    00000012                   : timer.obj (.text:TimerLoadSet)
                  000007d8    0000000e                   : timer.obj (.text:TimerEnable)
                  000007e6    0000000c     tm4c123gh6pm_startup_ccs.obj (.text)
                  000007f2    0000000a     driverlib.lib : timer.obj (.text:TimerIntStatus)
                  000007fc    00000006                   : gpio.obj (.text:GPIOPinRead)
                  00000802    00000006                   : gpio.obj (.text:GPIOPinWrite)
                  00000808    00000006                   : sysctl.obj (.text:SysCtlDelay)
                  0000080e    00000004                   : timer.obj (.text:TimerIntClear)
                  00000812    00000004     rtsv7M4_T_le_v4SPD16_eabi.lib : pre_init.c.obj (.text:_system_pre_init)
                  00000816    00000004                                   : exit.c.obj (.text:abort:abort)

.const     0    0000081c    0000006c     
                  0000081c    0000006c     driverlib.lib : sysctl.obj (.const:g_pui32Xtals)

.cinit     0    00000000    00000000     UNINITIALIZED

.init_array 
*          0    00000000    00000000     UNINITIALIZED

.stack     0    20000000    00000200     UNINITIALIZED
                  20000000    00000004     rtsv7M4_T_le_v4SPD16_eabi.lib : boot_cortex_m.c.obj (.stack)
                  20000004    000001fc     --HOLE--

__llvm_prf_cnts 
*          0    20000000    00000000     UNINITIALIZED

MODULE SUMMARY

       Module                         code   ro data   rw data
       ------                         ----   -------   -------
    .\
       tm4c123gh6pm_startup_ccs.obj   12     620       0      
       main.obj                       164    0         0      
    +--+------------------------------+------+---------+---------+
       Total:                         176    620       0      
                                                              
    C:/ti/TivaWare_C_Series-2.2.0.295/driverlib/ccs/Debug/driverlib.lib
       sysctl.obj                     638    108       0      
       gpio.obj                       446    0         0      
       timer.obj                      142    0         0      
    +--+------------------------------+------+---------+---------+
       Total:                         1226   108       0      
                                                              
    C:\ti\ccs1281\ccs\tools\compiler\ti-cgt-arm_20.2.7.LTS\lib\rtsv7M4_T_le_v4SPD16_eabi.lib
       boot_cortex_m.c.obj            44     0         0      
       exit.c.obj                     4      0         0      
       pre_init.c.obj                 4      0         0      
    +--+------------------------------+------+---------+---------+
       Total:                         52     0         0      
                                                              
       Stack:                         0      0         512    
    +--+------------------------------+------+---------+---------+
       Grand Total:                   1454   728       512    


GLOBAL SYMBOLS: SORTED ALPHABETICALLY BY Name 

address   name                   
-------   ----                   
00000817  C$$EXIT                
00000755  GPIODirModeSet         
0000026d  GPIOPadConfigSet       
000007fd  GPIOPinRead            
000007ad  GPIOPinTypeGPIOOutput  
00000803  GPIOPinWrite           
000007e7  ResetISR               
00000619  SetInitSettings        
000003d9  SysCtlClockGet         
000004f1  SysCtlClockSet         
00000809  SysCtlDelay            
00000721  SysCtlPeripheralEnable 
000006e9  SysCtlPeripheralReady  
00000689  TimerConfigure         
000007d9  TimerEnable            
0000080f  TimerIntClear          
000007f3  TimerIntStatus         
000007c7  TimerLoadSet           
20000200  __STACK_END            
00000200  __STACK_SIZE           
20000200  __STACK_TOP            
ffffffff  __TI_pprof_out_hndl    
ffffffff  __TI_prof_data_size    
ffffffff  __TI_prof_data_start   
00000000  __TI_static_base__     
ffffffff  __binit__              
ffffffff  __c_args__             
UNDEFED   __mpu_init             
20000000  __stack                
20000000  __start___llvm_prf_cnts
20000000  __stop___llvm_prf_cnts 
00000781  _c_int00_noinit_noargs 
00000813  _system_pre_init       
00000817  abort                  
ffffffff  binit                  
00000000  g_pfnVectors           
000005e5  main                   


GLOBAL SYMBOLS: SORTED BY Symbol Address 

address   name                   
-------   ----                   
00000000  __TI_static_base__     
00000000  g_pfnVectors           
00000200  __STACK_SIZE           
0000026d  GPIOPadConfigSet       
000003d9  SysCtlClockGet         
000004f1  SysCtlClockSet         
000005e5  main                   
00000619  SetInitSettings        
00000689  TimerConfigure         
000006e9  SysCtlPeripheralReady  
00000721  SysCtlPeripheralEnable 
00000755  GPIODirModeSet         
00000781  _c_int00_noinit_noargs 
000007ad  GPIOPinTypeGPIOOutput  
000007c7  TimerLoadSet           
000007d9  TimerEnable            
000007e7  ResetISR               
000007f3  TimerIntStatus         
000007fd  GPIOPinRead            
00000803  GPIOPinWrite           
00000809  SysCtlDelay            
0000080f  TimerIntClear          
00000813  _system_pre_init       
00000817  C$$EXIT                
00000817  abort                  
20000000  __stack                
20000000  __start___llvm_prf_cnts
20000000  __stop___llvm_prf_cnts 
20000200  __STACK_END            
20000200  __STACK_TOP            
ffffffff  __TI_pprof_out_hndl    
ffffffff  __TI_prof_data_size    
ffffffff  __TI_prof_data_start   
ffffffff  __binit__              
ffffffff  __c_args__             
ffffffff  binit                  
UNDEFED   __mpu_init             

[37 symbols]
