******************************************************************************
                  TI ARM Linker PC v20.2.7                     
******************************************************************************
>> Linked Mon Nov 11 14:38:46 2024

OUTPUT FILE NAME:   <Week7_1 - TimerInt.out>
ENTRY POINT SYMBOL: "_c_int00_noargs"  address: 00000849


MEMORY CONFIGURATION

         name            origin    length      used     unused   attr    fill
----------------------  --------  ---------  --------  --------  ----  --------
  FLASH                 00000000   00040000  00000a98  0003f568  R  X
  SRAM                  20000000   00008000  0000046c  00007b94  RW X


SEGMENT ALLOCATION MAP

run origin  load origin   length   init length attrs members
----------  ----------- ---------- ----------- ----- -------
00000000    00000000    00000a9c   00000a9c    r-x
  00000000    00000000    0000026c   0000026c    r-- .intvecs
  0000026c    0000026c    000006f8   000006f8    r-x .text
  00000964    00000964    00000120   00000120    r-- .const
  00000a88    00000a88    00000014   00000014    r-- .cinit
20000000    20000000    00000470   00000000    rw-
  20000000    20000000    0000026c   00000000    rw- .vtable
  20000270    20000270    00000200   00000000    rw- .stack


SECTION ALLOCATION MAP

 output                                  attributes/
section   page    origin      length       input sections
--------  ----  ----------  ----------   ----------------
.intvecs   0    00000000    0000026c     
                  00000000    0000026c     tm4c123gh6pm_startup_ccs.obj (.intvecs)

.text      0    0000026c    000006f8     
                  0000026c    0000016c     driverlib.lib : gpio.obj (.text:GPIOPadConfigSet)
                  000003d8    00000118                   : sysctl.obj (.text:SysCtlClockGet)
                  000004f0    000000f4                   : sysctl.obj (.text:SysCtlClockSet)
                  000005e4    000000a4     main.obj (.text)
                  00000688    00000068     driverlib.lib : interrupt.obj (.text:IntEnable)
                  000006f0    00000060                   : timer.obj (.text:TimerConfigure)
                  00000750    0000004c                   : timer.obj (.text:_TimerIntNumberGet)
                  0000079c    00000044     rtsv7M4_T_le_v4SPD16_eabi.lib : autoinit.c.obj (.text:__TI_auto_init_nobinit_nopinit:__TI_auto_init_nobinit_nopinit)
                  000007e0    00000034     driverlib.lib : interrupt.obj (.text:IntRegister)
                  00000814    00000034                   : sysctl.obj (.text:SysCtlPeripheralEnable)
                  00000848    00000034     rtsv7M4_T_le_v4SPD16_eabi.lib : boot_cortex_m.c.obj (.text:_c_int00_noargs:_c_int00_noargs)
                  0000087c    0000002c     driverlib.lib : gpio.obj (.text:GPIODirModeSet)
                  000008a8    0000001c     rtsv7M4_T_le_v4SPD16_eabi.lib : copy_zero_init.c.obj (.text:decompress:ZI:__TI_zero_init_nomemset:__TI_zero_init_nomemset)
                  000008c4    0000001a     driverlib.lib : gpio.obj (.text:GPIOPinTypeGPIOOutput)
                  000008de    00000018                   : timer.obj (.text:TimerIntRegister)
                  000008f6    00000012                   : timer.obj (.text:TimerLoadSet)
                  00000908    00000010                   : interrupt.obj (.text:IntMasterEnable)
                  00000918    0000000e                   : timer.obj (.text:TimerEnable)
                  00000926    0000000c                   : cpu.obj (.text:CPUcpsie)
                  00000932    0000000c     tm4c123gh6pm_startup_ccs.obj (.text)
                  0000093e    00000008     driverlib.lib : timer.obj (.text:TimerIntEnable)
                  00000946    00000006                   : gpio.obj (.text:GPIOPinRead)
                  0000094c    00000006                   : gpio.obj (.text:GPIOPinWrite)
                  00000952    00000006                   : sysctl.obj (.text:SysCtlDelay)
                  00000958    00000004                   : timer.obj (.text:TimerIntClear)
                  0000095c    00000004     rtsv7M4_T_le_v4SPD16_eabi.lib : pre_init.c.obj (.text:_system_pre_init)
                  00000960    00000004                                   : exit.c.obj (.text:abort:abort)

.const     0    00000964    00000120     
                  00000964    0000006c     driverlib.lib : sysctl.obj (.const:g_pui32Xtals)
                  000009d0    00000060                   : timer.obj (.const:g_ppui32TimerIntMap)
                  00000a30    00000040                   : timer.obj (.const:g_ppui32TimerIntMapSnowflake)
                  00000a70    00000014                   : interrupt.obj (.const:g_pui32EnRegs)

.cinit     0    00000a88    00000014     
                  00000a88    00000008     (.cinit..vtable.load) [load image, compression = zero_init]
                  00000a90    00000004     (__TI_handler_table)
                  00000a94    00000008     (__TI_cinit_table)

.init_array 
*          0    00000000    00000000     UNINITIALIZED

.vtable    0    20000000    0000026c     UNINITIALIZED
                  20000000    0000026c     driverlib.lib : interrupt.obj (.vtable)

.stack     0    20000270    00000200     UNINITIALIZED
                  20000270    00000004     rtsv7M4_T_le_v4SPD16_eabi.lib : boot_cortex_m.c.obj (.stack)
                  20000274    000001fc     --HOLE--

__llvm_prf_cnts 
*          0    20000000    00000000     UNINITIALIZED

MODULE SUMMARY

       Module                         code   ro data   rw data
       ------                         ----   -------   -------
    .\
       tm4c123gh6pm_startup_ccs.obj   12     620       0      
       main.obj                       164    0         0      
    +--+------------------------------+------+---------+---------+
       Total:                         176    620       0      
                                                              
    C:/ti/TivaWare_C_Series-2.2.0.295/driverlib/ccs/Debug/driverlib.lib
       interrupt.obj                  172    20        620    
       sysctl.obj                     582    108       0      
       gpio.obj                       446    0         0      
       timer.obj                      240    160       0      
       cpu.obj                        12     0         0      
    +--+------------------------------+------+---------+---------+
       Total:                         1452   288       620    
                                                              
    C:\ti\ccs1281\ccs\tools\compiler\ti-cgt-arm_20.2.7.LTS\lib\rtsv7M4_T_le_v4SPD16_eabi.lib
       autoinit.c.obj                 68     0         0      
       boot_cortex_m.c.obj            52     0         0      
       copy_zero_init.c.obj           28     0         0      
       exit.c.obj                     4      0         0      
       pre_init.c.obj                 4      0         0      
    +--+------------------------------+------+---------+---------+
       Total:                         156    0         0      
                                                              
       Stack:                         0      0         512    
       Linker Generated:              0      20        0      
    +--+------------------------------+------+---------+---------+
       Grand Total:                   1784   928       1132   


LINKER GENERATED COPY TABLES

__TI_cinit_table @ 00000a94 records: 1, size/record: 8, table size: 8
	.vtable: load addr=00000a88, load size=00000008 bytes, run addr=20000000, run size=0000026c bytes, compression=zero_init


LINKER GENERATED HANDLER TABLE

__TI_handler_table @ 00000a90 records: 1, size/record: 4, table size: 4
	index: 0, handler: __TI_zero_init


GLOBAL SYMBOLS: SORTED ALPHABETICALLY BY Name 

address   name                          
-------   ----                          
00000961  C$$EXIT                       
00000927  CPUcpsie                      
0000087d  GPIODirModeSet                
0000026d  GPIOPadConfigSet              
00000947  GPIOPinRead                   
000008c5  GPIOPinTypeGPIOOutput         
0000094d  GPIOPinWrite                  
00000689  IntEnable                     
00000909  IntMasterEnable               
000007e1  IntRegister                   
0000064d  MyInterruptFunc               
00000933  ResetISR                      
000005ed  SetInitSettings               
000003d9  SysCtlClockGet                
000004f1  SysCtlClockSet                
00000953  SysCtlDelay                   
00000815  SysCtlPeripheralEnable        
000006f1  TimerConfigure                
00000919  TimerEnable                   
00000959  TimerIntClear                 
0000093f  TimerIntEnable                
000008df  TimerIntRegister              
000008f7  TimerLoadSet                  
20000470  __STACK_END                   
00000200  __STACK_SIZE                  
20000470  __STACK_TOP                   
00000a94  __TI_CINIT_Base               
00000a9c  __TI_CINIT_Limit              
00000a90  __TI_Handler_Table_Base       
00000a94  __TI_Handler_Table_Limit      
0000079d  __TI_auto_init_nobinit_nopinit
ffffffff  __TI_pprof_out_hndl           
ffffffff  __TI_prof_data_size           
ffffffff  __TI_prof_data_start          
00000000  __TI_static_base__            
000008a9  __TI_zero_init_nomemset       
ffffffff  __binit__                     
ffffffff  __c_args__                    
UNDEFED   __mpu_init                    
20000270  __stack                       
20000000  __start___llvm_prf_cnts       
20000000  __stop___llvm_prf_cnts        
00000849  _c_int00_noargs               
UNDEFED   _system_post_cinit            
0000095d  _system_pre_init              
00000961  abort                         
ffffffff  binit                         
20000000  g_pfnRAMVectors               
00000000  g_pfnVectors                  
000005e5  main                          


GLOBAL SYMBOLS: SORTED BY Symbol Address 

address   name                          
-------   ----                          
00000000  __TI_static_base__            
00000000  g_pfnVectors                  
00000200  __STACK_SIZE                  
0000026d  GPIOPadConfigSet              
000003d9  SysCtlClockGet                
000004f1  SysCtlClockSet                
000005e5  main                          
000005ed  SetInitSettings               
0000064d  MyInterruptFunc               
00000689  IntEnable                     
000006f1  TimerConfigure                
0000079d  __TI_auto_init_nobinit_nopinit
000007e1  IntRegister                   
00000815  SysCtlPeripheralEnable        
00000849  _c_int00_noargs               
0000087d  GPIODirModeSet                
000008a9  __TI_zero_init_nomemset       
000008c5  GPIOPinTypeGPIOOutput         
000008df  TimerIntRegister              
000008f7  TimerLoadSet                  
00000909  IntMasterEnable               
00000919  TimerEnable                   
00000927  CPUcpsie                      
00000933  ResetISR                      
0000093f  TimerIntEnable                
00000947  GPIOPinRead                   
0000094d  GPIOPinWrite                  
00000953  SysCtlDelay                   
00000959  TimerIntClear                 
0000095d  _system_pre_init              
00000961  C$$EXIT                       
00000961  abort                         
00000a90  __TI_Handler_Table_Base       
00000a94  __TI_CINIT_Base               
00000a94  __TI_Handler_Table_Limit      
00000a9c  __TI_CINIT_Limit              
20000000  __start___llvm_prf_cnts       
20000000  __stop___llvm_prf_cnts        
20000000  g_pfnRAMVectors               
20000270  __stack                       
20000470  __STACK_END                   
20000470  __STACK_TOP                   
ffffffff  __TI_pprof_out_hndl           
ffffffff  __TI_prof_data_size           
ffffffff  __TI_prof_data_start          
ffffffff  __binit__                     
ffffffff  __c_args__                    
ffffffff  binit                         
UNDEFED   __mpu_init                    
UNDEFED   _system_post_cinit            

[50 symbols]
