******************************************************************************
                  TI ARM Linker PC v20.2.7                     
******************************************************************************
>> Linked Mon Oct 21 13:18:22 2024

OUTPUT FILE NAME:   <buttontimeset.out>
ENTRY POINT SYMBOL: "_c_int00_noinit_noargs"  address: 00000661


MEMORY CONFIGURATION

         name            origin    length      used     unused   attr    fill
----------------------  --------  ---------  --------  --------  ----  --------
  FLASH                 00000000   00040000  000006e2  0003f91e  R  X
  SRAM                  20000000   00008000  00000200  00007e00  RW X


SEGMENT ALLOCATION MAP

run origin  load origin   length   init length attrs members
----------  ----------- ---------- ----------- ----- -------
00000000    00000000    000006e2   000006e2    r-x
  00000000    00000000    0000026c   0000026c    r-- .intvecs
  0000026c    0000026c    00000476   00000476    r-x .text
20000000    20000000    00000200   00000000    rw-
  20000000    20000000    00000200   00000000    rw- .stack


SECTION ALLOCATION MAP

 output                                  attributes/
section   page    origin      length       input sections
--------  ----  ----------  ----------   ----------------
.intvecs   0    00000000    0000026c     
                  00000000    0000026c     tm4c123gh6pm_startup_ccs.obj (.intvecs)

.text      0    0000026c    00000476     
                  0000026c    0000016c     driverlib.lib : gpio.obj (.text:GPIOPadConfigSet)
                  000003d8    00000134     main.obj (.text)
                  0000050c    000000f4     driverlib.lib : sysctl.obj (.text:SysCtlClockSet)
                  00000600    00000034                   : sysctl.obj (.text:SysCtlPeripheralEnable)
                  00000634    0000002c                   : gpio.obj (.text:GPIODirModeSet)
                  00000660    0000002c     rtsv7M4_T_le_v4SPD16_eabi.lib : boot_cortex_m.c.obj (.text:_c_int00_noinit_noargs:_c_int00_noinit_noargs)
                  0000068c    0000001a     driverlib.lib : gpio.obj (.text:GPIOPinTypeGPIOOutput)
                  000006a6    00000016                   : gpio.obj (.text:GPIOPinTypeGPIOInput)
                  000006bc    0000000c     tm4c123gh6pm_startup_ccs.obj (.text)
                  000006c8    00000006     driverlib.lib : gpio.obj (.text:GPIOPinRead)
                  000006ce    00000006                   : gpio.obj (.text:GPIOPinWrite)
                  000006d4    00000006                   : sysctl.obj (.text:SysCtlDelay)
                  000006da    00000004     rtsv7M4_T_le_v4SPD16_eabi.lib : pre_init.c.obj (.text:_system_pre_init)
                  000006de    00000004                                   : exit.c.obj (.text:abort:abort)

.cinit     0    00000000    00000000     UNINITIALIZED

.init_array 
*          0    00000000    00000000     UNINITIALIZED

.stack     0    20000000    00000200     UNINITIALIZED
                  20000000    00000004     rtsv7M4_T_le_v4SPD16_eabi.lib : boot_cortex_m.c.obj (.stack)
                  20000004    000001fc     --HOLE--

__llvm_prf_cnts 
*          0    20000000    00000000     UNINITIALIZED

MODULE SUMMARY

       Module                         code   ro data   rw data
       ------                         ----   -------   -------
    .\
       tm4c123gh6pm_startup_ccs.obj   12     620       0      
       main.obj                       308    0         0      
    +--+------------------------------+------+---------+---------+
       Total:                         320    620       0      
                                                              
    C:/ti/TivaWare_C_Series-2.2.0.295/driverlib/ccs/Debug/driverlib.lib
       gpio.obj                       468    0         0      
       sysctl.obj                     302    0         0      
    +--+------------------------------+------+---------+---------+
       Total:                         770    0         0      
                                                              
    C:\ti\ccs1281\ccs\tools\compiler\ti-cgt-arm_20.2.7.LTS\lib\rtsv7M4_T_le_v4SPD16_eabi.lib
       boot_cortex_m.c.obj            44     0         0      
       exit.c.obj                     4      0         0      
       pre_init.c.obj                 4      0         0      
    +--+------------------------------+------+---------+---------+
       Total:                         52     0         0      
                                                              
       Stack:                         0      0         512    
    +--+------------------------------+------+---------+---------+
       Grand Total:                   1142   620       512    


GLOBAL SYMBOLS: SORTED ALPHABETICALLY BY Name 

address   name                   
-------   ----                   
000006df  C$$EXIT                
00000635  GPIODirModeSet         
0000026d  GPIOPadConfigSet       
000006c9  GPIOPinRead            
000006a7  GPIOPinTypeGPIOInput   
0000068d  GPIOPinTypeGPIOOutput  
000006cf  GPIOPinWrite           
000006bd  ResetISR               
0000050d  SysCtlClockSet         
000006d5  SysCtlDelay            
00000601  SysCtlPeripheralEnable 
20000200  __STACK_END            
00000200  __STACK_SIZE           
20000200  __STACK_TOP            
ffffffff  __TI_pprof_out_hndl    
ffffffff  __TI_prof_data_size    
ffffffff  __TI_prof_data_start   
00000000  __TI_static_base__     
ffffffff  __binit__              
ffffffff  __c_args__             
UNDEFED   __mpu_init             
20000000  __stack                
20000000  __start___llvm_prf_cnts
20000000  __stop___llvm_prf_cnts 
00000661  _c_int00_noinit_noargs 
000006db  _system_pre_init       
000006df  abort                  
ffffffff  binit                  
00000455  color_change           
00000000  g_pfnVectors           
000003d9  init                   
0000041b  led_blinker            
0000049b  main                   


GLOBAL SYMBOLS: SORTED BY Symbol Address 

address   name                   
-------   ----                   
00000000  __TI_static_base__     
00000000  g_pfnVectors           
00000200  __STACK_SIZE           
0000026d  GPIOPadConfigSet       
000003d9  init                   
0000041b  led_blinker            
00000455  color_change           
0000049b  main                   
0000050d  SysCtlClockSet         
00000601  SysCtlPeripheralEnable 
00000635  GPIODirModeSet         
00000661  _c_int00_noinit_noargs 
0000068d  GPIOPinTypeGPIOOutput  
000006a7  GPIOPinTypeGPIOInput   
000006bd  ResetISR               
000006c9  GPIOPinRead            
000006cf  GPIOPinWrite           
000006d5  SysCtlDelay            
000006db  _system_pre_init       
000006df  C$$EXIT                
000006df  abort                  
20000000  __stack                
20000000  __start___llvm_prf_cnts
20000000  __stop___llvm_prf_cnts 
20000200  __STACK_END            
20000200  __STACK_TOP            
ffffffff  __TI_pprof_out_hndl    
ffffffff  __TI_prof_data_size    
ffffffff  __TI_prof_data_start   
ffffffff  __binit__              
ffffffff  __c_args__             
ffffffff  binit                  
UNDEFED   __mpu_init             

[33 symbols]
