******************************************************************************
                  TI ARM Linker PC v20.2.7                     
******************************************************************************
>> Linked Mon Nov 18 12:36:57 2024

OUTPUT FILE NAME:   <Week8_1 - StopWatchwithAPI.out>
ENTRY POINT SYMBOL: "_c_int00_noargs"  address: 000027c5


MEMORY CONFIGURATION

         name            origin    length      used     unused   attr    fill
----------------------  --------  ---------  --------  --------  ----  --------
  FLASH                 00000000   00040000  00002c20  0003d3e0  R  X
  SRAM                  20000000   00008000  00000488  00007b78  RW X


SEGMENT ALLOCATION MAP

run origin  load origin   length   init length attrs members
----------  ----------- ---------- ----------- ----- -------
00000000    00000000    00002c20   00002c20    r-x
  00000000    00000000    0000026c   0000026c    r-- .intvecs
  0000026c    0000026c    00002758   00002758    r-x .text
  000029c4    000029c4    00000224   00000224    r-- .const
  00002be8    00002be8    00000038   00000038    r-- .cinit
20000000    20000000    0000048c   00000000    rw-
  20000000    20000000    0000026c   00000000    rw- .vtable
  20000270    20000270    00000200   00000000    rw- .stack
  20000470    20000470    0000001c   00000000    rw- .data


SECTION ALLOCATION MAP

 output                                  attributes/
section   page    origin      length       input sections
--------  ----  ----------  ----------   ----------------
.intvecs   0    00000000    0000026c     
                  00000000    0000026c     tm4c123gh6pm_startup_ccs.obj (.intvecs)

.text      0    0000026c    00002758     
                  0000026c    00000a4e     rtsv7M4_T_le_v4SPD16_eabi.lib : _printfi.c.obj (.text:__TI_printfi)
                  00000cba    00000002                                   : div0.asm.obj (.text)
                  00000cbc    00000270                                   : _printfi.c.obj (.text:_pconv_a)
                  00000f2c    000001d0                                   : _printfi.c.obj (.text:_pconv_g)
                  000010fc    000001b6                                   : fd_add_t2.asm.obj (.text)
                  000012b2    00000002     --HOLE-- [fill = 0]
                  000012b4    000001ac     main.obj (.text)
                  00001460    0000016c     driverlib.lib : gpio.obj (.text:GPIOPadConfigSet)
                  000015cc    00000164     lcd_funcs.obj (.text)
                  00001730    0000013c     rtsv7M4_T_le_v4SPD16_eabi.lib : _printfi.c.obj (.text:_pconv_e)
                  0000186c    00000136                                   : fd_div_t2.asm.obj (.text)
                  000019a2    00000002     --HOLE-- [fill = 0]
                  000019a4    00000124                                   : _printfi.c.obj (.text:fcvt)
                  00001ac8    00000118     driverlib.lib : sysctl.obj (.text:SysCtlClockGet)
                  00001be0    00000110     rtsv7M4_T_le_v4SPD16_eabi.lib : s_scalbn.c.obj (.text:scalbn)
                  00001cf0    000000fc                                   : fd_mul_t2.asm.obj (.text)
                  00001dec    000000f4     driverlib.lib : sysctl.obj (.text:SysCtlClockSet)
                  00001ee0    000000b1     rtsv7M4_T_le_v4SPD16_eabi.lib : _printfi.c.obj (.text:_ltostr)
                  00001f91    00000001     --HOLE-- [fill = 0]
                  00001f92    0000009c                                   : memcpy_t2.asm.obj (.text)
                  0000202e    00000096                                   : ull_div_t2.asm.obj (.text)
                  000020c4    00000086                                   : fd_cmp_t2.asm.obj (.text:__aeabi_cdcmple)
                  0000214a    00000086                                   : fd_cmp_t2.asm.obj (.text:__aeabi_cdrcmple)
                  000021d0    0000007a                                   : memset_t2.asm.obj (.text)
                  0000224a    0000006e                                   : _printfi.c.obj (.text:_mcpy)
                  000022b8    00000068     driverlib.lib : interrupt.obj (.text:IntEnable)
                  00002320    00000068     rtsv7M4_T_le_v4SPD16_eabi.lib : copy_decompress_lzss.c.obj (.text:decompress:lzss:__TI_decompress_lzss)
                  00002388    00000064                                   : s_frexp.c.obj (.text:frexp)
                  000023ec    00000064     utils.obj (.text)
                  00002450    00000060     driverlib.lib : timer.obj (.text:TimerConfigure)
                  000024b0    00000056     rtsv7M4_T_le_v4SPD16_eabi.lib : _printfi.c.obj (.text:_pconv_f)
                  00002506    00000054                                   : _ltoa.c.obj (.text:__TI_ltoa)
                  0000255a    00000052                                   : _printfi.c.obj (.text:_ecpy)
                  000025ac    0000004c     driverlib.lib : timer.obj (.text:_TimerIntNumberGet)
                  000025f8    0000004c     rtsv7M4_T_le_v4SPD16_eabi.lib : atoi.c.obj (.text:atoi)
                  00002644    0000004c                                   : snprintf.c.obj (.text:snprintf)
                  00002690    00000048                                   : fd_toi_t2.asm.obj (.text)
                  000026d8    00000044                                   : autoinit.c.obj (.text:__TI_auto_init_nobinit_nopinit:__TI_auto_init_nobinit_nopinit)
                  0000271c    0000003e                                   : _printfi.c.obj (.text:_fcpy)
                  0000275a    00000002     --HOLE-- [fill = 0]
                  0000275c    00000034     driverlib.lib : interrupt.obj (.text:IntRegister)
                  00002790    00000034                   : sysctl.obj (.text:SysCtlPeripheralEnable)
                  000027c4    00000034     rtsv7M4_T_le_v4SPD16_eabi.lib : boot_cortex_m.c.obj (.text:_c_int00_noargs:_c_int00_noargs)
                  000027f8    00000030                                   : snprintf.c.obj (.text:_outs)
                  00002828    0000002e                                   : i_tofd_t2.asm.obj (.text)
                  00002856    0000002c     driverlib.lib : gpio.obj (.text:GPIODirModeSet)
                  00002882    0000001c     rtsv7M4_T_le_v4SPD16_eabi.lib : copy_zero_init.c.obj (.text:decompress:ZI:__TI_zero_init_nomemset:__TI_zero_init_nomemset)
                  0000289e    0000001c                                   : memccpy.c.obj (.text:memccpy)
                  000028ba    0000001a     driverlib.lib : gpio.obj (.text:GPIOPinTypeGPIOOutput)
                  000028d4    0000001a     rtsv7M4_T_le_v4SPD16_eabi.lib : s_copysign.c.obj (.text:copysign)
                  000028ee    00000018     driverlib.lib : timer.obj (.text:TimerIntRegister)
                  00002906    00000018     rtsv7M4_T_le_v4SPD16_eabi.lib : snprintf.c.obj (.text:_outc)
                  0000291e    00000016                                   : strchr.c.obj (.text:strchr)
                  00002934    00000012     driverlib.lib : timer.obj (.text:TimerLoadSet)
                  00002946    00000012     rtsv7M4_T_le_v4SPD16_eabi.lib : wcslen.c.obj (.text:wcslen)
                  00002958    00000010     driverlib.lib : interrupt.obj (.text:IntMasterEnable)
                  00002968    0000000e                   : timer.obj (.text:TimerEnable)
                  00002976    0000000e     rtsv7M4_T_le_v4SPD16_eabi.lib : copy_decompress_none.c.obj (.text:decompress:none:__TI_decompress_none)
                  00002984    0000000c     driverlib.lib : cpu.obj (.text:CPUcpsie)
                  00002990    0000000c     tm4c123gh6pm_startup_ccs.obj (.text)
                  0000299c    00000008     driverlib.lib : timer.obj (.text:TimerIntEnable)
                  000029a4    00000008     rtsv7M4_T_le_v4SPD16_eabi.lib : errno.c.obj (.text:__aeabi_errno_addr)
                  000029ac    00000006     driverlib.lib : gpio.obj (.text:GPIOPinWrite)
                  000029b2    00000006                   : sysctl.obj (.text:SysCtlDelay)
                  000029b8    00000004                   : timer.obj (.text:TimerIntClear)
                  000029bc    00000004     rtsv7M4_T_le_v4SPD16_eabi.lib : pre_init.c.obj (.text:_system_pre_init)
                  000029c0    00000004                                   : exit.c.obj (.text:abort:abort)

.const     0    000029c4    00000224     
                  000029c4    00000101     rtsv7M4_T_le_v4SPD16_eabi.lib : ctype.c.obj (.const:.string:_ctypes_)
                  00002ac5    00000003     --HOLE-- [fill = 0]
                  00002ac8    0000006c     driverlib.lib : sysctl.obj (.const:g_pui32Xtals)
                  00002b34    00000060                   : timer.obj (.const:g_ppui32TimerIntMap)
                  00002b94    00000040                   : timer.obj (.const:g_ppui32TimerIntMapSnowflake)
                  00002bd4    00000014                   : interrupt.obj (.const:g_pui32EnRegs)

.cinit     0    00002be8    00000038     
                  00002be8    00000011     (.cinit..data.load) [load image, compression = lzss]
                  00002bf9    00000003     --HOLE-- [fill = 0]
                  00002bfc    0000000c     (__TI_handler_table)
                  00002c08    00000008     (.cinit..vtable.load) [load image, compression = zero_init]
                  00002c10    00000010     (__TI_cinit_table)

.init_array 
*          0    00000000    00000000     UNINITIALIZED

.vtable    0    20000000    0000026c     UNINITIALIZED
                  20000000    0000026c     driverlib.lib : interrupt.obj (.vtable)

.data      0    20000470    0000001c     UNINITIALIZED
                  20000470    00000018     main.obj (.data)
                  20000488    00000004     rtsv7M4_T_le_v4SPD16_eabi.lib : errno.c.obj (.data)

.stack     0    20000270    00000200     UNINITIALIZED
                  20000270    00000004     rtsv7M4_T_le_v4SPD16_eabi.lib : boot_cortex_m.c.obj (.stack)
                  20000274    000001fc     --HOLE--

__llvm_prf_cnts 
*          0    20000000    00000000     UNINITIALIZED

MODULE SUMMARY

       Module                         code    ro data   rw data
       ------                         ----    -------   -------
    .\
       tm4c123gh6pm_startup_ccs.obj   12      620       0      
       main.obj                       428     0         24     
       lcd_funcs.obj                  356     0         0      
       utils.obj                      100     0         0      
    +--+------------------------------+-------+---------+---------+
       Total:                         896     620       24     
                                                               
    C:/ti/TivaWare_C_Series-2.2.0.295/driverlib/ccs/Debug/driverlib.lib
       interrupt.obj                  172     20        620    
       sysctl.obj                     582     108       0      
       gpio.obj                       440     0         0      
       timer.obj                      240     160       0      
       cpu.obj                        12      0         0      
    +--+------------------------------+-------+---------+---------+
       Total:                         1446    288       620    
                                                               
    C:\ti\ccs1281\ccs\tools\compiler\ti-cgt-arm_20.2.7.LTS\lib\rtsv7M4_T_le_v4SPD16_eabi.lib
       _printfi.c.obj                 4851    0         0      
       fd_add_t2.asm.obj              438     0         0      
       fd_div_t2.asm.obj              310     0         0      
       s_scalbn.c.obj                 272     0         0      
       fd_cmp_t2.asm.obj              268     0         0      
       ctype.c.obj                    0       257       0      
       fd_mul_t2.asm.obj              252     0         0      
       memcpy_t2.asm.obj              156     0         0      
       ull_div_t2.asm.obj             150     0         0      
       snprintf.c.obj                 148     0         0      
       memset_t2.asm.obj              122     0         0      
       copy_decompress_lzss.c.obj     104     0         0      
       s_frexp.c.obj                  100     0         0      
       _ltoa.c.obj                    84      0         0      
       atoi.c.obj                     76      0         0      
       fd_toi_t2.asm.obj              72      0         0      
       autoinit.c.obj                 68      0         0      
       boot_cortex_m.c.obj            52      0         0      
       i_tofd_t2.asm.obj              46      0         0      
       copy_zero_init.c.obj           28      0         0      
       memccpy.c.obj                  28      0         0      
       s_copysign.c.obj               26      0         0      
       strchr.c.obj                   22      0         0      
       wcslen.c.obj                   18      0         0      
       copy_decompress_none.c.obj     14      0         0      
       errno.c.obj                    8       0         4      
       exit.c.obj                     4       0         0      
       pre_init.c.obj                 4       0         0      
       div0.asm.obj                   2       0         0      
    +--+------------------------------+-------+---------+---------+
       Total:                         7723    257       4      
                                                               
       Stack:                         0       0         512    
       Linker Generated:              0       53        0      
    +--+------------------------------+-------+---------+---------+
       Grand Total:                   10065   1218      1160   


LINKER GENERATED COPY TABLES

__TI_cinit_table @ 00002c10 records: 2, size/record: 8, table size: 16
	.data: load addr=00002be8, load size=00000011 bytes, run addr=20000470, run size=0000001c bytes, compression=lzss
	.vtable: load addr=00002c08, load size=00000008 bytes, run addr=20000000, run size=0000026c bytes, compression=zero_init


LINKER GENERATED HANDLER TABLE

__TI_handler_table @ 00002bfc records: 3, size/record: 4, table size: 12
	index: 0, handler: __TI_zero_init
	index: 1, handler: __TI_decompress_lzss
	index: 2, handler: __TI_decompress_none


GLOBAL SYMBOLS: SORTED ALPHABETICALLY BY Name 

address   name                          
-------   ----                          
000029c1  C$$EXIT                       
00002985  CPUcpsie                      
00002857  GPIODirModeSet                
00001461  GPIOPadConfigSet              
000028bb  GPIOPinTypeGPIOOutput         
000029ad  GPIOPinWrite                  
000022b9  IntEnable                     
00002959  IntMasterEnable               
0000275d  IntRegister                   
0000168b  LCD_Cmd                       
0000163b  LCD_Data                      
000016eb  LCD_GoTo                      
000015e9  LCD_Init                      
000015cd  LCD_Print                     
00002991  ResetISR                      
000012b5  StopWatch                     
00001ac9  SysCtlClockGet                
00001ded  SysCtlClockSet                
000029b3  SysCtlDelay                   
00002791  SysCtlPeripheralEnable        
00002451  TimerConfigure                
00002969  TimerEnable                   
000029b9  TimerIntClear                 
0000299d  TimerIntEnable                
000028ef  TimerIntRegister              
00002935  TimerLoadSet                  
20000470  __STACK_END                   
00000200  __STACK_SIZE                  
20000470  __STACK_TOP                   
00002c10  __TI_CINIT_Base               
00002c20  __TI_CINIT_Limit              
00002bfc  __TI_Handler_Table_Base       
00002c08  __TI_Handler_Table_Limit      
000026d9  __TI_auto_init_nobinit_nopinit
00002321  __TI_decompress_lzss          
00002977  __TI_decompress_none          
00002507  __TI_ltoa                     
ffffffff  __TI_pprof_out_hndl           
0000026d  __TI_printfi                  
ffffffff  __TI_prof_data_size           
ffffffff  __TI_prof_data_start          
00000000  __TI_static_base__            
00002883  __TI_zero_init_nomemset       
000020c5  __aeabi_cdcmpeq               
000020c5  __aeabi_cdcmple               
0000214b  __aeabi_cdrcmple              
00002691  __aeabi_d2iz                  
00001107  __aeabi_dadd                  
0000186d  __aeabi_ddiv                  
00001cf1  __aeabi_dmul                  
000010fd  __aeabi_dsub                  
000029a5  __aeabi_errno_addr            
00002829  __aeabi_i2d                   
00000cbb  __aeabi_idiv0                 
00000cbb  __aeabi_ldiv0                 
000021d1  __aeabi_memclr                
000021d1  __aeabi_memclr4               
000021d1  __aeabi_memclr8               
00001f93  __aeabi_memcpy                
00001f93  __aeabi_memcpy4               
00001f93  __aeabi_memcpy8               
000021d3  __aeabi_memset                
000021d3  __aeabi_memset4               
000021d3  __aeabi_memset8               
0000202f  __aeabi_uldivmod              
ffffffff  __binit__                     
ffffffff  __c_args__                    
UNDEFED   __mpu_init                    
20000270  __stack                       
20000000  __start___llvm_prf_cnts       
20000000  __stop___llvm_prf_cnts        
000027c5  _c_int00_noargs               
000029c4  _ctypes_                      
UNDEFED   _system_post_cinit            
000029bd  _system_pre_init              
000029c1  abort                         
000025f9  atoi                          
ffffffff  binit                         
000028d5  copysign                      
000028d5  copysignl                     
0000240b  delay_ms                      
000023ed  delay_us                      
20000488  errno                         
00002389  frexp                         
00002389  frexpl                        
20000000  g_pfnRAMVectors               
00000000  g_pfnVectors                  
20000478  hour                          
00001be1  ldexp                         
00001be1  ldexpl                        
000013eb  main                          
0000289f  memccpy                       
00001f93  memcpy                        
000021d9  memset                        
20000474  min                           
2000047c  now_h                         
20000480  now_m                         
20000484  now_s                         
00001be1  scalbn                        
00001be1  scalbnl                       
20000470  sec                           
00002645  snprintf                      
0000291f  strchr                        
0000242b  strlen                        
00002947  wcslen                        


GLOBAL SYMBOLS: SORTED BY Symbol Address 

address   name                          
-------   ----                          
00000000  __TI_static_base__            
00000000  g_pfnVectors                  
00000200  __STACK_SIZE                  
0000026d  __TI_printfi                  
00000cbb  __aeabi_idiv0                 
00000cbb  __aeabi_ldiv0                 
000010fd  __aeabi_dsub                  
00001107  __aeabi_dadd                  
000012b5  StopWatch                     
000013eb  main                          
00001461  GPIOPadConfigSet              
000015cd  LCD_Print                     
000015e9  LCD_Init                      
0000163b  LCD_Data                      
0000168b  LCD_Cmd                       
000016eb  LCD_GoTo                      
0000186d  __aeabi_ddiv                  
00001ac9  SysCtlClockGet                
00001be1  ldexp                         
00001be1  ldexpl                        
00001be1  scalbn                        
00001be1  scalbnl                       
00001cf1  __aeabi_dmul                  
00001ded  SysCtlClockSet                
00001f93  __aeabi_memcpy                
00001f93  __aeabi_memcpy4               
00001f93  __aeabi_memcpy8               
00001f93  memcpy                        
0000202f  __aeabi_uldivmod              
000020c5  __aeabi_cdcmpeq               
000020c5  __aeabi_cdcmple               
0000214b  __aeabi_cdrcmple              
000021d1  __aeabi_memclr                
000021d1  __aeabi_memclr4               
000021d1  __aeabi_memclr8               
000021d3  __aeabi_memset                
000021d3  __aeabi_memset4               
000021d3  __aeabi_memset8               
000021d9  memset                        
000022b9  IntEnable                     
00002321  __TI_decompress_lzss          
00002389  frexp                         
00002389  frexpl                        
000023ed  delay_us                      
0000240b  delay_ms                      
0000242b  strlen                        
00002451  TimerConfigure                
00002507  __TI_ltoa                     
000025f9  atoi                          
00002645  snprintf                      
00002691  __aeabi_d2iz                  
000026d9  __TI_auto_init_nobinit_nopinit
0000275d  IntRegister                   
00002791  SysCtlPeripheralEnable        
000027c5  _c_int00_noargs               
00002829  __aeabi_i2d                   
00002857  GPIODirModeSet                
00002883  __TI_zero_init_nomemset       
0000289f  memccpy                       
000028bb  GPIOPinTypeGPIOOutput         
000028d5  copysign                      
000028d5  copysignl                     
000028ef  TimerIntRegister              
0000291f  strchr                        
00002935  TimerLoadSet                  
00002947  wcslen                        
00002959  IntMasterEnable               
00002969  TimerEnable                   
00002977  __TI_decompress_none          
00002985  CPUcpsie                      
00002991  ResetISR                      
0000299d  TimerIntEnable                
000029a5  __aeabi_errno_addr            
000029ad  GPIOPinWrite                  
000029b3  SysCtlDelay                   
000029b9  TimerIntClear                 
000029bd  _system_pre_init              
000029c1  C$$EXIT                       
000029c1  abort                         
000029c4  _ctypes_                      
00002bfc  __TI_Handler_Table_Base       
00002c08  __TI_Handler_Table_Limit      
00002c10  __TI_CINIT_Base               
00002c20  __TI_CINIT_Limit              
20000000  __start___llvm_prf_cnts       
20000000  __stop___llvm_prf_cnts        
20000000  g_pfnRAMVectors               
20000270  __stack                       
20000470  __STACK_END                   
20000470  __STACK_TOP                   
20000470  sec                           
20000474  min                           
20000478  hour                          
2000047c  now_h                         
20000480  now_m                         
20000484  now_s                         
20000488  errno                         
ffffffff  __TI_pprof_out_hndl           
ffffffff  __TI_prof_data_size           
ffffffff  __TI_prof_data_start          
ffffffff  __binit__                     
ffffffff  __c_args__                    
ffffffff  binit                         
UNDEFED   __mpu_init                    
UNDEFED   _system_post_cinit            

[105 symbols]
