******************************************************************************
                  TI ARM Linker PC v20.2.7                     
******************************************************************************
>> Linked Mon Nov 18 13:12:23 2024

OUTPUT FILE NAME:   <Week8_2.out>
ENTRY POINT SYMBOL: "_c_int00_noargs"  address: 00002731


MEMORY CONFIGURATION

         name            origin    length      used     unused   attr    fill
----------------------  --------  ---------  --------  --------  ----  --------
  FLASH                 00000000   00040000  00002b84  0003d47c  R  X
  SRAM                  20000000   00008000  0000047c  00007b84  RW X


SEGMENT ALLOCATION MAP

run origin  load origin   length   init length attrs members
----------  ----------- ---------- ----------- ----- -------
00000000    00000000    00002b88   00002b88    r-x
  00000000    00000000    0000026c   0000026c    r-- .intvecs
  0000026c    0000026c    000026c4   000026c4    r-x .text
  00002930    00002930    00000224   00000224    r-- .const
  00002b58    00002b58    00000030   00000030    r-- .cinit
20000000    20000000    00000480   00000000    rw-
  20000000    20000000    0000026c   00000000    rw- .vtable
  20000270    20000270    00000200   00000000    rw- .stack
  20000470    20000470    00000010   00000000    rw- .data


SECTION ALLOCATION MAP

 output                                  attributes/
section   page    origin      length       input sections
--------  ----  ----------  ----------   ----------------
.intvecs   0    00000000    0000026c     
                  00000000    0000026c     tm4c123gh6pm_startup_ccs.obj (.intvecs)

.text      0    0000026c    000026c4     
                  0000026c    00000a4e     rtsv7M4_T_le_v4SPD16_eabi.lib : _printfi.c.obj (.text:__TI_printfi)
                  00000cba    00000002                                   : div0.asm.obj (.text)
                  00000cbc    00000270                                   : _printfi.c.obj (.text:_pconv_a)
                  00000f2c    000001d0                                   : _printfi.c.obj (.text:_pconv_g)
                  000010fc    000001b6                                   : fd_add_t2.asm.obj (.text)
                  000012b2    00000002     --HOLE-- [fill = 0]
                  000012b4    0000016c     driverlib.lib : gpio.obj (.text:GPIOPadConfigSet)
                  00001420    00000164     lcd_funcs.obj (.text)
                  00001584    0000013c     rtsv7M4_T_le_v4SPD16_eabi.lib : _printfi.c.obj (.text:_pconv_e)
                  000016c0    00000136                                   : fd_div_t2.asm.obj (.text)
                  000017f6    00000002     --HOLE-- [fill = 0]
                  000017f8    00000124                                   : _printfi.c.obj (.text:fcvt)
                  0000191c    00000118     driverlib.lib : sysctl.obj (.text:SysCtlClockGet)
                  00001a34    00000110     rtsv7M4_T_le_v4SPD16_eabi.lib : s_scalbn.c.obj (.text:scalbn)
                  00001b44    000000fc                                   : fd_mul_t2.asm.obj (.text)
                  00001c40    000000f4     driverlib.lib : sysctl.obj (.text:SysCtlClockSet)
                  00001d34    000000b1     rtsv7M4_T_le_v4SPD16_eabi.lib : _printfi.c.obj (.text:_ltostr)
                  00001de5    00000001     --HOLE-- [fill = 0]
                  00001de6    0000009c                                   : memcpy_t2.asm.obj (.text)
                  00001e82    00000096                                   : ull_div_t2.asm.obj (.text)
                  00001f18    00000090     Stopwatch.obj (.text)
                  00001fa8    00000088     main.obj (.text)
                  00002030    00000086     rtsv7M4_T_le_v4SPD16_eabi.lib : fd_cmp_t2.asm.obj (.text:__aeabi_cdcmple)
                  000020b6    00000086                                   : fd_cmp_t2.asm.obj (.text:__aeabi_cdrcmple)
                  0000213c    0000007a                                   : memset_t2.asm.obj (.text)
                  000021b6    0000006e                                   : _printfi.c.obj (.text:_mcpy)
                  00002224    00000068     driverlib.lib : interrupt.obj (.text:IntEnable)
                  0000228c    00000068     rtsv7M4_T_le_v4SPD16_eabi.lib : copy_decompress_lzss.c.obj (.text:decompress:lzss:__TI_decompress_lzss)
                  000022f4    00000064                                   : s_frexp.c.obj (.text:frexp)
                  00002358    00000064     utils.obj (.text)
                  000023bc    00000060     driverlib.lib : timer.obj (.text:TimerConfigure)
                  0000241c    00000056     rtsv7M4_T_le_v4SPD16_eabi.lib : _printfi.c.obj (.text:_pconv_f)
                  00002472    00000054                                   : _ltoa.c.obj (.text:__TI_ltoa)
                  000024c6    00000052                                   : _printfi.c.obj (.text:_ecpy)
                  00002518    0000004c     driverlib.lib : timer.obj (.text:_TimerIntNumberGet)
                  00002564    0000004c     rtsv7M4_T_le_v4SPD16_eabi.lib : atoi.c.obj (.text:atoi)
                  000025b0    0000004c                                   : snprintf.c.obj (.text:snprintf)
                  000025fc    00000048                                   : fd_toi_t2.asm.obj (.text)
                  00002644    00000044                                   : autoinit.c.obj (.text:__TI_auto_init_nobinit_nopinit:__TI_auto_init_nobinit_nopinit)
                  00002688    0000003e                                   : _printfi.c.obj (.text:_fcpy)
                  000026c6    00000002     --HOLE-- [fill = 0]
                  000026c8    00000034     driverlib.lib : interrupt.obj (.text:IntRegister)
                  000026fc    00000034                   : sysctl.obj (.text:SysCtlPeripheralEnable)
                  00002730    00000034     rtsv7M4_T_le_v4SPD16_eabi.lib : boot_cortex_m.c.obj (.text:_c_int00_noargs:_c_int00_noargs)
                  00002764    00000030                                   : snprintf.c.obj (.text:_outs)
                  00002794    0000002e                                   : i_tofd_t2.asm.obj (.text)
                  000027c2    0000002c     driverlib.lib : gpio.obj (.text:GPIODirModeSet)
                  000027ee    0000001c     rtsv7M4_T_le_v4SPD16_eabi.lib : copy_zero_init.c.obj (.text:decompress:ZI:__TI_zero_init_nomemset:__TI_zero_init_nomemset)
                  0000280a    0000001c                                   : memccpy.c.obj (.text:memccpy)
                  00002826    0000001a     driverlib.lib : gpio.obj (.text:GPIOPinTypeGPIOOutput)
                  00002840    0000001a     rtsv7M4_T_le_v4SPD16_eabi.lib : s_copysign.c.obj (.text:copysign)
                  0000285a    00000018     driverlib.lib : timer.obj (.text:TimerIntRegister)
                  00002872    00000018     rtsv7M4_T_le_v4SPD16_eabi.lib : snprintf.c.obj (.text:_outc)
                  0000288a    00000016                                   : strchr.c.obj (.text:strchr)
                  000028a0    00000012     driverlib.lib : timer.obj (.text:TimerLoadSet)
                  000028b2    00000012     rtsv7M4_T_le_v4SPD16_eabi.lib : wcslen.c.obj (.text:wcslen)
                  000028c4    00000010     driverlib.lib : interrupt.obj (.text:IntMasterEnable)
                  000028d4    0000000e                   : timer.obj (.text:TimerEnable)
                  000028e2    0000000e     rtsv7M4_T_le_v4SPD16_eabi.lib : copy_decompress_none.c.obj (.text:decompress:none:__TI_decompress_none)
                  000028f0    0000000c     driverlib.lib : cpu.obj (.text:CPUcpsie)
                  000028fc    0000000c     tm4c123gh6pm_startup_ccs.obj (.text)
                  00002908    00000008     driverlib.lib : timer.obj (.text:TimerIntEnable)
                  00002910    00000008     rtsv7M4_T_le_v4SPD16_eabi.lib : errno.c.obj (.text:__aeabi_errno_addr)
                  00002918    00000006     driverlib.lib : gpio.obj (.text:GPIOPinWrite)
                  0000291e    00000006                   : sysctl.obj (.text:SysCtlDelay)
                  00002924    00000004                   : timer.obj (.text:TimerIntClear)
                  00002928    00000004     rtsv7M4_T_le_v4SPD16_eabi.lib : pre_init.c.obj (.text:_system_pre_init)
                  0000292c    00000004                                   : exit.c.obj (.text:abort:abort)

.const     0    00002930    00000224     
                  00002930    00000101     rtsv7M4_T_le_v4SPD16_eabi.lib : ctype.c.obj (.const:.string:_ctypes_)
                  00002a31    00000003     --HOLE-- [fill = 0]
                  00002a34    0000006c     driverlib.lib : sysctl.obj (.const:g_pui32Xtals)
                  00002aa0    00000060                   : timer.obj (.const:g_ppui32TimerIntMap)
                  00002b00    00000040                   : timer.obj (.const:g_ppui32TimerIntMapSnowflake)
                  00002b40    00000014                   : interrupt.obj (.const:g_pui32EnRegs)

.cinit     0    00002b58    00000030     
                  00002b58    0000000c     (__TI_handler_table)
                  00002b64    00000004     --HOLE-- [fill = 0]
                  00002b68    00000008     (.cinit..vtable.load) [load image, compression = zero_init]
                  00002b70    00000007     (.cinit..data.load) [load image, compression = lzss]
                  00002b77    00000001     --HOLE-- [fill = 0]
                  00002b78    00000010     (__TI_cinit_table)

.init_array 
*          0    00000000    00000000     UNINITIALIZED

.vtable    0    20000000    0000026c     UNINITIALIZED
                  20000000    0000026c     driverlib.lib : interrupt.obj (.vtable)

.data      0    20000470    00000010     UNINITIALIZED
                  20000470    0000000c     Stopwatch.obj (.data)
                  2000047c    00000004     rtsv7M4_T_le_v4SPD16_eabi.lib : errno.c.obj (.data)

.stack     0    20000270    00000200     UNINITIALIZED
                  20000270    00000004     rtsv7M4_T_le_v4SPD16_eabi.lib : boot_cortex_m.c.obj (.stack)
                  20000274    000001fc     --HOLE--

__llvm_prf_cnts 
*          0    20000000    00000000     UNINITIALIZED

MODULE SUMMARY

       Module                         code   ro data   rw data
       ------                         ----   -------   -------
    .\
       tm4c123gh6pm_startup_ccs.obj   12     620       0      
       lcd_funcs.obj                  356    0         0      
       Stopwatch.obj                  144    0         12     
       main.obj                       136    0         0      
       utils.obj                      100    0         0      
    +--+------------------------------+------+---------+---------+
       Total:                         748    620       12     
                                                              
    C:/ti/TivaWare_C_Series-2.2.0.295/driverlib/ccs/Debug/driverlib.lib
       interrupt.obj                  172    20        620    
       sysctl.obj                     582    108       0      
       gpio.obj                       440    0         0      
       timer.obj                      240    160       0      
       cpu.obj                        12     0         0      
    +--+------------------------------+------+---------+---------+
       Total:                         1446   288       620    
                                                              
    C:\ti\ccs1281\ccs\tools\compiler\ti-cgt-arm_20.2.7.LTS\lib\rtsv7M4_T_le_v4SPD16_eabi.lib
       _printfi.c.obj                 4851   0         0      
       fd_add_t2.asm.obj              438    0         0      
       fd_div_t2.asm.obj              310    0         0      
       s_scalbn.c.obj                 272    0         0      
       fd_cmp_t2.asm.obj              268    0         0      
       ctype.c.obj                    0      257       0      
       fd_mul_t2.asm.obj              252    0         0      
       memcpy_t2.asm.obj              156    0         0      
       ull_div_t2.asm.obj             150    0         0      
       snprintf.c.obj                 148    0         0      
       memset_t2.asm.obj              122    0         0      
       copy_decompress_lzss.c.obj     104    0         0      
       s_frexp.c.obj                  100    0         0      
       _ltoa.c.obj                    84     0         0      
       atoi.c.obj                     76     0         0      
       fd_toi_t2.asm.obj              72     0         0      
       autoinit.c.obj                 68     0         0      
       boot_cortex_m.c.obj            52     0         0      
       i_tofd_t2.asm.obj              46     0         0      
       copy_zero_init.c.obj           28     0         0      
       memccpy.c.obj                  28     0         0      
       s_copysign.c.obj               26     0         0      
       strchr.c.obj                   22     0         0      
       wcslen.c.obj                   18     0         0      
       copy_decompress_none.c.obj     14     0         0      
       errno.c.obj                    8      0         4      
       exit.c.obj                     4      0         0      
       pre_init.c.obj                 4      0         0      
       div0.asm.obj                   2      0         0      
    +--+------------------------------+------+---------+---------+
       Total:                         7723   257       4      
                                                              
       Stack:                         0      0         512    
       Linker Generated:              0      43        0      
    +--+------------------------------+------+---------+---------+
       Grand Total:                   9917   1208      1148   


LINKER GENERATED COPY TABLES

__TI_cinit_table @ 00002b78 records: 2, size/record: 8, table size: 16
	.vtable: load addr=00002b68, load size=00000008 bytes, run addr=20000000, run size=0000026c bytes, compression=zero_init
	.data: load addr=00002b70, load size=00000007 bytes, run addr=20000470, run size=00000010 bytes, compression=lzss


LINKER GENERATED HANDLER TABLE

__TI_handler_table @ 00002b58 records: 3, size/record: 4, table size: 12
	index: 0, handler: __TI_zero_init
	index: 1, handler: __TI_decompress_lzss
	index: 2, handler: __TI_decompress_none


GLOBAL SYMBOLS: SORTED ALPHABETICALLY BY Name 

address   name                          
-------   ----                          
0000292d  C$$EXIT                       
000028f1  CPUcpsie                      
000027c3  GPIODirModeSet                
000012b5  GPIOPadConfigSet              
00002827  GPIOPinTypeGPIOOutput         
00002919  GPIOPinWrite                  
00002225  IntEnable                     
000028c5  IntMasterEnable               
000026c9  IntRegister                   
000014df  LCD_Cmd                       
0000148f  LCD_Data                      
0000153f  LCD_GoTo                      
0000143d  LCD_Init                      
00001421  LCD_Print                     
000028fd  ResetISR                      
00001f19  StopWatch                     
0000191d  SysCtlClockGet                
00001c41  SysCtlClockSet                
0000291f  SysCtlDelay                   
000026fd  SysCtlPeripheralEnable        
000023bd  TimerConfigure                
000028d5  TimerEnable                   
00002925  TimerIntClear                 
00002909  TimerIntEnable                
0000285b  TimerIntRegister              
000028a1  TimerLoadSet                  
20000470  __STACK_END                   
00000200  __STACK_SIZE                  
20000470  __STACK_TOP                   
00002b78  __TI_CINIT_Base               
00002b88  __TI_CINIT_Limit              
00002b58  __TI_Handler_Table_Base       
00002b64  __TI_Handler_Table_Limit      
00002645  __TI_auto_init_nobinit_nopinit
0000228d  __TI_decompress_lzss          
000028e3  __TI_decompress_none          
00002473  __TI_ltoa                     
ffffffff  __TI_pprof_out_hndl           
0000026d  __TI_printfi                  
ffffffff  __TI_prof_data_size           
ffffffff  __TI_prof_data_start          
00000000  __TI_static_base__            
000027ef  __TI_zero_init_nomemset       
00002031  __aeabi_cdcmpeq               
00002031  __aeabi_cdcmple               
000020b7  __aeabi_cdrcmple              
000025fd  __aeabi_d2iz                  
00001107  __aeabi_dadd                  
000016c1  __aeabi_ddiv                  
00001b45  __aeabi_dmul                  
000010fd  __aeabi_dsub                  
00002911  __aeabi_errno_addr            
00002795  __aeabi_i2d                   
00000cbb  __aeabi_idiv0                 
00000cbb  __aeabi_ldiv0                 
0000213d  __aeabi_memclr                
0000213d  __aeabi_memclr4               
0000213d  __aeabi_memclr8               
00001de7  __aeabi_memcpy                
00001de7  __aeabi_memcpy4               
00001de7  __aeabi_memcpy8               
0000213f  __aeabi_memset                
0000213f  __aeabi_memset4               
0000213f  __aeabi_memset8               
00001e83  __aeabi_uldivmod              
ffffffff  __binit__                     
ffffffff  __c_args__                    
UNDEFED   __mpu_init                    
20000270  __stack                       
20000000  __start___llvm_prf_cnts       
20000000  __stop___llvm_prf_cnts        
00002731  _c_int00_noargs               
00002930  _ctypes_                      
UNDEFED   _system_post_cinit            
00002929  _system_pre_init              
0000292d  abort                         
00002565  atoi                          
ffffffff  binit                         
00002841  copysign                      
00002841  copysignl                     
00002377  delay_ms                      
00002359  delay_us                      
2000047c  errno                         
000022f5  frexp                         
000022f5  frexpl                        
20000000  g_pfnRAMVectors               
00000000  g_pfnVectors                  
20000478  hour                          
00001a35  ldexp                         
00001a35  ldexpl                        
00002011  main                          
0000280b  memccpy                       
00001de7  memcpy                        
00002145  memset                        
20000474  min                           
00001a35  scalbn                        
00001a35  scalbnl                       
20000470  sec                           
000025b1  snprintf                      
0000288b  strchr                        
00002397  strlen                        
000028b3  wcslen                        


GLOBAL SYMBOLS: SORTED BY Symbol Address 

address   name                          
-------   ----                          
00000000  __TI_static_base__            
00000000  g_pfnVectors                  
00000200  __STACK_SIZE                  
0000026d  __TI_printfi                  
00000cbb  __aeabi_idiv0                 
00000cbb  __aeabi_ldiv0                 
000010fd  __aeabi_dsub                  
00001107  __aeabi_dadd                  
000012b5  GPIOPadConfigSet              
00001421  LCD_Print                     
0000143d  LCD_Init                      
0000148f  LCD_Data                      
000014df  LCD_Cmd                       
0000153f  LCD_GoTo                      
000016c1  __aeabi_ddiv                  
0000191d  SysCtlClockGet                
00001a35  ldexp                         
00001a35  ldexpl                        
00001a35  scalbn                        
00001a35  scalbnl                       
00001b45  __aeabi_dmul                  
00001c41  SysCtlClockSet                
00001de7  __aeabi_memcpy                
00001de7  __aeabi_memcpy4               
00001de7  __aeabi_memcpy8               
00001de7  memcpy                        
00001e83  __aeabi_uldivmod              
00001f19  StopWatch                     
00002011  main                          
00002031  __aeabi_cdcmpeq               
00002031  __aeabi_cdcmple               
000020b7  __aeabi_cdrcmple              
0000213d  __aeabi_memclr                
0000213d  __aeabi_memclr4               
0000213d  __aeabi_memclr8               
0000213f  __aeabi_memset                
0000213f  __aeabi_memset4               
0000213f  __aeabi_memset8               
00002145  memset                        
00002225  IntEnable                     
0000228d  __TI_decompress_lzss          
000022f5  frexp                         
000022f5  frexpl                        
00002359  delay_us                      
00002377  delay_ms                      
00002397  strlen                        
000023bd  TimerConfigure                
00002473  __TI_ltoa                     
00002565  atoi                          
000025b1  snprintf                      
000025fd  __aeabi_d2iz                  
00002645  __TI_auto_init_nobinit_nopinit
000026c9  IntRegister                   
000026fd  SysCtlPeripheralEnable        
00002731  _c_int00_noargs               
00002795  __aeabi_i2d                   
000027c3  GPIODirModeSet                
000027ef  __TI_zero_init_nomemset       
0000280b  memccpy                       
00002827  GPIOPinTypeGPIOOutput         
00002841  copysign                      
00002841  copysignl                     
0000285b  TimerIntRegister              
0000288b  strchr                        
000028a1  TimerLoadSet                  
000028b3  wcslen                        
000028c5  IntMasterEnable               
000028d5  TimerEnable                   
000028e3  __TI_decompress_none          
000028f1  CPUcpsie                      
000028fd  ResetISR                      
00002909  TimerIntEnable                
00002911  __aeabi_errno_addr            
00002919  GPIOPinWrite                  
0000291f  SysCtlDelay                   
00002925  TimerIntClear                 
00002929  _system_pre_init              
0000292d  C$$EXIT                       
0000292d  abort                         
00002930  _ctypes_                      
00002b58  __TI_Handler_Table_Base       
00002b64  __TI_Handler_Table_Limit      
00002b78  __TI_CINIT_Base               
00002b88  __TI_CINIT_Limit              
20000000  __start___llvm_prf_cnts       
20000000  __stop___llvm_prf_cnts        
20000000  g_pfnRAMVectors               
20000270  __stack                       
20000470  __STACK_END                   
20000470  __STACK_TOP                   
20000470  sec                           
20000474  min                           
20000478  hour                          
2000047c  errno                         
ffffffff  __TI_pprof_out_hndl           
ffffffff  __TI_prof_data_size           
ffffffff  __TI_prof_data_start          
ffffffff  __binit__                     
ffffffff  __c_args__                    
ffffffff  binit                         
UNDEFED   __mpu_init                    
UNDEFED   _system_post_cinit            

[102 symbols]
