******************************************************************************
                  TI ARM Linker PC v20.2.7                     
******************************************************************************
>> Linked Wed Oct 23 16:45:43 2024

OUTPUT FILE NAME:   <Week4_2 - InterruptWithAPI.out>
ENTRY POINT SYMBOL: "_c_int00_noinit_noargs"  address: 00000635


MEMORY CONFIGURATION

         name            origin    length      used     unused   attr    fill
----------------------  --------  ---------  --------  --------  ----  --------
  FLASH                 00000000   00040000  000006fa  0003f906  R  X
  SRAM                  20000000   00008000  00000200  00007e00  RW X


SEGMENT ALLOCATION MAP

run origin  load origin   length   init length attrs members
----------  ----------- ---------- ----------- ----- -------
00000000    00000000    000006fc   000006fc    r-x
  00000000    00000000    0000026c   0000026c    r-- .intvecs
  0000026c    0000026c    0000047a   0000047a    r-x .text
  000006e8    000006e8    00000014   00000014    r-- .const
20000000    20000000    00000200   00000000    rw-
  20000000    20000000    00000200   00000000    rw- .stack


SECTION ALLOCATION MAP

 output                                  attributes/
section   page    origin      length       input sections
--------  ----  ----------  ----------   ----------------
.intvecs   0    00000000    0000026c     
                  00000000    0000026c     tm4c123gh6pm_startup_ccs.obj (.intvecs)

.text      0    0000026c    0000047a     
                  0000026c    0000016c     driverlib.lib : gpio.obj (.text:GPIOPadConfigSet)
                  000003d8    00000104     main.obj (.text)
                  000004dc    00000068     driverlib.lib : interrupt.obj (.text:IntEnable)
                  00000544    00000058                   : gpio.obj (.text:GPIOIntTypeSet)
                  0000059c    00000038                   : sysctl.obj (.text:SysCtlPeripheralReady)
                  000005d4    00000034                   : sysctl.obj (.text:SysCtlPeripheralEnable)
                  00000608    0000002c                   : gpio.obj (.text:GPIODirModeSet)
                  00000634    0000002c     rtsv7M4_T_le_v4SPD16_eabi.lib : boot_cortex_m.c.obj (.text:_c_int00_noinit_noargs:_c_int00_noinit_noargs)
                  00000660    0000001a     driverlib.lib : gpio.obj (.text:GPIOPinTypeGPIOOutput)
                  0000067a    00000016                   : gpio.obj (.text:GPIOPinTypeGPIOInput)
                  00000690    00000010                   : interrupt.obj (.text:IntMasterEnable)
                  000006a0    0000000e                   : gpio.obj (.text:GPIOIntStatus)
                  000006ae    0000000c                   : cpu.obj (.text:CPUcpsie)
                  000006ba    0000000c                   : gpio.obj (.text:GPIOIntEnable)
                  000006c6    0000000c     tm4c123gh6pm_startup_ccs.obj (.text)
                  000006d2    00000006     driverlib.lib : gpio.obj (.text:GPIOIntClear)
                  000006d8    00000006                   : gpio.obj (.text:GPIOPinWrite)
                  000006de    00000004     rtsv7M4_T_le_v4SPD16_eabi.lib : pre_init.c.obj (.text:_system_pre_init)
                  000006e2    00000004                                   : exit.c.obj (.text:abort:abort)

.const     0    000006e8    00000014     
                  000006e8    00000014     driverlib.lib : interrupt.obj (.const:g_pui32EnRegs)

.cinit     0    00000000    00000000     UNINITIALIZED

.init_array 
*          0    00000000    00000000     UNINITIALIZED

.stack     0    20000000    00000200     UNINITIALIZED
                  20000000    00000004     rtsv7M4_T_le_v4SPD16_eabi.lib : boot_cortex_m.c.obj (.stack)
                  20000004    000001fc     --HOLE--

__llvm_prf_cnts 
*          0    20000000    00000000     UNINITIALIZED

MODULE SUMMARY

       Module                         code   ro data   rw data
       ------                         ----   -------   -------
    .\
       tm4c123gh6pm_startup_ccs.obj   12     620       0      
       main.obj                       260    0         0      
    +--+------------------------------+------+---------+---------+
       Total:                         272    620       0      
                                                              
    C:/ti/TivaWare_C_Series-2.2.0.295/driverlib/ccs/Debug/driverlib.lib
       gpio.obj                       582    0         0      
       interrupt.obj                  120    20        0      
       sysctl.obj                     108    0         0      
       cpu.obj                        12     0         0      
    +--+------------------------------+------+---------+---------+
       Total:                         822    20        0      
                                                              
    C:\ti\ccs1281\ccs\tools\compiler\ti-cgt-arm_20.2.7.LTS\lib\rtsv7M4_T_le_v4SPD16_eabi.lib
       boot_cortex_m.c.obj            44     0         0      
       exit.c.obj                     4      0         0      
       pre_init.c.obj                 4      0         0      
    +--+------------------------------+------+---------+---------+
       Total:                         52     0         0      
                                                              
       Stack:                         0      0         512    
    +--+------------------------------+------+---------+---------+
       Grand Total:                   1146   640       512    


GLOBAL SYMBOLS: SORTED ALPHABETICALLY BY Name 

address   name                   
-------   ----                   
000006e3  C$$EXIT                
000006af  CPUcpsie               
00000609  GPIODirModeSet         
00000443  GPIOF_Handler          
000006d3  GPIOIntClear           
000006bb  GPIOIntEnable          
000006a1  GPIOIntStatus          
00000545  GPIOIntTypeSet         
0000026d  GPIOPadConfigSet       
0000067b  GPIOPinTypeGPIOInput   
00000661  GPIOPinTypeGPIOOutput  
000006d9  GPIOPinWrite           
000004dd  IntEnable              
00000691  IntMasterEnable        
000003e1  PortF_Init             
000006c7  ResetISR               
000005d5  SysCtlPeripheralEnable 
0000059d  SysCtlPeripheralReady  
20000200  __STACK_END            
00000200  __STACK_SIZE           
20000200  __STACK_TOP            
ffffffff  __TI_pprof_out_hndl    
ffffffff  __TI_prof_data_size    
ffffffff  __TI_prof_data_start   
00000000  __TI_static_base__     
ffffffff  __binit__              
ffffffff  __c_args__             
UNDEFED   __mpu_init             
20000000  __stack                
20000000  __start___llvm_prf_cnts
20000000  __stop___llvm_prf_cnts 
00000635  _c_int00_noinit_noargs 
000006df  _system_pre_init       
000006e3  abort                  
ffffffff  binit                  
000004a7  delay                  
00000000  g_pfnVectors           
000003d9  main                   


GLOBAL SYMBOLS: SORTED BY Symbol Address 

address   name                   
-------   ----                   
00000000  __TI_static_base__     
00000000  g_pfnVectors           
00000200  __STACK_SIZE           
0000026d  GPIOPadConfigSet       
000003d9  main                   
000003e1  PortF_Init             
00000443  GPIOF_Handler          
000004a7  delay                  
000004dd  IntEnable              
00000545  GPIOIntTypeSet         
0000059d  SysCtlPeripheralReady  
000005d5  SysCtlPeripheralEnable 
00000609  GPIODirModeSet         
00000635  _c_int00_noinit_noargs 
00000661  GPIOPinTypeGPIOOutput  
0000067b  GPIOPinTypeGPIOInput   
00000691  IntMasterEnable        
000006a1  GPIOIntStatus          
000006af  CPUcpsie               
000006bb  GPIOIntEnable          
000006c7  ResetISR               
000006d3  GPIOIntClear           
000006d9  GPIOPinWrite           
000006df  _system_pre_init       
000006e3  C$$EXIT                
000006e3  abort                  
20000000  __stack                
20000000  __start___llvm_prf_cnts
20000000  __stop___llvm_prf_cnts 
20000200  __STACK_END            
20000200  __STACK_TOP            
ffffffff  __TI_pprof_out_hndl    
ffffffff  __TI_prof_data_size    
ffffffff  __TI_prof_data_start   
ffffffff  __binit__              
ffffffff  __c_args__             
ffffffff  binit                  
UNDEFED   __mpu_init             

[38 symbols]
